<html>
<body>
<pre>
<h1>礦ision Build Log</h1>
<h2>Tool Versions:</h2>
IDE-Version: μVision V5.38.0.0
Copyright (C) 2022 ARM Ltd and ARM Germany GmbH. All rights reserved.
License Information: WU 克蕾雅, WU, LIC=VGXG8-35J2E-Y8RFK-ZW26S-PX1RQ-VPU0G
 
Tool Versions:
Toolchain:       MDK-ARM Plus  Version: 5.38.0.0
Toolchain Path:  D:\Keil_v5\ARM\ARMCC\Bin
C Compiler:      Armcc.exe V5.06 update 6 (build 750)
Assembler:       Armasm.exe V5.06 update 6 (build 750)
Linker/Locator:  ArmLink.exe V5.06 update 6 (build 750)
Library Manager: ArmAr.exe V5.06 update 6 (build 750)
Hex Converter:   FromElf.exe V5.06 update 6 (build 750)
CPU DLL:         SARMCM3.DLL V5.38.0.0
Dialog DLL:      DARMCM1.DLL V1.19.6.0
Target DLL:      STLink\ST-LINKIII-KEIL_SWO.dll V3.1.0.0
Dialog DLL:      TARMCM1.DLL V1.14.6.0
 
<h2>Project:</h2>
D:\迁移文件\NB产品-BC660K源代码\SN50V3-NB\v1.2.1\SN50V3-NB\MDK-ARM\NBSN95.uvprojx
Project File Date:  03/04/2024

<h2>Output:</h2>
*** Using Compiler 'V5.06 update 6 (build 750)', folder: 'D:\Keil_v5\ARM\ARMCC\Bin'
Rebuild target 'NBSN95'
assembling startup_stm32l072xx.s...
compiling timeServer.c...
compiling dma.c...
compiling adc.c...
compiling rtc.c...
compiling iwdg.c...
compiling trace.c...
..\Src\trace.c(150): warning:  #177-D: function "Trace_TxCpltCallback"  was declared but never referenced
  static void Trace_TxCpltCallback(void)
..\Src\trace.c: 1 warning, 0 errors
compiling i2c.c...
compiling stm32l0xx_it.c...
compiling gpio.c...
compiling usart.c...
compiling utilities.c...
compiling stm32l0xx_hal_msp.c...
..\Drivers\BSP\inc\ult.h(25): warning:  #1295-D: Deprecated declaration ULT_getData - give arg types
  void ULT_getData();
..\Drivers\BSP\inc\ult.h(30): warning:  #1295-D: Deprecated declaration ULT_Connection_Test - give arg types
  uint8_t ULT_Connection_Test();
..\Drivers\BSP\inc\maxsonar.h(8): warning:  #1295-D: Deprecated declaration MAXSONAR_getData - give arg types
  void MAXSONAR_getData();
../Src/stm32l0xx_hal_msp.c: 3 warnings, 0 errors
compiling hw_rtc.c...
compiling main.c...
..\Drivers\BSP\inc\ult.h(25): warning:  #1295-D: Deprecated declaration ULT_getData - give arg types
  void ULT_getData();
..\Drivers\BSP\inc\ult.h(30): warning:  #1295-D: Deprecated declaration ULT_Connection_Test - give arg types
  uint8_t ULT_Connection_Test();
..\Drivers\BSP\inc\maxsonar.h(8): warning:  #1295-D: Deprecated declaration MAXSONAR_getData - give arg types
  void MAXSONAR_getData();
../Src/main.c(88): warning:  #177-D: variable "dns_time_count"  was declared but never referenced
  static uint16_t dns_time_count = 0;			//DNS time count times
../Src/main.c: 4 warnings, 0 errors
compiling stm32l0xx_nucleo.c...
compiling low_power_manager.c...
compiling flash_eraseprogram.c...
compiling lowpower.c...
compiling queue.c...
compiling battery_read.c...
..\Drivers\BSP\inc\ult.h(25): warning:  #1295-D: Deprecated declaration ULT_getData - give arg types
  void ULT_getData();
..\Drivers\BSP\inc\ult.h(30): warning:  #1295-D: Deprecated declaration ULT_Connection_Test - give arg types
  uint8_t ULT_Connection_Test();
..\Drivers\BSP\inc\maxsonar.h(8): warning:  #1295-D: Deprecated declaration MAXSONAR_getData - give arg types
  void MAXSONAR_getData();
..\Drivers\BSP\src\battery_read.c: 3 warnings, 0 errors
compiling sht20.c...
..\Drivers\BSP\inc\ult.h(25): warning:  #1295-D: Deprecated declaration ULT_getData - give arg types
  void ULT_getData();
..\Drivers\BSP\inc\ult.h(30): warning:  #1295-D: Deprecated declaration ULT_Connection_Test - give arg types
  uint8_t ULT_Connection_Test();
..\Drivers\BSP\inc\maxsonar.h(8): warning:  #1295-D: Deprecated declaration MAXSONAR_getData - give arg types
  void MAXSONAR_getData();
..\Drivers\BSP\src\sht20.c: 3 warnings, 0 errors
compiling sht31.c...
..\Drivers\BSP\inc\ult.h(25): warning:  #1295-D: Deprecated declaration ULT_getData - give arg types
  void ULT_getData();
..\Drivers\BSP\inc\ult.h(30): warning:  #1295-D: Deprecated declaration ULT_Connection_Test - give arg types
  uint8_t ULT_Connection_Test();
..\Drivers\BSP\inc\maxsonar.h(8): warning:  #1295-D: Deprecated declaration MAXSONAR_getData - give arg types
  void MAXSONAR_getData();
..\Drivers\BSP\src\sht31.c: 3 warnings, 0 errors
compiling time_server.c...
..\Drivers\BSP\inc\ult.h(25): warning:  #1295-D: Deprecated declaration ULT_getData - give arg types
  void ULT_getData();
..\Drivers\BSP\inc\ult.h(30): warning:  #1295-D: Deprecated declaration ULT_Connection_Test - give arg types
  uint8_t ULT_Connection_Test();
..\Drivers\BSP\inc\maxsonar.h(8): warning:  #1295-D: Deprecated declaration MAXSONAR_getData - give arg types
  void MAXSONAR_getData();
..\Drivers\BSP\src\time_server.c: 3 warnings, 0 errors
compiling tiny_sscanf.c...
compiling weight.c...
..\Drivers\BSP\inc\ult.h(25): warning:  #1295-D: Deprecated declaration ULT_getData - give arg types
  void ULT_getData();
..\Drivers\BSP\inc\ult.h(30): warning:  #1295-D: Deprecated declaration ULT_Connection_Test - give arg types
  uint8_t ULT_Connection_Test();
..\Drivers\BSP\inc\maxsonar.h(8): warning:  #1295-D: Deprecated declaration MAXSONAR_getData - give arg types
  void MAXSONAR_getData();
..\Drivers\BSP\src\weight.c: 3 warnings, 0 errors
compiling ds18b20.c...
..\Drivers\BSP\inc\ult.h(25): warning:  #1295-D: Deprecated declaration ULT_getData - give arg types
  void ULT_getData();
..\Drivers\BSP\inc\ult.h(30): warning:  #1295-D: Deprecated declaration ULT_Connection_Test - give arg types
  uint8_t ULT_Connection_Test();
..\Drivers\BSP\inc\maxsonar.h(8): warning:  #1295-D: Deprecated declaration MAXSONAR_getData - give arg types
  void MAXSONAR_getData();
..\Drivers\BSP\src\ds18b20.c: 3 warnings, 0 errors
compiling at.c...
..\Drivers\BSP\inc\ult.h(25): warning:  #1295-D: Deprecated declaration ULT_getData - give arg types
  void ULT_getData();
..\Drivers\BSP\inc\ult.h(30): warning:  #1295-D: Deprecated declaration ULT_Connection_Test - give arg types
  uint8_t ULT_Connection_Test();
..\Drivers\BSP\inc\maxsonar.h(8): warning:  #1295-D: Deprecated declaration MAXSONAR_getData - give arg types
  void MAXSONAR_getData();
..\Drivers\BSP\src\at.c: 3 warnings, 0 errors
compiling common.c...
..\Drivers\BSP\inc\ult.h(25): warning:  #1295-D: Deprecated declaration ULT_getData - give arg types
  void ULT_getData();
..\Drivers\BSP\inc\ult.h(30): warning:  #1295-D: Deprecated declaration ULT_Connection_Test - give arg types
  uint8_t ULT_Connection_Test();
..\Drivers\BSP\inc\maxsonar.h(8): warning:  #1295-D: Deprecated declaration MAXSONAR_getData - give arg types
  void MAXSONAR_getData();
..\Drivers\BSP\src\common.c(769): warning:  #940-D: missing return statement at end of non-void function "is_ipv6_addr" 
  }
..\Drivers\BSP\src\common.c: 4 warnings, 0 errors
compiling ultrasound.c...
..\Drivers\BSP\inc\ult.h(25): warning:  #1295-D: Deprecated declaration ULT_getData - give arg types
  void ULT_getData();
..\Drivers\BSP\inc\ult.h(30): warning:  #1295-D: Deprecated declaration ULT_Connection_Test - give arg types
  uint8_t ULT_Connection_Test();
..\Drivers\BSP\inc\maxsonar.h(8): warning:  #1295-D: Deprecated declaration MAXSONAR_getData - give arg types
  void MAXSONAR_getData();
..\Drivers\BSP\src\ultrasound.c: 3 warnings, 0 errors
compiling ult.c...
..\Drivers\BSP\inc\maxsonar.h(8): warning:  #1295-D: Deprecated declaration MAXSONAR_getData - give arg types
  void MAXSONAR_getData();
..\Drivers\BSP\inc\ult.h(25): warning:  #1295-D: Deprecated declaration ULT_getData - give arg types
  void ULT_getData();
..\Drivers\BSP\inc\ult.h(30): warning:  #1295-D: Deprecated declaration ULT_Connection_Test - give arg types
  uint8_t ULT_Connection_Test();
..\Drivers\BSP\src\ult.c(97): warning:  #1-D: last line of file ends without a newline
  }
..\Drivers\BSP\src\ult.c: 4 warnings, 0 errors
compiling maxsonar.c...
..\Drivers\BSP\inc\ult.h(25): warning:  #1295-D: Deprecated declaration ULT_getData - give arg types
  void ULT_getData();
..\Drivers\BSP\inc\ult.h(30): warning:  #1295-D: Deprecated declaration ULT_Connection_Test - give arg types
  uint8_t ULT_Connection_Test();
..\Drivers\BSP\inc\maxsonar.h(8): warning:  #1295-D: Deprecated declaration MAXSONAR_getData - give arg types
  void MAXSONAR_getData();
..\Drivers\BSP\src\maxsonar.c(84): warning:  #1-D: last line of file ends without a newline
  }
..\Drivers\BSP\src\maxsonar.c: 4 warnings, 0 errors
compiling lidar.c...
..\Drivers\BSP\inc\ult.h(25): warning:  #1295-D: Deprecated declaration ULT_getData - give arg types
  void ULT_getData();
..\Drivers\BSP\inc\ult.h(30): warning:  #1295-D: Deprecated declaration ULT_Connection_Test - give arg types
  uint8_t ULT_Connection_Test();
..\Drivers\BSP\inc\maxsonar.h(8): warning:  #1295-D: Deprecated declaration MAXSONAR_getData - give arg types
  void MAXSONAR_getData();
..\Drivers\BSP\src\lidar.c(61): warning:  #1-D: last line of file ends without a newline
  }
..\Drivers\BSP\src\lidar.c: 4 warnings, 0 errors
compiling nb_payload.c...
..\Drivers\BSP\inc\ult.h(25): warning:  #1295-D: Deprecated declaration ULT_getData - give arg types
  void ULT_getData();
..\Drivers\BSP\inc\ult.h(30): warning:  #1295-D: Deprecated declaration ULT_Connection_Test - give arg types
  uint8_t ULT_Connection_Test();
..\Drivers\BSP\inc\maxsonar.h(8): warning:  #1295-D: Deprecated declaration MAXSONAR_getData - give arg types
  void MAXSONAR_getData();
..\Drivers\BSP\src\nb_payload.c(238): warning:  #1-D: last line of file ends without a newline
  }
..\Drivers\BSP\src\nb_payload.c: 4 warnings, 0 errors
compiling stm32l0xx_hal_adc_ex.c...
compiling nb_udp.c...
..\Drivers\BSP\inc\ult.h(25): warning:  #1295-D: Deprecated declaration ULT_getData - give arg types
  void ULT_getData();
..\Drivers\BSP\inc\ult.h(30): warning:  #1295-D: Deprecated declaration ULT_Connection_Test - give arg types
  uint8_t ULT_Connection_Test();
..\Drivers\BSP\inc\maxsonar.h(8): warning:  #1295-D: Deprecated declaration MAXSONAR_getData - give arg types
  void MAXSONAR_getData();
..\Drivers\BSP\src\nb_udp.c(219): warning:  #1-D: last line of file ends without a newline
  }
..\Drivers\BSP\src\nb_udp.c: 4 warnings, 0 errors
compiling stm32l0xx_hal.c...
compiling nb_tcp.c...
..\Drivers\BSP\inc\ult.h(25): warning:  #1295-D: Deprecated declaration ULT_getData - give arg types
  void ULT_getData();
..\Drivers\BSP\inc\ult.h(30): warning:  #1295-D: Deprecated declaration ULT_Connection_Test - give arg types
  uint8_t ULT_Connection_Test();
..\Drivers\BSP\inc\maxsonar.h(8): warning:  #1295-D: Deprecated declaration MAXSONAR_getData - give arg types
  void MAXSONAR_getData();
..\Drivers\BSP\src\nb_tcp.c(84): warning:  #177-D: variable "str_end"  was declared but never referenced
  	uint16_t str_end,str_beg=0;
..\Drivers\BSP\src\nb_tcp.c(84): warning:  #177-D: variable "str_beg"  was declared but never referenced
  	uint16_t str_end,str_beg=0;
..\Drivers\BSP\src\nb_tcp.c: 5 warnings, 0 errors
compiling nb_mqtt.c...
..\Drivers\BSP\inc\ult.h(25): warning:  #1295-D: Deprecated declaration ULT_getData - give arg types
  void ULT_getData();
..\Drivers\BSP\inc\ult.h(30): warning:  #1295-D: Deprecated declaration ULT_Connection_Test - give arg types
  uint8_t ULT_Connection_Test();
..\Drivers\BSP\inc\maxsonar.h(8): warning:  #1295-D: Deprecated declaration MAXSONAR_getData - give arg types
  void MAXSONAR_getData();
..\Drivers\BSP\src\nb_mqtt.c(579): warning:  #1-D: last line of file ends without a newline
  }
..\Drivers\BSP\src\nb_mqtt.c: 4 warnings, 0 errors
compiling stm32l0xx_hal_adc.c...
compiling nbInit.c...
..\Drivers\BSP\inc\ult.h(25): warning:  #1295-D: Deprecated declaration ULT_getData - give arg types
  void ULT_getData();
..\Drivers\BSP\inc\ult.h(30): warning:  #1295-D: Deprecated declaration ULT_Connection_Test - give arg types
  uint8_t ULT_Connection_Test();
..\Drivers\BSP\inc\maxsonar.h(8): warning:  #1295-D: Deprecated declaration MAXSONAR_getData - give arg types
  void MAXSONAR_getData();
..\Drivers\BSP\src\nbInit.c(1747): warning:  #1-D: last line of file ends without a newline
  }					
..\Drivers\BSP\src\nbInit.c: 4 warnings, 0 errors
compiling stm32l0xx_hal_i2c_ex.c...
compiling stm32l0xx_hal_i2c.c...
compiling stm32l0xx_hal_rcc.c...
compiling stm32l0xx_hal_flash_ramfunc.c...
compiling stm32l0xx_hal_rcc_ex.c...
compiling stm32l0xx_hal_flash.c...
compiling stm32l0xx_hal_pwr_ex.c...
compiling stm32l0xx_hal_flash_ex.c...
compiling stm32l0xx_hal_dma.c...
compiling stm32l0xx_hal_pwr.c...
compiling stm32l0xx_hal_gpio.c...
compiling stm32l0xx_hal_cortex.c...
compiling stm32l0xx_hal_exti.c...
compiling stm32l0xx_hal_iwdg.c...
compiling stm32l0xx_hal_uart_ex.c...
compiling stm32l0xx_hal_tim.c...
compiling stm32l0xx_hal_rtc.c...
compiling stm32l0xx_hal_rtc_ex.c...
compiling stm32l0xx_hal_tim_ex.c...
compiling system_stm32l0xx.c...
compiling stm32l0xx_hal_uart.c...
linking...
Program Size: Code=63304 RO-data=4020 RW-data=9788 ZI-data=9700  
FromELF: creating hex file...
After Build - User command #1: D:\Keil_v5\ARM\ARMCLANG\bin\fromelf.exe --bin --output=SN50V3-NB-GE.bin NBSN95\SN50V3-NB-GE.axf
"NBSN95\SN50V3-NB-GE.axf" - 0 Error(s), 69 Warning(s).

<h2>Software Packages used:</h2>

Package Vendor: ARM
                http://www.keil.com/pack/ARM.CMSIS.5.9.0.pack
                ARM.CMSIS.5.9.0
                CMSIS (Common Microcontroller Software Interface Standard)
   * Component: CORE Version: 5.6.0

Package Vendor: Keil
                http://www.keil.com/pack/Keil.STM32L0xx_DFP.2.2.0.pack
                Keil.STM32L0xx_DFP.2.2.0
                STMicroelectronics STM32L0 Series Device Support, Drivers and Examples

<h2>Collection of Component include folders:</h2>
  ./RTE/_NBSN95
  D:/Keil_v5/ARM/ARM/CMSIS/5.9.0/CMSIS/Core/Include
  D:/Keil_v5/ARM/Keil/STM32L0xx_DFP/2.2.0/Drivers/CMSIS/Device/ST/STM32L0xx/Include

<h2>Collection of Component Files used:</h2>

   * Component: ARM::CMSIS:CORE:5.6.0
Build Time Elapsed:  00:00:05
</pre>
</body>
</html>
