Component: ARM Compiler 5.06 update 6 (build 750) Tool: armlink [4d35ed]

==============================================================================

Section Cross References

    startup_stm32l072xx.o(RESET) refers to startup_stm32l072xx.o(STACK) for __initial_sp
    startup_stm32l072xx.o(RESET) refers to startup_stm32l072xx.o(.text) for Reset_Handler
    startup_stm32l072xx.o(RESET) refers to stm32l0xx_it.o(i.NMI_Handler) for NMI_Handler
    startup_stm32l072xx.o(RESET) refers to stm32l0xx_it.o(i.HardFault_Handler) for HardFault_Handler
    startup_stm32l072xx.o(RESET) refers to stm32l0xx_it.o(i.SVC_Handler) for SVC_Handler
    startup_stm32l072xx.o(RESET) refers to stm32l0xx_it.o(i.PendSV_Handler) for PendSV_Handler
    startup_stm32l072xx.o(RESET) refers to stm32l0xx_it.o(i.SysTick_Handler) for SysTick_Handler
    startup_stm32l072xx.o(RESET) refers to stm32l0xx_it.o(i.RTC_IRQHandler) for RTC_IRQHandler
    startup_stm32l072xx.o(RESET) refers to stm32l0xx_it.o(i.EXTI4_15_IRQHandler) for EXTI4_15_IRQHandler
    startup_stm32l072xx.o(RESET) refers to stm32l0xx_it.o(i.DMA1_Channel2_3_IRQHandler) for DMA1_Channel2_3_IRQHandler
    startup_stm32l072xx.o(RESET) refers to stm32l0xx_it.o(i.USART1_IRQHandler) for USART1_IRQHandler
    startup_stm32l072xx.o(RESET) refers to stm32l0xx_it.o(i.USART2_IRQHandler) for USART2_IRQHandler
    startup_stm32l072xx.o(RESET) refers to stm32l0xx_it.o(i.RNG_LPUART1_IRQHandler) for RNG_LPUART1_IRQHandler
    startup_stm32l072xx.o(.text) refers to system_stm32l0xx.o(i.SystemInit) for SystemInit
    startup_stm32l072xx.o(.text) refers to entry.o(.ARM.Collect$$$$00000000) for __main
    main.o(i.HAL_GPIO_EXTI_Callback) refers to lowpower.o(i.LPM_DisableStopMode) for LPM_DisableStopMode
    main.o(i.HAL_GPIO_EXTI_Callback) refers to nbinit.o(.data) for nb
    main.o(i.HAL_GPIO_EXTI_Callback) refers to common.o(.data) for sys
    main.o(i.HAL_GPIO_EXTI_Callback) refers to main.o(.data) for .data
    main.o(i.HAL_RTCEx_AlarmBEventCallback) refers to stm32l0xx_hal_iwdg.o(i.HAL_IWDG_Refresh) for HAL_IWDG_Refresh
    main.o(i.HAL_RTCEx_AlarmBEventCallback) refers to time_server.o(i.My_AlarmInit) for My_AlarmInit
    main.o(i.HAL_RTCEx_AlarmBEventCallback) refers to iwdg.o(.bss) for hiwdg
    main.o(i.HAL_RTCEx_AlarmBEventCallback) refers to at.o(.data) for controlMCU_flag
    main.o(i.HAL_RTCEx_AlarmBEventCallback) refers to common.o(.data) for sys
    main.o(i.HAL_RTCEx_AlarmBEventCallback) refers to main.o(.data) for .data
    main.o(i.HAL_RTCEx_AlarmBEventCallback) refers to nbinit.o(.data) for nb
    main.o(i.HAL_RTC_AlarmAEventCallback) refers to lowpower.o(i.LPM_DisableStopMode) for LPM_DisableStopMode
    main.o(i.HAL_RTC_AlarmAEventCallback) refers to at.o(.data) for controlMCU_flag
    main.o(i.HAL_RTC_AlarmAEventCallback) refers to nbinit.o(.data) for nb
    main.o(i.HAL_RTC_AlarmAEventCallback) refers to main.o(.data) for .data
    main.o(i.HAL_UART_RxCpltCallback) refers to stm32l0xx_hal_uart.o(i.HAL_UART_Receive_IT) for HAL_UART_Receive_IT
    main.o(i.HAL_UART_RxCpltCallback) refers to usart.o(.bss) for hlpuart1
    main.o(i.HAL_UART_RxCpltCallback) refers to main.o(.data) for .data
    main.o(i.HAL_UART_RxCpltCallback) refers to nbinit.o(.data) for nb
    main.o(i.HAL_UART_RxCpltCallback) refers to main.o(.bss) for .bss
    main.o(i.SystemClock_Config) refers to memseta.o(.text) for __aeabi_memclr4
    main.o(i.SystemClock_Config) refers to stm32l0xx_hal_pwr.o(i.HAL_PWR_EnableBkUpAccess) for HAL_PWR_EnableBkUpAccess
    main.o(i.SystemClock_Config) refers to stm32l0xx_hal_rcc.o(i.HAL_RCC_OscConfig) for HAL_RCC_OscConfig
    main.o(i.SystemClock_Config) refers to stm32l0xx_hal_rcc.o(i.HAL_RCC_ClockConfig) for HAL_RCC_ClockConfig
    main.o(i.SystemClock_Config) refers to stm32l0xx_hal_rcc_ex.o(i.HAL_RCCEx_PeriphCLKConfig) for HAL_RCCEx_PeriphCLKConfig
    main.o(i.USERTASK) refers to at.o(i.ATInsPro) for ATInsPro
    main.o(i.USERTASK) refers to at.o(i.rtrim) for rtrim
    main.o(i.USERTASK) refers to strcmp.o(.text) for strcmp
    main.o(i.USERTASK) refers to strlen.o(.text) for strlen
    main.o(i.USERTASK) refers to stm32l0xx_hal.o(i.HAL_GetTick) for HAL_GetTick
    main.o(i.USERTASK) refers to printfa.o(i.__0printf) for __2printf
    main.o(i.USERTASK) refers to memseta.o(.text) for __aeabi_memclr
    main.o(i.USERTASK) refers to stm32l0xx_hal_uart.o(i.HAL_UART_Transmit_DMA) for HAL_UART_Transmit_DMA
    main.o(i.USERTASK) refers to stm32l0xx_hal.o(i.HAL_Delay) for HAL_Delay
    main.o(i.USERTASK) refers to common.o(.data) for sys
    main.o(i.USERTASK) refers to main.o(.data) for .data
    main.o(i.USERTASK) refers to nbinit.o(.data) for nb
    main.o(i.USERTASK) refers to main.o(.bss) for .bss
    main.o(i.USERTASK) refers to main.o(.constdata) for .constdata
    main.o(i.USERTASK) refers to usart.o(.bss) for hlpuart1
    main.o(i.main) refers to stm32l0xx_hal.o(i.HAL_Init) for HAL_Init
[...]
    ULT_Check_Sum                            0x08006e79   Thumb Code    78  ult.o(i.ULT_Check_Sum)
    ULT_Data_processing                      0x08006ed1   Thumb Code    34  ult.o(i.ULT_Data_processing)
    ULT_Rest                                 0x08006f0d   Thumb Code    18  ult.o(i.ULT_Rest)
    ULT_distance                             0x08006f29   Thumb Code   186  ultrasound.o(i.ULT_distance)
    ULT_getData                              0x08007049   Thumb Code    12  ult.o(i.ULT_getData)
    USART1_IRQHandler                        0x08007055   Thumb Code    10  stm32l0xx_it.o(i.USART1_IRQHandler)
    USART2_IRQHandler                        0x08007065   Thumb Code    10  stm32l0xx_it.o(i.USART2_IRQHandler)
    WEIGHT_DOUT_DeInit                       0x0800720d   Thumb Code    28  weight.o(i.WEIGHT_DOUT_DeInit)
    WEIGHT_DOUT_Init                         0x0800722d   Thumb Code    50  weight.o(i.WEIGHT_DOUT_Init)
    WEIGHT_SCK_DeInit                        0x08007269   Thumb Code    30  weight.o(i.WEIGHT_SCK_DeInit)
    WEIGHT_SCK_Init                          0x08007289   Thumb Code    70  weight.o(i.WEIGHT_SCK_Init)
    __0printf                                0x080072d5   Thumb Code    24  printfa.o(i.__0printf)
    __1printf                                0x080072d5   Thumb Code     0  printfa.o(i.__0printf)
    __2printf                                0x080072d5   Thumb Code     0  printfa.o(i.__0printf)
    __c89printf                              0x080072d5   Thumb Code     0  printfa.o(i.__0printf)
    printf                                   0x080072d5   Thumb Code     0  printfa.o(i.__0printf)
    __0sprintf                               0x080072f5   Thumb Code    36  printfa.o(i.__0sprintf)
    __1sprintf                               0x080072f5   Thumb Code     0  printfa.o(i.__0sprintf)
    __2sprintf                               0x080072f5   Thumb Code     0  printfa.o(i.__0sprintf)
    __c89sprintf                             0x080072f5   Thumb Code     0  printfa.o(i.__0sprintf)
    sprintf                                  0x080072f5   Thumb Code     0  printfa.o(i.__0sprintf)
    __ARM_clz                                0x0800731d   Thumb Code    46  depilogue.o(i.__ARM_clz)
    __ARM_common_ll_muluu                    0x0800734b   Thumb Code    48  stm32l0xx_hal_rcc.o(i.__ARM_common_ll_muluu)
    __ARM_common_switch8                     0x0800737b   Thumb Code    26  stm32l0xx_hal_dma.o(i.__ARM_common_switch8)
    __aeabi_errno_addr                       0x080073f5   Thumb Code     4  errno.o(i.__aeabi_errno_addr)
    __rt_errno_addr                          0x080073f5   Thumb Code     0  errno.o(i.__aeabi_errno_addr)
    __scatterload_copy                       0x080073fd   Thumb Code    14  handlers.o(i.__scatterload_copy)
    __scatterload_null                       0x0800740b   Thumb Code     2  handlers.o(i.__scatterload_null)
    __scatterload_zeroinit                   0x0800740d   Thumb Code    14  handlers.o(i.__scatterload_zeroinit)
    at_5vt_get                               0x08007cd5   Thumb Code    30  at.o(i.at_5vt_get)
    at_5vt_set                               0x08007d0d   Thumb Code    22  at.o(i.at_5vt_set)
    at_apn_get                               0x08007d29   Thumb Code    28  at.o(i.at_apn_get)
    at_apn_set                               0x08007d5d   Thumb Code    62  at.o(i.at_apn_set)
    at_cdp_run                               0x08007da1   Thumb Code    14  at.o(i.at_cdp_run)
    at_cdp_set                               0x08007db5   Thumb Code    30  at.o(i.at_cdp_set)
    at_cfg_run                               0x08007dd9   Thumb Code    38  at.o(i.at_cfg_run)
    at_cfm_get                               0x08007e09   Thumb Code    30  at.o(i.at_cfm_get)
    at_cfm_set                               0x08007e41   Thumb Code    30  at.o(i.at_cfm_set)
    at_client_get                            0x08007e65   Thumb Code    28  at.o(i.at_client_get)
    at_client_set                            0x08007e9d   Thumb Code    62  at.o(i.at_client_set)
    at_csqtime_get                           0x08007ee1   Thumb Code    30  at.o(i.at_csqtime_get)
    at_csqtime_set                           0x08007f1d   Thumb Code    32  at.o(i.at_csqtime_set)
    at_cum_get                               0x08007f41   Thumb Code    30  at.o(i.at_cum_get)
    at_cum_set                               0x08007f79   Thumb Code    30  at.o(i.at_cum_set)
    at_deui_get                              0x08007f9d   Thumb Code    28  at.o(i.at_deui_get)
    at_deui_set                              0x08007fd5   Thumb Code    68  at.o(i.at_deui_set)
    at_disctl_get                            0x0800801d   Thumb Code    28  at.o(i.at_disctl_get)
    at_disctl_set                            0x08008051   Thumb Code    36  at.o(i.at_disctl_set)
    at_dnscfg_get                            0x08008079   Thumb Code    28  at.o(i.at_dnscfg_get)
    at_dnscfg_set                            0x080080b1   Thumb Code    86  at.o(i.at_dnscfg_set)
    at_ext_get                               0x0800810d   Thumb Code    30  at.o(i.at_ext_get)
    at_ext_set                               0x08008145   Thumb Code    22  at.o(i.at_ext_set)
    at_fband_get                             0x08008161   Thumb Code    30  at.o(i.at_fband_get)
    at_fband_set                             0x0800819d   Thumb Code    30  at.o(i.at_fband_set)
    at_fdr_run                               0x080081c1   Thumb Code    38  at.o(i.at_fdr_run)
    at_getsensorvalue_set                    0x080081f5   Thumb Code    40  at.o(i.at_getsensorvalue_set)
    at_inmod_get                             0x08008225   Thumb Code    30  at.o(i.at_inmod_get)
    at_inmod_set                             0x08008261   Thumb Code    46  at.o(i.at_inmod_set)
    at_ldata_get                             0x08008295   Thumb Code    44  at.o(i.at_ldata_get)
    at_mod_get                               0x080082e5   Thumb Code    30  at.o(i.at_mod_get)
    at_mod_set                               0x08008321   Thumb Code    72  at.o(i.at_mod_set)
    at_model_get                             0x080083e5   Thumb Code    28  at.o(i.at_model_get)
    at_pro_get                               0x08008425   Thumb Code    30  at.o(i.at_pro_get)
    at_pro_set                               0x0800845d   Thumb Code    42  at.o(i.at_pro_set)
    at_pubtopic_get                          0x0800848d   Thumb Code    28  at.o(i.at_pubtopic_get)
    at_pubtopic_set                          0x080084c9   Thumb Code    62  at.o(i.at_pubtopic_set)
    at_pwd_get                               0x0800850d   Thumb Code    28  at.o(i.at_pwd_get)
    at_pwd_set                               0x08008541   Thumb Code    62  at.o(i.at_pwd_set)
    at_pword_get                             0x08008585   Thumb Code    30  at.o(i.at_pword_get)
    at_pword_set                             0x080085c1   Thumb Code    90  at.o(i.at_pword_set)
    at_que                                   0x08008621   Thumb Code    42  at.o(i.at_que)
    at_reset_run                             0x0800865d   Thumb Code     4  at.o(i.at_reset_run)
    at_return_error                          0x08008661   Thumb Code     4  at.o(i.at_return_error)
    at_rxdl_get                              0x08008665   Thumb Code    30  at.o(i.at_rxdl_get)
    at_rxdl_set                              0x080086a1   Thumb Code    22  at.o(i.at_rxdl_set)
    at_servaddr_get                          0x080086bd   Thumb Code    68  at.o(i.at_servaddr_get)
    at_servaddr_set                          0x08008735   Thumb Code    74  at.o(i.at_servaddr_set)
    at_subtopic_get                          0x08008785   Thumb Code    28  at.o(i.at_subtopic_get)
    at_subtopic_set                          0x080087c1   Thumb Code    62  at.o(i.at_subtopic_set)
    at_tdc_get                               0x08008805   Thumb Code    30  at.o(i.at_tdc_get)
    at_tdc_set                               0x0800883d   Thumb Code    36  at.o(i.at_tdc_set)
    at_uname_get                             0x08008869   Thumb Code    28  at.o(i.at_uname_get)
    at_uname_set                             0x080088a1   Thumb Code    62  at.o(i.at_uname_set)
    at_uri_get                               0x080088e5   Thumb Code    28  at.o(i.at_uri_get)
    at_uri_set                               0x08008919   Thumb Code    62  at.o(i.at_uri_set)
    at_weight_GapValue_get                   0x0800895d   Thumb Code    50  at.o(i.at_weight_GapValue_get)
    at_weight_GapValue_set                   0x080089b1   Thumb Code   140  at.o(i.at_weight_GapValue_set)
    at_weight_get                            0x08008a45   Thumb Code    36  at.o(i.at_weight_get)
    at_weight_reset                          0x08008a79   Thumb Code    60  at.o(i.at_weight_reset)
    config_Get                               0x08008ab9   Thumb Code  1182  at.o(i.config_Get)
    config_Set                               0x08008f69   Thumb Code   818  at.o(i.config_Set)
    countchar                                0x080092cd   Thumb Code    26  common.o(i.countchar)
    createList                               0x080092e9   Thumb Code   136  common.o(i.createList)
    fputc                                    0x08009375   Thumb Code    26  usart.o(i.fputc)
    getVoltage                               0x08009395   Thumb Code    42  battery_read.o(i.getVoltage)
    hexDetection                             0x080093ed   Thumb Code    46  at.o(i.hexDetection)
    hexToint                                 0x0800941b   Thumb Code    90  common.o(i.hexToint)
    i2c_device_detection                     0x08009475   Thumb Code    74  common.o(i.i2c_device_detection)
    is_ipv4_addr                             0x0800951d   Thumb Code   118  common.o(i.is_ipv4_addr)
    led_on                                   0x080095a1   Thumb Code    44  common.o(i.led_on)
    main                                     0x080095cd   Thumb Code   374  main.o(i.main)
    malloc                                   0x08009795   Thumb Code    92  malloc.o(i.malloc)
    nb_COAP_close_get                        0x08009801   Thumb Code     6  nb_coap.o(i.nb_COAP_close_get)
    nb_COAP_close_run                        0x0800980d   Thumb Code    60  nb_coap.o(i.nb_COAP_close_run)
    nb_COAP_close_set                        0x0800984d   Thumb Code     6  nb_coap.o(i.nb_COAP_close_set)
    nb_COAP_closebc95gv_get                  0x08009859   Thumb Code     6  nb_coap.o(i.nb_COAP_closebc95gv_get)
    nb_COAP_closebc95gv_run                  0x08009865   Thumb Code    64  nb_coap.o(i.nb_COAP_closebc95gv_run)
    nb_COAP_closebc95gv_set                  0x080098a9   Thumb Code     6  nb_coap.o(i.nb_COAP_closebc95gv_set)
    nb_COAP_config_get                       0x080098b5   Thumb Code     6  nb_coap.o(i.nb_COAP_config_get)
    nb_COAP_config_run                       0x080098c1   Thumb Code    60  nb_coap.o(i.nb_COAP_config_run)
    nb_COAP_config_set                       0x08009901   Thumb Code     6  nb_coap.o(i.nb_COAP_config_set)
    nb_COAP_open_config95gv_run              0x0800990d   Thumb Code    40  nb_coap.o(i.nb_COAP_open_config95gv_run)
    nb_COAP_open_config95gv_set              0x08009939   Thumb Code   134  nb_coap.o(i.nb_COAP_open_config95gv_set)
    nb_COAP_open_get                         0x080099e5   Thumb Code     6  nb_coap.o(i.nb_COAP_open_get)
    nb_COAP_open_run                         0x080099f1   Thumb Code    66  nb_coap.o(i.nb_COAP_open_run)
    nb_COAP_open_set                         0x08009a39   Thumb Code     6  nb_coap.o(i.nb_COAP_open_set)
    nb_COAP_option95gv_get                   0x08009a45   Thumb Code     6  nb_coap.o(i.nb_COAP_option95gv_get)
    nb_COAP_option95gv_run                   0x08009a51   Thumb Code    62  nb_coap.o(i.nb_COAP_option95gv_run)
    nb_COAP_option95gv_set                   0x08009a95   Thumb Code    54  nb_coap.o(i.nb_COAP_option95gv_set)
    nb_COAP_option_get                       0x08009af1   Thumb Code     6  nb_coap.o(i.nb_COAP_option_get)
    nb_COAP_option_run                       0x08009afd   Thumb Code    64  nb_coap.o(i.nb_COAP_option_run)
    nb_COAP_option_set                       0x08009b41   Thumb Code    54  nb_coap.o(i.nb_COAP_option_set)
    nb_COAP_read_get                         0x08009b99   Thumb Code    80  nb_coap.o(i.nb_COAP_read_get)
    nb_COAP_read_run                         0x08009c21   Thumb Code    28  nb_coap.o(i.nb_COAP_read_run)
    nb_COAP_read_set                         0x08009c41   Thumb Code    16  nb_coap.o(i.nb_COAP_read_set)
    nb_COAP_send_config95gv_run              0x08009c59   Thumb Code    38  nb_coap.o(i.nb_COAP_send_config95gv_run)
    nb_COAP_send_config95gv_set              0x08009c85   Thumb Code    88  nb_coap.o(i.nb_COAP_send_config95gv_set)
    nb_COAP_send_config_run                  0x08009d0d   Thumb Code    34  nb_coap.o(i.nb_COAP_send_config_run)
    nb_COAP_send_config_set                  0x08009d35   Thumb Code    54  nb_coap.o(i.nb_COAP_send_config_set)
    nb_COAP_send_run                         0x08009d91   Thumb Code    40  nb_coap.o(i.nb_COAP_send_run)
    nb_COAP_send_set                         0x08009dbd   Thumb Code    20  nb_coap.o(i.nb_COAP_send_set)
    nb_COAP_uri95gv_run                      0x08009dd9   Thumb Code   114  nb_coap.o(i.nb_COAP_uri95gv_run)
    nb_COAP_uri_run                          0x08009edd   Thumb Code    58  nb_coap.o(i.nb_COAP_uri_run)
    nb_MQTT_close_run                        0x08009f69   Thumb Code    38  nb_mqtt.o(i.nb_MQTT_close_run)
    nb_MQTT_close_set                        0x08009f95   Thumb Code     6  nb_mqtt.o(i.nb_MQTT_close_set)
    nb_MQTT_config_set                       0x08009fa1   Thumb Code    42  nb_mqtt.o(i.nb_MQTT_config_set)
    nb_MQTT_conn_run                         0x08009fd1   Thumb Code    38  nb_mqtt.o(i.nb_MQTT_conn_run)
    nb_MQTT_conn_set                         0x08009ffd   Thumb Code   118  nb_mqtt.o(i.nb_MQTT_conn_set)
    nb_MQTT_data_read_run                    0x0800a0a1   Thumb Code     6  nb_mqtt.o(i.nb_MQTT_data_read_run)
    nb_MQTT_data_read_set                    0x0800a0ad   Thumb Code    86  nb_mqtt.o(i.nb_MQTT_data_read_set)
    nb_MQTT_open_run                         0x0800a135   Thumb Code    32  nb_mqtt.o(i.nb_MQTT_open_run)
    nb_MQTT_open_set                         0x0800a159   Thumb Code   100  nb_mqtt.o(i.nb_MQTT_open_set)
    nb_MQTT_pub_run                          0x0800a1e1   Thumb Code    34  nb_mqtt.o(i.nb_MQTT_pub_run)
    nb_MQTT_pub_set                          0x0800a209   Thumb Code    54  nb_mqtt.o(i.nb_MQTT_pub_set)
    nb_MQTT_send_run                         0x0800a265   Thumb Code    38  nb_mqtt.o(i.nb_MQTT_send_run)
    nb_MQTT_send_set                         0x0800a291   Thumb Code    20  nb_mqtt.o(i.nb_MQTT_send_set)
    nb_MQTT_sub_run                          0x0800a2ad   Thumb Code    42  nb_mqtt.o(i.nb_MQTT_sub_run)
    nb_MQTT_sub_set                          0x0800a2dd   Thumb Code    54  nb_mqtt.o(i.nb_MQTT_sub_set)
    nb_MQTT_uri_run                          0x0800a339   Thumb Code   164  nb_mqtt.o(i.nb_MQTT_uri_run)
    nb_TCP_close_get                         0x0800a475   Thumb Code     6  nb_tcp.o(i.nb_TCP_close_get)
    nb_TCP_close_run                         0x0800a481   Thumb Code    60  nb_tcp.o(i.nb_TCP_close_run)
    nb_TCP_close_set                         0x0800a4c1   Thumb Code    84  nb_tcp.o(i.nb_TCP_close_set)
    nb_TCP_conn_get                          0x0800a539   Thumb Code     6  nb_tcp.o(i.nb_TCP_conn_get)
    nb_TCP_conn_run                          0x0800a545   Thumb Code    64  nb_tcp.o(i.nb_TCP_conn_run)
    nb_TCP_conn_set                          0x0800a589   Thumb Code   102  nb_tcp.o(i.nb_TCP_conn_set)
    nb_TCP_open_get                          0x0800a619   Thumb Code    38  nb_tcp.o(i.nb_TCP_open_get)
    nb_TCP_open_run                          0x0800a64d   Thumb Code    66  nb_tcp.o(i.nb_TCP_open_run)
    nb_TCP_open_set                          0x0800a695   Thumb Code     6  nb_tcp.o(i.nb_TCP_open_set)
    nb_TCP_read_get                          0x0800a6a1   Thumb Code   108  nb_tcp.o(i.nb_TCP_read_get)
    nb_TCP_read_run                          0x0800a73d   Thumb Code    46  nb_tcp.o(i.nb_TCP_read_run)
    nb_TCP_read_set                          0x0800a775   Thumb Code    84  nb_tcp.o(i.nb_TCP_read_set)
    nb_TCP_send_run                          0x0800a7f1   Thumb Code    54  nb_tcp.o(i.nb_TCP_send_run)
    nb_TCP_send_set                          0x0800a82d   Thumb Code   108  nb_tcp.o(i.nb_TCP_send_set)
    nb_TCP_uri_run                           0x0800a8cd   Thumb Code   128  nb_tcp.o(i.nb_TCP_uri_run)
    nb_UDP_close_get                         0x0800a989   Thumb Code     6  nb_udp.o(i.nb_UDP_close_get)
    nb_UDP_close_run                         0x0800a995   Thumb Code    56  nb_udp.o(i.nb_UDP_close_run)
    nb_UDP_close_set                         0x0800a9d1   Thumb Code    84  nb_udp.o(i.nb_UDP_close_set)
    nb_UDP_open_get                          0x0800aa49   Thumb Code    38  nb_udp.o(i.nb_UDP_open_get)
    nb_UDP_open_run                          0x0800aa7d   Thumb Code    66  nb_udp.o(i.nb_UDP_open_run)
    nb_UDP_open_set                          0x0800aac5   Thumb Code     6  nb_udp.o(i.nb_UDP_open_set)
    nb_UDP_read_get                          0x0800aad1   Thumb Code   108  nb_udp.o(i.nb_UDP_read_get)
    nb_UDP_read_run                          0x0800ab6d   Thumb Code    46  nb_udp.o(i.nb_UDP_read_run)
    nb_UDP_read_set                          0x0800aba5   Thumb Code    84  nb_udp.o(i.nb_UDP_read_set)
    nb_UDP_send_run                          0x0800ac21   Thumb Code    54  nb_udp.o(i.nb_UDP_send_run)
    nb_UDP_send_set                          0x0800ac5d   Thumb Code   190  nb_udp.o(i.nb_UDP_send_set)
    nb_UDP_uri_run                           0x0800ad6d   Thumb Code    76  nb_udp.o(i.nb_UDP_uri_run)
    nb_at_run                                0x0800addd   Thumb Code    36  nbinit.o(i.nb_at_run)
    nb_at_send                               0x0800ae05   Thumb Code    94  nbinit.o(i.nb_at_send)
    nb_ate_run                               0x0800ae6d   Thumb Code    40  nbinit.o(i.nb_ate_run)
    nb_cclk2_get                             0x0800ae99   Thumb Code    70  nbinit.o(i.nb_cclk2_get)
    nb_cclk2_run                             0x0800aef9   Thumb Code    58  nbinit.o(i.nb_cclk2_run)
    nb_cclk_get                              0x0800af3d   Thumb Code    70  nbinit.o(i.nb_cclk_get)
    nb_cclk_run                              0x0800af9d   Thumb Code    60  nbinit.o(i.nb_cclk_run)
    nb_cfun_get                              0x0800afe1   Thumb Code     6  nbinit.o(i.nb_cfun_get)
    nb_cfun_run                              0x0800afed   Thumb Code    44  nbinit.o(i.nb_cfun_run)
    nb_cfun_set                              0x0800b01d   Thumb Code    40  nbinit.o(i.nb_cfun_set)
    nb_cfunoff_get                           0x0800b059   Thumb Code     6  nbinit.o(i.nb_cfunoff_get)
    nb_cfunoff_run                           0x0800b065   Thumb Code    48  nbinit.o(i.nb_cfunoff_run)
    nb_cfunoff_set                           0x0800b099   Thumb Code    40  nbinit.o(i.nb_cfunoff_set)
    nb_cgdcont_get                           0x0800b0d5   Thumb Code     6  nbinit.o(i.nb_cgdcont_get)
    nb_cgdcont_run                           0x0800b0e1   Thumb Code    44  nbinit.o(i.nb_cgdcont_run)
    nb_cgdcont_set                           0x0800b111   Thumb Code    40  nbinit.o(i.nb_cgdcont_set)
    nb_cgmm_get                              0x0800b161   Thumb Code    72  nbinit.o(i.nb_cgmm_get)
    nb_cgmm_run                              0x0800b1c9   Thumb Code    52  nbinit.o(i.nb_cgmm_run)
    nb_cgsn_get                              0x0800b201   Thumb Code    90  nbinit.o(i.nb_cgsn_get)
    nb_cimi_get                              0x0800b265   Thumb Code    90  nbinit.o(i.nb_cimi_get)
    nb_cpsms_get                             0x0800b2c9   Thumb Code     6  nbinit.o(i.nb_cpsms_get)
    nb_cpsms_run                             0x0800b2d5   Thumb Code    54  nbinit.o(i.nb_cpsms_run)
    nb_cpsms_set                             0x0800b311   Thumb Code    54  nbinit.o(i.nb_cpsms_set)
    nb_csq_get                               0x0800b379   Thumb Code   104  nbinit.o(i.nb_csq_get)
    nb_nband_get                             0x0800b3f1   Thumb Code    96  nbinit.o(i.nb_nband_get)
    nb_nband_run                             0x0800b499   Thumb Code    56  nbinit.o(i.nb_nband_run)
    nb_nband_set                             0x0800b4d5   Thumb Code    50  nbinit.o(i.nb_nband_set)
    nb_nconfig_run                           0x0800b539   Thumb Code    46  nbinit.o(i.nb_nconfig_run)
    nb_nrb2_run                              0x0800b56d   Thumb Code    46  nbinit.o(i.nb_nrb2_run)
    nb_nrb_run                               0x0800b5a1   Thumb Code    50  nbinit.o(i.nb_nrb_run)
    nb_null_run                              0x0800b5d9   Thumb Code     4  nbinit.o(i.nb_null_run)
    nb_qdns_get                              0x0800b5dd   Thumb Code   156  nbinit.o(i.nb_qdns_get)
    nb_qdns_run                              0x0800b6c5   Thumb Code    54  nbinit.o(i.nb_qdns_run)
    nb_qdns_set                              0x0800b701   Thumb Code    84  nbinit.o(i.nb_qdns_set)
    nb_qdnscfg_run                           0x0800b771   Thumb Code    54  nbinit.o(i.nb_qdnscfg_run)
    nb_qdnscfg_set                           0x0800b7ad   Thumb Code    54  nbinit.o(i.nb_qdnscfg_set)
    new_firmware_update                      0x0800b805   Thumb Code    46  common.o(i.new_firmware_update)
    printList                                0x0800b839   Thumb Code    48  common.o(i.printList)
    product_information_print                0x0800b875   Thumb Code    48  common.o(i.product_information_print)
    reboot_information_print                 0x0800b8cd   Thumb Code   130  common.o(i.reboot_information_print)
    rtrim                                    0x0800ba35   Thumb Code    38  at.o(i.rtrim)
    rxPayLoadDeal                            0x0800ba5d   Thumb Code   166  common.o(i.rxPayLoadDeal)
    sht20Data                                0x0800bb31   Thumb Code   344  sht20.o(i.sht20Data)
    sht2x_Detect                             0x0800bcf9   Thumb Code    64  sht20.o(i.sht2x_Detect)
    sht31Data                                0x0800bd41   Thumb Code   278  sht31.o(i.sht31Data)
    sht31Init                                0x0800beb9   Thumb Code    34  sht31.o(i.sht31Init)
    sht31LowPower                            0x0800bee5   Thumb Code    34  sht31.o(i.sht31LowPower)
    sht3x_Detect                             0x0800bf11   Thumb Code    64  sht31.o(i.sht3x_Detect)
    sortList                                 0x0800bf59   Thumb Code    62  common.o(i.sortList)
    stob                                     0x0800bf9d   Thumb Code    40  battery_read.o(i.stob)
    string_touint                            0x0800bfc5   Thumb Code    48  common.o(i.string_touint)
    txPayLoadDeal                            0x0800bffd   Thumb Code  1836  common.o(i.txPayLoadDeal)
    txPayLoadDeal2                           0x0800c769   Thumb Code   442  common.o(i.txPayLoadDeal2)
    uart1_Init                               0x0800c975   Thumb Code    62  usart.o(i.uart1_Init)
    uart1_IoDeInit                           0x0800c9b9   Thumb Code    56  usart.o(i.uart1_IoDeInit)
    upLink_fail_read                         0x0800c9f5   Thumb Code   250  common.o(i.upLink_fail_read)
    upLink_fail_write                        0x0800cafd   Thumb Code   720  common.o(i.upLink_fail_write)
    upLink_flash_clear                       0x0800cde5   Thumb Code    62  common.o(i.upLink_flash_clear)
    waitbusy                                 0x0800ce2d   Thumb Code    76  lidar.o(i.waitbusy)
    AHBPrescTable                            0x0800d19c   Data          16  system_stm32l0xx.o(.constdata)
    PLLMulTable                              0x0800d1ac   Data           9  system_stm32l0xx.o(.constdata)
    APBPrescTable                            0x0800d1b5   Data           8  system_stm32l0xx.o(.constdata)
    __ctype_table                            0x0800d1bd   Data         129  ctype_o.o(.constdata)
    Region$$Table$$Base                      0x0800dcb8   Number         0  anon$$obj.o(Region$$Table)
    Region$$Table$$Limit                     0x0800dcd8   Number         0  anon$$obj.o(Region$$Table)
    rxbuf_u1                                 0x20000003   Data           1  main.o(.data)
    rxlen_u1                                 0x20000004   Data           1  main.o(.data)
    join_network_flag                        0x20000009   Data           1  main.o(.data)
    join_network_time                        0x2000000a   Data           1  main.o(.data)
    join_network_timer                       0x2000000b   Data           1  main.o(.data)
    getsensorvalue_flag                      0x2000080d   Data           1  at.o(.data)
    controlMCU_flag                          0x2000080e   Data           1  at.o(.data)
    sys                                      0x20000818   Data          40  common.o(.data)
    sensor                                   0x20000840   Data          56  common.o(.data)
    PAGEError                                0x200008a0   Data           4  flash_eraseprogram.o(.data)
    data32                                   0x200008a4   Data           4  flash_eraseprogram.o(.data)
    HX711_Buffer                             0x200008a8   Data           4  weight.o(.data)
    Weight_Maopi                             0x200008ac   Data           4  weight.o(.data)
    Weight_Shiwu                             0x200008b0   Data           4  weight.o(.data)
    dns_id_flags                             0x200008b6   Data           1  nbinit.o(.data)
    tcp_flags                                0x200008b7   Data           1  nbinit.o(.data)
    bc35tobc95_flags                         0x200008b8   Data           1  nbinit.o(.data)
    nb                                       0x200010b4   Data         568  nbinit.o(.data)
    downlink_twice_flags                     0x20001ae4   Data           1  nb_udp.o(.data)
    SystemCoreClock                          0x200032d0   Data           4  system_stm32l0xx.o(.data)
    uwTickFreq                               0x200032d4   Data           1  stm32l0xx_hal.o(.data)
    uwTickPrio                               0x200032d8   Data           4  stm32l0xx_hal.o(.data)
    uwTick                                   0x200032dc   Data           4  stm32l0xx_hal.o(.data)
    __stdout                                 0x200032e0   Data           4  stdout.o(.data)
    __microlib_freelist                      0x200032e4   Data           4  mvars.o(.data)
    __microlib_freelist_initialised          0x200032e8   Data           4  mvars.o(.data)
    rxDATA_u1                                0x2000341c   Data         100  main.o(.bss)
    hadc                                     0x20003480   Data          92  adc.o(.bss)
    hi2c1                                    0x200034dc   Data          76  i2c.o(.bss)
    hiwdg                                    0x20003528   Data          16  iwdg.o(.bss)
    hlpuart1                                 0x20003538   Data         132  usart.o(.bss)
    huart1                                   0x200035bc   Data         132  usart.o(.bss)
    huart2                                   0x20003640   Data         132  usart.o(.bss)
    hdma_lpuart1_tx                          0x200036c4   Data          72  usart.o(.bss)
    hrtc                                     0x2000370c   Data          36  rtc.o(.bss)
    user                                     0x20003a78   Data         546  common.o(.bss)
    receive_data_ult                         0x200040c0   Data         210  maxsonar.o(.bss)
    pFlash                                   0x20004888   Data          24  stm32l0xx_hal_flash.o(.bss)
    __heap_base                              0x200048a0   Data           0  startup_stm32l072xx.o(HEAP)
    __heap_limit                             0x20004aa0   Data           0  startup_stm32l072xx.o(HEAP)
    __initial_sp                             0x20004ea0   Data           0  startup_stm32l072xx.o(STACK)



==============================================================================

Memory Map of the image

  Image Entry point : 0x080000c1

  Load Region LR_IROM1 (Base: 0x08000000, Size: 0x00010fc8, Max: 0x00030000, ABSOLUTE, COMPRESSED[0x0000eed0])

    Execution Region ER_IROM1 (Exec base: 0x08000000, Load base: 0x08000000, Size: 0x0000dcd8, Max: 0x00030000, ABSOLUTE)

    Exec Addr    Load Addr    Size         Type   Attr      Idx    E Section Name        Object

    0x08000000   0x08000000   0x000000c0   Data   RO            3    RESET               startup_stm32l072xx.o
    0x080000c0   0x080000c0   0x00000000   Code   RO         5435  * .ARM.Collect$$$$00000000  mc_p.l(entry.o)
    0x080000c0   0x080000c0   0x00000004   Code   RO         5820    .ARM.Collect$$$$00000001  mc_p.l(entry2.o)
    0x080000c4   0x080000c4   0x00000004   Code   RO         5823    .ARM.Collect$$$$00000004  mc_p.l(entry5.o)
    0x080000c8   0x080000c8   0x00000000   Code   RO         5825    .ARM.Collect$$$$00000008  mc_p.l(entry7b.o)
    0x080000c8   0x080000c8   0x00000000   Code   RO         5827    .ARM.Collect$$$$0000000A  mc_p.l(entry8b.o)
    0x080000c8   0x080000c8   0x00000008   Code   RO         5828    .ARM.Collect$$$$0000000B  mc_p.l(entry9a.o)
    0x080000d0   0x080000d0   0x00000000   Code   RO         5830    .ARM.Collect$$$$0000000D  mc_p.l(entry10a.o)
    0x080000d0   0x080000d0   0x00000000   Code   RO         5832    .ARM.Collect$$$$0000000F  mc_p.l(entry11a.o)
    0x080000d0   0x080000d0   0x00000004   Code   RO         5821    .ARM.Collect$$$$00002712  mc_p.l(entry2.o)
    0x080000d4   0x080000d4   0x0000001c   Code   RO            4    .text               startup_stm32l072xx.o
    0x080000f0   0x080000f0   0x0000002c   Code   RO         5438    .text               mc_p.l(uidiv.o)
    0x0800011c   0x0800011c   0x00000028   Code   RO         5440    .text               mc_p.l(idiv.o)
    0x08000144   0x08000144   0x00000060   Code   RO         5442    .text               mc_p.l(uldiv.o)
    0x080001a4   0x080001a4   0x00000008   Code   RO         5444    .text               mc_p.l(ctype_o.o)
    0x080001ac   0x080001ac   0x0000000c   Code   RO         5472    .text               mc_p.l(toupper.o)
    0x080001b8   0x080001b8   0x0000000c   Code   RO         5474    .text               mc_p.l(tolower.o)
    0x080001c4   0x080001c4   0x0000008c   Code   RO         5476    .text               mc_p.l(mktime.o)
    0x08000250   0x08000250   0x00000024   Code   RO         5479    .text               mc_p.l(memcpya.o)
    0x08000274   0x08000274   0x00000024   Code   RO         5481    .text               mc_p.l(memseta.o)
    0x08000298   0x08000298   0x00000018   Code   RO         5483    .text               mc_p.l(strcat.o)
    0x080002b0   0x080002b0   0x00000028   Code   RO         5485    .text               mc_p.l(strstr.o)
    0x080002d8   0x080002d8   0x0000001a   Code   RO         5487    .text               mc_p.l(strncpy.o)
    0x080002f2   0x080002f2   0x00000014   Code   RO         5489    .text               mc_p.l(strchr.o)
    0x08000306   0x08000306   0x0000000e   Code   RO         5491    .text               mc_p.l(strlen.o)
    0x08000314   0x08000314   0x0000001c   Code   RO         5493    .text               mc_p.l(strcmp.o)
    0x08000330   0x08000330   0x00000020   Code   RO         5495    .text               mc_p.l(strrchr.o)
    0x08000350   0x08000350   0x00000014   Code   RO         5788    .text               mc_p.l(uread4.o)
    0x08000364   0x08000364   0x0000001a   Code   RO         5790    .text               mc_p.l(atoi.o)
    0x0800037e   0x0800037e   0x0000007a   Code   RO         5792    .text               mf_p.l(fmul.o)
    0x080003f8   0x080003f8   0x0000007c   Code   RO         5794    .text               mf_p.l(fdiv.o)
    0x08000474   0x08000474   0x00000164   Code   RO         5796    .text               mf_p.l(dadd.o)
    0x080005d8   0x080005d8   0x000000d0   Code   RO         5798    .text               mf_p.l(dmul.o)
    0x080006a8   0x080006a8   0x000000f0   Code   RO         5800    .text               mf_p.l(ddiv.o)
    0x08000798   0x08000798   0x0000002c   Code   RO         5802    .text               mf_p.l(dscalb.o)
    0x080007c4   0x080007c4   0x00000016   Code   RO         5804    .text               mf_p.l(fflti.o)
    0x080007da   0x080007da   0x0000000e   Code   RO         5806    .text               mf_p.l(ffltui.o)
    0x080007e8   0x080007e8   0x00000028   Code   RO         5808    .text               mf_p.l(dflti.o)
    0x08000810   0x08000810   0x0000001c   Code   RO         5810    .text               mf_p.l(dfltui.o)
    0x0800082c   0x0800082c   0x00000032   Code   RO         5812    .text               mf_p.l(ffixi.o)
    0x0800085e   0x0800085e   0x00000028   Code   RO         5814    .text               mf_p.l(ffixui.o)
    0x08000886   0x08000886   0x00000028   Code   RO         5816    .text               mf_p.l(f2d.o)
    0x080008ae   0x080008ae   0x00000038   Code   RO         5818    .text               mf_p.l(d2f.o)
    0x080008e6   0x080008e6   0x00000020   Code   RO         5835    .text               mc_p.l(llshl.o)
    0x08000906   0x08000906   0x00000022   Code   RO         5837    .text               mc_p.l(llushr.o)
    0x08000928   0x08000928   0x00000026   Code   RO         5839    .text               mc_p.l(llsshr.o)
    0x0800094e   0x0800094e   0x00000002   PAD
    0x08000950   0x08000950   0x00000074   Code   RO         5844    .text               mc_p.l(localtime_i.o)
    0x080009c4   0x080009c4   0x00000070   Code   RO         5856    .text               mc_p.l(strtol.o)
    0x08000a34   0x08000a34   0x00000000   Code   RO         5858    .text               mc_p.l(iusefp.o)
    0x08000a34   0x08000a34   0x00000082   Code   RO         5859    .text               mf_p.l(fepilogue.o)
    0x08000ab6   0x08000ab6   0x000000be   Code   RO         5861    .text               mf_p.l(depilogue.o)
    0x08000b74   0x08000b74   0x00000040   Code   RO         5865    .text               mf_p.l(dfixul.o)
    0x08000bb4   0x08000bb4   0x00000028   Code   RO         5867    .text               mf_p.l(cdrcmple.o)
    0x08000bdc   0x08000bdc   0x00000024   Code   RO         5869    .text               mc_p.l(init.o)
    0x08000c00   0x08000c00   0x000000a6   Code   RO         5871    .text               mc_p.l(_strtoul.o)
    0x08000ca6   0x08000ca6   0x0000001e   Code   RO         5873    .text               mc_p.l(_chval.o)
    0x08000cc4   0x08000cc4   0x00000056   Code   RO         5883    .text               mc_p.l(__dczerorl2.o)
    0x08000d1a   0x08000d1a   0x00000002   PAD
    0x08000d1c   0x08000d1c   0x0000011c   Code   RO         1093    i.ADCModel          battery_read.o
    0x08000e38   0x08000e38   0x00000024   Code   RO         2615    i.ADC_DelayMicroSecond  stm32l0xx_hal_adc.o
    0x08000e5c   0x08000e5c   0x00000064   Code   RO         2617    i.ADC_Enable        stm32l0xx_hal_adc.o
    0x08000ec0   0x08000ec0   0x000000dc   Code   RO          658    i.ATInsPro          at.o
    0x08000f9c   0x08000f9c   0x00000010   Code   RO          554    i.DMA1_Channel2_3_IRQHandler  stm32l0xx_it.o
    0x08000fac   0x08000fac   0x0000002c   Code   RO         4113    i.DMA_SetConfig     stm32l0xx_hal_dma.o
    0x08000fd8   0x08000fd8   0x0000010c   Code   RO         1395    i.DS18B20_GetTemp_SkipRom  ds18b20.o
    0x080010e4   0x080010e4   0x00000074   Code   RO         1396    i.DS18B20_IoDeInit  ds18b20.o
    0x08001158   0x08001158   0x00000074   Code   RO         1397    i.DS18B20_Mode_IPU  ds18b20.o
    0x080011cc   0x080011cc   0x00000070   Code   RO         1398    i.DS18B20_Mode_Out_PP  ds18b20.o
    0x0800123c   0x0800123c   0x00000108   Code   RO         1399    i.DS18B20_Presence  ds18b20.o
    0x08001344   0x08001344   0x00000098   Code   RO         1400    i.DS18B20_ReadBit   ds18b20.o
    0x080013dc   0x080013dc   0x00000020   Code   RO         1401    i.DS18B20_ReadByte  ds18b20.o
    0x080013fc   0x080013fc   0x00000074   Code   RO         1402    i.DS18B20_Rst       ds18b20.o
    0x08001470   0x08001470   0x00000018   Code   RO         1403    i.DS18B20_SkipRom   ds18b20.o
    0x08001488   0x08001488   0x00000134   Code   RO         1405    i.DS18B20_WriteByte  ds18b20.o
    0x080015bc   0x080015bc   0x00000016   Code   RO         1406    i.DS18B20_delay     ds18b20.o
    0x080015d2   0x080015d2   0x00000014   Code   RO          555    i.EXTI4_15_IRQHandler  stm32l0xx_it.o
    0x080015e6   0x080015e6   0x00000002   PAD
    0x080015e8   0x080015e8   0x0000010c   Code   RO         1131    i.EX_GPIO_Init      common.o
    0x080016f4   0x080016f4   0x00000002   Code   RO           12    i.Error_Handler     main.o
    0x080016f6   0x080016f6   0x00000002   PAD
    0x080016f8   0x080016f8   0x0000002c   Code   RO         3943    i.FLASH_PageErase   stm32l0xx_hal_flash_ex.o
    0x08001724   0x08001724   0x00000090   Code   RO         3845    i.FLASH_SetErrorCode  stm32l0xx_hal_flash.o
    0x080017b4   0x080017b4   0x00000070   Code   RO         3846    i.FLASH_WaitForLastOperation  stm32l0xx_hal_flash.o
    0x08001824   0x08001824   0x00000058   Code   RO         1298    i.FLASH_erase       flash_eraseprogram.o
    0x0800187c   0x0800187c   0x00000074   Code   RO         1299    i.FLASH_program     flash_eraseprogram.o
    0x080018f0   0x080018f0   0x00000010   Code   RO         1300    i.FLASH_read        flash_eraseprogram.o
    0x08001900   0x08001900   0x0000003c   Code   RO         1568    i.GPIO_ULT_INPUT_DeInit  ultrasound.o
    0x0800193c   0x0800193c   0x00000038   Code   RO         1569    i.GPIO_ULT_INPUT_Init  ultrasound.o
    0x08001974   0x08001974   0x0000003c   Code   RO         1570    i.GPIO_ULT_OUTPUT_DeInit  ultrasound.o
    0x080019b0   0x080019b0   0x00000040   Code   RO         1571    i.GPIO_ULT_OUTPUT_Init  ultrasound.o
    0x080019f0   0x080019f0   0x000000a4   Code   RO         1360    i.GetTick           time_server.o
    0x08001a94   0x08001a94   0x00000010   Code   RO         1612    i.Get_Maopi         weight.o
    0x08001aa4   0x08001aa4   0x00000048   Code   RO         1613    i.Get_Weight        weight.o
    0x08001aec   0x08001aec   0x000000aa   Code   RO         2794    i.HAL_ADCEx_Calibration_Start  stm32l0xx_hal_adc_ex.o
    0x08001b96   0x08001b96   0x00000002   PAD
    0x08001b98   0x08001b98   0x00000094   Code   RO         2619    i.HAL_ADC_ConfigChannel  stm32l0xx_hal_adc.o
    0x08001c2c   0x08001c2c   0x00000006   Code   RO         2626    i.HAL_ADC_GetValue  stm32l0xx_hal_adc.o
    0x08001c32   0x08001c32   0x00000002   PAD
    0x08001c34   0x08001c34   0x000001c8   Code   RO         2628    i.HAL_ADC_Init      stm32l0xx_hal_adc.o
    0x08001dfc   0x08001dfc   0x0000001c   Code   RO          305    i.HAL_ADC_MspInit   adc.o
    0x08001e18   0x08001e18   0x000000c0   Code   RO         2632    i.HAL_ADC_PollForConversion  stm32l0xx_hal_adc.o
    0x08001ed8   0x08001ed8   0x0000005c   Code   RO         2634    i.HAL_ADC_Start     stm32l0xx_hal_adc.o
    0x08001f34   0x08001f34   0x00000044   Code   RO         4114    i.HAL_DMA_Abort     stm32l0xx_hal_dma.o
    0x08001f78   0x08001f78   0x0000004c   Code   RO         4115    i.HAL_DMA_Abort_IT  stm32l0xx_hal_dma.o
    0x08001fc4   0x08001fc4   0x000000a8   Code   RO         4119    i.HAL_DMA_IRQHandler  stm32l0xx_hal_dma.o
    0x0800206c   0x0800206c   0x00000090   Code   RO         4120    i.HAL_DMA_Init      stm32l0xx_hal_dma.o
    0x080020fc   0x080020fc   0x00000068   Code   RO         4124    i.HAL_DMA_Start_IT  stm32l0xx_hal_dma.o
    0x08002164   0x08002164   0x00000024   Code   RO         2857    i.HAL_Delay         stm32l0xx_hal.o
    0x08002188   0x08002188   0x00000014   Code   RO         3949    i.HAL_FLASHEx_DATAEEPROM_Lock  stm32l0xx_hal_flash_ex.o
    0x0800219c   0x0800219c   0x00000054   Code   RO         3950    i.HAL_FLASHEx_DATAEEPROM_Program  stm32l0xx_hal_flash_ex.o
    0x080021f0   0x080021f0   0x00000034   Code   RO         3951    i.HAL_FLASHEx_DATAEEPROM_Unlock  stm32l0xx_hal_flash_ex.o
    0x08002224   0x08002224   0x00000078   Code   RO         3952    i.HAL_FLASHEx_Erase  stm32l0xx_hal_flash_ex.o
    0x0800229c   0x0800229c   0x0000000c   Code   RO         3848    i.HAL_FLASH_GetError  stm32l0xx_hal_flash.o
    0x080022a8   0x080022a8   0x0000001c   Code   RO         3850    i.HAL_FLASH_Lock    stm32l0xx_hal_flash.o
    0x080022c4   0x080022c4   0x0000003c   Code   RO         3855    i.HAL_FLASH_Program  stm32l0xx_hal_flash.o
    0x08002300   0x08002300   0x0000005c   Code   RO         3857    i.HAL_FLASH_Unlock  stm32l0xx_hal_flash.o
    0x0800235c   0x0800235c   0x00000064   Code   RO           13    i.HAL_GPIO_EXTI_Callback  main.o
    0x080023c0   0x080023c0   0x00000018   Code   RO         4053    i.HAL_GPIO_EXTI_IRQHandler  stm32l0xx_hal_gpio.o
    0x080023d8   0x080023d8   0x00000184   Code   RO         4054    i.HAL_GPIO_Init     stm32l0xx_hal_gpio.o
    0x0800255c   0x0800255c   0x0000000a   Code   RO         4056    i.HAL_GPIO_ReadPin  stm32l0xx_hal_gpio.o
    0x08002566   0x08002566   0x0000000c   Code   RO         4058    i.HAL_GPIO_WritePin  stm32l0xx_hal_gpio.o
    0x08002572   0x08002572   0x00000002   PAD
    0x08002574   0x08002574   0x0000000c   Code   RO         2861    i.HAL_GetTick       stm32l0xx_hal.o
    0x08002580   0x08002580   0x0000004a   Code   RO         3512    i.HAL_I2CEx_ConfigAnalogFilter  stm32l0xx_hal_i2c_ex.o
    0x080025ca   0x080025ca   0x00000048   Code   RO         3513    i.HAL_I2CEx_ConfigDigitalFilter  stm32l0xx_hal_i2c_ex.o
    0x08002612   0x08002612   0x00000002   PAD
    0x08002614   0x08002614   0x000000b4   Code   RO         3065    i.HAL_I2C_Init      stm32l0xx_hal_i2c.o
    0x080026c8   0x080026c8   0x00000110   Code   RO         3071    i.HAL_I2C_Master_Receive  stm32l0xx_hal_i2c.o
    0x080027d8   0x080027d8   0x00000110   Code   RO         3078    i.HAL_I2C_Master_Transmit  stm32l0xx_hal_i2c.o
    0x080028e8   0x080028e8   0x00000154   Code   RO         3083    i.HAL_I2C_Mem_Read  stm32l0xx_hal_i2c.o
    0x08002a3c   0x08002a3c   0x0000014c   Code   RO         3086    i.HAL_I2C_Mem_Write  stm32l0xx_hal_i2c.o
    0x08002b88   0x08002b88   0x0000005c   Code   RO          363    i.HAL_I2C_MspInit   i2c.o
    0x08002be4   0x08002be4   0x00000064   Code   RO         4558    i.HAL_IWDG_Init     stm32l0xx_hal_iwdg.o
    0x08002c48   0x08002c48   0x00000010   Code   RO         4559    i.HAL_IWDG_Refresh  stm32l0xx_hal_iwdg.o
    0x08002c58   0x08002c58   0x00000010   Code   RO         2867    i.HAL_IncTick       stm32l0xx_hal.o
    0x08002c68   0x08002c68   0x00000028   Code   RO         2868    i.HAL_Init          stm32l0xx_hal.o
    0x08002c90   0x08002c90   0x00000044   Code   RO         2869    i.HAL_InitTick      stm32l0xx_hal.o
    0x08002cd4   0x08002cd4   0x00000018   Code   RO          638    i.HAL_MspInit       stm32l0xx_hal_msp.o
    0x08002cec   0x08002cec   0x00000018   Code   RO         4383    i.HAL_NVIC_EnableIRQ  stm32l0xx_hal_cortex.o
    0x08002d04   0x08002d04   0x00000008   Code   RO         4387    i.HAL_NVIC_SetPriority  stm32l0xx_hal_cortex.o
    0x08002d0c   0x08002d0c   0x00000010   Code   RO         4325    i.HAL_PWREx_EnableFastWakeUp  stm32l0xx_hal_pwr_ex.o
    0x08002d1c   0x08002d1c   0x00000010   Code   RO         4327    i.HAL_PWREx_EnableUltraLowPower  stm32l0xx_hal_pwr_ex.o
    0x08002d2c   0x08002d2c   0x00000010   Code   RO         4213    i.HAL_PWR_EnableBkUpAccess  stm32l0xx_hal_pwr.o
    0x08002d3c   0x08002d3c   0x00000064   Code   RO         4220    i.HAL_PWR_EnterSTOPMode  stm32l0xx_hal_pwr.o
    0x08002da0   0x08002da0   0x0000018c   Code   RO         3674    i.HAL_RCCEx_PeriphCLKConfig  stm32l0xx_hal_rcc_ex.o
    0x08002f2c   0x08002f2c   0x0000019c   Code   RO         3563    i.HAL_RCC_ClockConfig  stm32l0xx_hal_rcc.o
    0x080030c8   0x080030c8   0x00000020   Code   RO         3569    i.HAL_RCC_GetPCLK1Freq  stm32l0xx_hal_rcc.o
    0x080030e8   0x080030e8   0x00000020   Code   RO         3570    i.HAL_RCC_GetPCLK2Freq  stm32l0xx_hal_rcc.o
    0x08003108   0x08003108   0x00000078   Code   RO         3571    i.HAL_RCC_GetSysClockFreq  stm32l0xx_hal_rcc.o
    0x08003180   0x08003180   0x0000049e   Code   RO         3574    i.HAL_RCC_OscConfig  stm32l0xx_hal_rcc.o
    0x0800361e   0x0800361e   0x00000002   PAD
    0x08003620   0x08003620   0x0000010c   Code   RO           14    i.HAL_RTCEx_AlarmBEventCallback  main.o
    0x0800372c   0x0800372c   0x0000000c   Code   RO         5186    i.HAL_RTCEx_BKUPRead  stm32l0xx_hal_rtc_ex.o
    0x08003738   0x08003738   0x0000000c   Code   RO         5187    i.HAL_RTCEx_BKUPWrite  stm32l0xx_hal_rtc_ex.o
    0x08003744   0x08003744   0x00000040   Code   RO           15    i.HAL_RTC_AlarmAEventCallback  main.o
    0x08003784   0x08003784   0x00000060   Code   RO         5053    i.HAL_RTC_AlarmIRQHandler  stm32l0xx_hal_rtc.o
    0x080037e4   0x080037e4   0x000000b8   Code   RO         5055    i.HAL_RTC_DeactivateAlarm  stm32l0xx_hal_rtc.o
    0x0800389c   0x0800389c   0x00000044   Code   RO         5057    i.HAL_RTC_GetDate   stm32l0xx_hal_rtc.o
    0x080038e0   0x080038e0   0x0000005c   Code   RO         5059    i.HAL_RTC_GetTime   stm32l0xx_hal_rtc.o
    0x0800393c   0x0800393c   0x000000bc   Code   RO         5060    i.HAL_RTC_Init      stm32l0xx_hal_rtc.o
    0x080039f8   0x080039f8   0x00000030   Code   RO          502    i.HAL_RTC_MspInit   rtc.o
    0x08003a28   0x08003a28   0x00000190   Code   RO         5065    i.HAL_RTC_SetAlarm_IT  stm32l0xx_hal_rtc.o
    0x08003bb8   0x08003bb8   0x000000c4   Code   RO         5066    i.HAL_RTC_SetDate   stm32l0xx_hal_rtc.o
    0x08003c7c   0x08003c7c   0x000000e8   Code   RO         5067    i.HAL_RTC_SetTime   stm32l0xx_hal_rtc.o
    0x08003d64   0x08003d64   0x00000034   Code   RO         5068    i.HAL_RTC_WaitForSynchro  stm32l0xx_hal_rtc.o
    0x08003d98   0x08003d98   0x00000010   Code   RO         2872    i.HAL_ResumeTick    stm32l0xx_hal.o
    0x08003da8   0x08003da8   0x00000030   Code   RO         4391    i.HAL_SYSTICK_Config  stm32l0xx_hal_cortex.o
    0x08003dd8   0x08003dd8   0x00000010   Code   RO         2878    i.HAL_SuspendTick   stm32l0xx_hal.o
    0x08003de8   0x08003de8   0x00000022   Code   RO         4977    i.HAL_UARTEx_EnableStopMode  stm32l0xx_hal_uart_ex.o
    0x08003e0a   0x08003e0a   0x00000002   Code   RO         4593    i.HAL_UARTEx_RxEventCallback  stm32l0xx_hal_uart.o
    0x08003e0c   0x08003e0c   0x00000098   Code   RO         4981    i.HAL_UARTEx_StopModeWakeUpSourceConfig  stm32l0xx_hal_uart_ex.o
    0x08003ea4   0x08003ea4   0x00000002   Code   RO         4982    i.HAL_UARTEx_WakeupCallback  stm32l0xx_hal_uart_ex.o
    0x08003ea6   0x08003ea6   0x00000002   Code   RO         4609    i.HAL_UART_ErrorCallback  stm32l0xx_hal_uart.o
    0x08003ea8   0x08003ea8   0x00000220   Code   RO         4612    i.HAL_UART_IRQHandler  stm32l0xx_hal_uart.o
    0x080040c8   0x080040c8   0x0000006a   Code   RO         4613    i.HAL_UART_Init     stm32l0xx_hal_uart.o
    0x08004132   0x08004132   0x00000002   PAD
    0x08004134   0x08004134   0x00000130   Code   RO          427    i.HAL_UART_MspInit  usart.o
    0x08004264   0x08004264   0x00000110   Code   RO         4616    i.HAL_UART_Receive  stm32l0xx_hal_uart.o
    0x08004374   0x08004374   0x00000060   Code   RO         4618    i.HAL_UART_Receive_IT  stm32l0xx_hal_uart.o
    0x080043d4   0x080043d4   0x0000009c   Code   RO           16    i.HAL_UART_RxCpltCallback  main.o
    0x08004470   0x08004470   0x000000d2   Code   RO         4622    i.HAL_UART_Transmit  stm32l0xx_hal_uart.o
    0x08004542   0x08004542   0x00000002   PAD
    0x08004544   0x08004544   0x000000b0   Code   RO         4623    i.HAL_UART_Transmit_DMA  stm32l0xx_hal_uart.o
    0x080045f4   0x080045f4   0x00000002   Code   RO         4625    i.HAL_UART_TxCpltCallback  stm32l0xx_hal_uart.o
    0x080045f6   0x080045f6   0x00000002   Code   RO         4626    i.HAL_UART_TxHalfCpltCallback  stm32l0xx_hal_uart.o
    0x080045f8   0x080045f8   0x00000084   Code   RO         1094    i.HW_AdcReadChannel  battery_read.o
    0x0800467c   0x0800467c   0x00000054   Code   RO         1614    i.HW_GPIO_Init      weight.o
    0x080046d0   0x080046d0   0x00000080   Code   RO         1615    i.HX711_Read        weight.o
    0x08004750   0x08004750   0x00000002   Code   RO          556    i.HardFault_Handler  stm32l0xx_it.o
    0x08004752   0x08004752   0x00000022   Code   RO         3112    i.I2C_Flush_TXDR    stm32l0xx_hal_i2c.o
    0x08004774   0x08004774   0x00000070   Code   RO         3120    i.I2C_IsAcknowledgeFailed  stm32l0xx_hal_i2c.o
    0x080047e4   0x080047e4   0x00000060   Code   RO         3123    i.I2C_RequestMemoryRead  stm32l0xx_hal_i2c.o
    0x08004844   0x08004844   0x00000060   Code   RO         3124    i.I2C_RequestMemoryWrite  stm32l0xx_hal_i2c.o
    0x080048a4   0x080048a4   0x00000028   Code   RO         3127    i.I2C_TransferConfig  stm32l0xx_hal_i2c.o
    0x080048cc   0x080048cc   0x0000004e   Code   RO         3129    i.I2C_WaitOnFlagUntilTimeout  stm32l0xx_hal_i2c.o
    0x0800491a   0x0800491a   0x00000002   PAD
    0x0800491c   0x0800491c   0x00000080   Code   RO         3130    i.I2C_WaitOnRXNEFlagUntilTimeout  stm32l0xx_hal_i2c.o
    0x0800499c   0x0800499c   0x0000004c   Code   RO         3131    i.I2C_WaitOnSTOPFlagUntilTimeout  stm32l0xx_hal_i2c.o
    0x080049e8   0x080049e8   0x00000050   Code   RO         3132    i.I2C_WaitOnTXISFlagUntilTimeout  stm32l0xx_hal_i2c.o
    0x08004a38   0x08004a38   0x0000005a   Code   RO         1132    i.Int2String        common.o
    0x08004a92   0x08004a92   0x00000002   PAD
    0x08004a94   0x08004a94   0x00000010   Code   RO         1334    i.LPM_DisableStopMode  lowpower.o
    0x08004aa4   0x08004aa4   0x00000048   Code   RO         1335    i.LPM_EnterStopMode  lowpower.o
    0x08004aec   0x08004aec   0x0000011c   Code   RO         1479    i.LidarLite         lidar.o
    0x08004c08   0x08004c08   0x00000028   Code   RO         1133    i.List_Init         common.o
    0x08004c30   0x08004c30   0x00000084   Code   RO         1742    i.MAXSONAR_Data_processing  maxsonar.o
    0x08004cb4   0x08004cb4   0x0000001c   Code   RO         1745    i.MAXSONAR_Rest     maxsonar.o
    0x08004cd0   0x08004cd0   0x0000001c   Code   RO         1746    i.MAXSONAR_getData  maxsonar.o
    0x08004cec   0x08004cec   0x00000070   Code   RO          306    i.MX_ADC_Init       adc.o
    0x08004d5c   0x08004d5c   0x00000028   Code   RO          342    i.MX_DMA_Init       dma.o
    0x08004d84   0x08004d84   0x00000104   Code   RO          281    i.MX_GPIO_Init      gpio.o
    0x08004e88   0x08004e88   0x00000058   Code   RO          364    i.MX_I2C1_Init      i2c.o
    0x08004ee0   0x08004ee0   0x0000002c   Code   RO          400    i.MX_IWDG_Init      iwdg.o
    0x08004f0c   0x08004f0c   0x00000044   Code   RO          428    i.MX_LPUART1_UART_Init  usart.o
    0x08004f50   0x08004f50   0x00000038   Code   RO          429    i.MX_USART1_UART_Init  usart.o
    0x08004f88   0x08004f88   0x00000044   Code   RO          430    i.MX_USART2_UART_Init  usart.o
    0x08004fcc   0x08004fcc   0x000000f8   Code   RO         1361    i.My_AlarmInit      time_server.o
    0x080050c4   0x080050c4   0x00000014   Code   RO          431    i.My_UARTEx_StopModeWakeUp  usart.o
    0x080050d8   0x080050d8   0x00001478   Code   RO         1799    i.NBTASK            nbinit.o
    0x08006550   0x08006550   0x00000002   Code   RO          557    i.NMI_Handler       stm32l0xx_it.o
    0x08006552   0x08006552   0x00000002   Code   RO          558    i.PendSV_Handler    stm32l0xx_it.o
    0x08006554   0x08006554   0x00000010   Code   RO          559    i.RNG_LPUART1_IRQHandler  stm32l0xx_it.o
    0x08006564   0x08006564   0x00000010   Code   RO         5069    i.RTC_Bcd2ToByte    stm32l0xx_hal_rtc.o
    0x08006574   0x08006574   0x00000018   Code   RO         5070    i.RTC_ByteToBcd2    stm32l0xx_hal_rtc.o
    0x0800658c   0x0800658c   0x0000011c   Code   RO          504    i.RTC_CLK_Config    rtc.o
    0x080066a8   0x080066a8   0x00000038   Code   RO         5071    i.RTC_EnterInitMode  stm32l0xx_hal_rtc.o
    0x080066e0   0x080066e0   0x00000010   Code   RO          560    i.RTC_IRQHandler    stm32l0xx_it.o
    0x080066f0   0x080066f0   0x00000002   Code   RO          561    i.SVC_Handler       stm32l0xx_it.o
    0x080066f2   0x080066f2   0x0000004a   Code   RO         1134    i.StrToHex          common.o
    0x0800673c   0x0800673c   0x00000008   Code   RO          562    i.SysTick_Handler   stm32l0xx_it.o
    0x08006744   0x08006744   0x0000009c   Code   RO           17    i.SystemClock_Config  main.o
    0x080067e0   0x080067e0   0x00000054   Code   RO         2578    i.SystemInit        system_stm32l0xx.o
    0x08006834   0x08006834   0x000000ca   Code   RO         4627    i.UART_AdvFeatureConfig  stm32l0xx_hal_uart.o
    0x080068fe   0x080068fe   0x00000002   PAD
    0x08006900   0x08006900   0x00000064   Code   RO         4628    i.UART_CheckIdleState  stm32l0xx_hal_uart.o
    0x08006964   0x08006964   0x00000014   Code   RO         4629    i.UART_DMAAbortOnError  stm32l0xx_hal_uart.o
    0x08006978   0x08006978   0x0000004c   Code   RO         4630    i.UART_DMAError     stm32l0xx_hal_uart.o
    0x080069c4   0x080069c4   0x00000030   Code   RO         4635    i.UART_DMATransmitCplt  stm32l0xx_hal_uart.o
    0x080069f4   0x080069f4   0x0000000a   Code   RO         4637    i.UART_DMATxHalfCplt  stm32l0xx_hal_uart.o
    0x080069fe   0x080069fe   0x00000032   Code   RO         4639    i.UART_EndRxTransfer  stm32l0xx_hal_uart.o
    0x08006a30   0x08006a30   0x00000010   Code   RO         4640    i.UART_EndTxTransfer  stm32l0xx_hal_uart.o
    0x08006a40   0x08006a40   0x00000076   Code   RO         4641    i.UART_RxISR_16BIT  stm32l0xx_hal_uart.o
    0x08006ab6   0x08006ab6   0x00000076   Code   RO         4642    i.UART_RxISR_8BIT   stm32l0xx_hal_uart.o
    0x08006b2c   0x08006b2c   0x00000214   Code   RO         4643    i.UART_SetConfig    stm32l0xx_hal_uart.o
    0x08006d40   0x08006d40   0x00000098   Code   RO         4645    i.UART_Start_Receive_IT  stm32l0xx_hal_uart.o
    0x08006dd8   0x08006dd8   0x0000009e   Code   RO         4648    i.UART_WaitOnFlagUntilTimeout  stm32l0xx_hal_uart.o
    0x08006e76   0x08006e76   0x00000002   PAD
    0x08006e78   0x08006e78   0x00000058   Code   RO         1677    i.ULT_Check_Sum     ult.o
    0x08006ed0   0x08006ed0   0x0000003c   Code   RO         1680    i.ULT_Data_processing  ult.o
    0x08006f0c   0x08006f0c   0x0000001c   Code   RO         1683    i.ULT_Rest          ult.o
    0x08006f28   0x08006f28   0x00000120   Code   RO         1572    i.ULT_distance      ultrasound.o
    0x08007048   0x08007048   0x0000000c   Code   RO         1684    i.ULT_getData       ult.o
    0x08007054   0x08007054   0x00000010   Code   RO          563    i.USART1_IRQHandler  stm32l0xx_it.o
    0x08007064   0x08007064   0x00000010   Code   RO          564    i.USART2_IRQHandler  stm32l0xx_it.o
    0x08007074   0x08007074   0x00000198   Code   RO           18    i.USERTASK          main.o
    0x0800720c   0x0800720c   0x00000020   Code   RO         1616    i.WEIGHT_DOUT_DeInit  weight.o
    0x0800722c   0x0800722c   0x0000003c   Code   RO         1617    i.WEIGHT_DOUT_Init  weight.o
    0x08007268   0x08007268   0x0000001e   Code   RO         1618    i.WEIGHT_SCK_DeInit  weight.o
    0x08007286   0x08007286   0x00000002   PAD
    0x08007288   0x08007288   0x0000004c   Code   RO         1619    i.WEIGHT_SCK_Init   weight.o
    0x080072d4   0x080072d4   0x00000020   Code   RO         5732    i.__0printf         mc_p.l(printfa.o)
    0x080072f4   0x080072f4   0x00000028   Code   RO         5734    i.__0sprintf        mc_p.l(printfa.o)
    0x0800731c   0x0800731c   0x0000002e   Code   RO         5863    i.__ARM_clz         mf_p.l(depilogue.o)
    0x0800734a   0x0800734a   0x00000030   Code   RO         3648    i.__ARM_common_ll_muluu  stm32l0xx_hal_rcc.o
    0x0800737a   0x0800737a   0x0000001a   Code   RO         4199    i.__ARM_common_switch8  stm32l0xx_hal_dma.o
    0x08007394   0x08007394   0x00000044   Code   RO         4393    i.__NVIC_SetPriority  stm32l0xx_hal_cortex.o
    0x080073d8   0x080073d8   0x0000001c   Code   RO          659    i.__NVIC_SystemReset  at.o
    0x080073f4   0x080073f4   0x00000008   Code   RO         5849    i.__aeabi_errno_addr  mc_p.l(errno.o)
    0x080073fc   0x080073fc   0x0000000e   Code   RO         5877    i.__scatterload_copy  mc_p.l(handlers.o)
    0x0800740a   0x0800740a   0x00000002   Code   RO         5878    i.__scatterload_null  mc_p.l(handlers.o)
    0x0800740c   0x0800740c   0x0000000e   Code   RO         5879    i.__scatterload_zeroinit  mc_p.l(handlers.o)
    0x0800741a   0x0800741a   0x00000002   PAD
    0x0800741c   0x0800741c   0x00000174   Code   RO         5739    i._fp_digits        mc_p.l(printfa.o)
    0x08007590   0x08007590   0x000006ec   Code   RO         5740    i._printf_core      mc_p.l(printfa.o)
    0x08007c7c   0x08007c7c   0x00000020   Code   RO         5741    i._printf_post_padding  mc_p.l(printfa.o)
    0x08007c9c   0x08007c9c   0x0000002c   Code   RO         5742    i._printf_pre_padding  mc_p.l(printfa.o)
    0x08007cc8   0x08007cc8   0x0000000a   Code   RO         5744    i._sputc            mc_p.l(printfa.o)
    0x08007cd2   0x08007cd2   0x00000002   PAD
    0x08007cd4   0x08007cd4   0x00000038   Code   RO          660    i.at_5vt_get        at.o
    0x08007d0c   0x08007d0c   0x0000001c   Code   RO          661    i.at_5vt_set        at.o
    0x08007d28   0x08007d28   0x00000034   Code   RO          662    i.at_apn_get        at.o
    0x08007d5c   0x08007d5c   0x00000044   Code   RO          663    i.at_apn_set        at.o
    0x08007da0   0x08007da0   0x00000014   Code   RO          664    i.at_cdp_run        at.o
    0x08007db4   0x08007db4   0x00000024   Code   RO          665    i.at_cdp_set        at.o
    0x08007dd8   0x08007dd8   0x00000030   Code   RO          666    i.at_cfg_run        at.o
    0x08007e08   0x08007e08   0x00000038   Code   RO          667    i.at_cfm_get        at.o
    0x08007e40   0x08007e40   0x00000024   Code   RO          668    i.at_cfm_set        at.o
    0x08007e64   0x08007e64   0x00000038   Code   RO          669    i.at_client_get     at.o
    0x08007e9c   0x08007e9c   0x00000044   Code   RO          670    i.at_client_set     at.o
    0x08007ee0   0x08007ee0   0x0000003c   Code   RO          671    i.at_csqtime_get    at.o
    0x08007f1c   0x08007f1c   0x00000024   Code   RO          672    i.at_csqtime_set    at.o
    0x08007f40   0x08007f40   0x00000038   Code   RO          673    i.at_cum_get        at.o
    0x08007f78   0x08007f78   0x00000024   Code   RO          674    i.at_cum_set        at.o
    0x08007f9c   0x08007f9c   0x00000038   Code   RO          675    i.at_deui_get       at.o
    0x08007fd4   0x08007fd4   0x00000048   Code   RO          676    i.at_deui_set       at.o
    0x0800801c   0x0800801c   0x00000034   Code   RO          677    i.at_disctl_get     at.o
    0x08008050   0x08008050   0x00000028   Code   RO          678    i.at_disctl_set     at.o
    0x08008078   0x08008078   0x00000038   Code   RO          679    i.at_dnscfg_get     at.o
    0x080080b0   0x080080b0   0x0000005c   Code   RO          680    i.at_dnscfg_set     at.o
    0x0800810c   0x0800810c   0x00000038   Code   RO          681    i.at_ext_get        at.o
    0x08008144   0x08008144   0x0000001c   Code   RO          682    i.at_ext_set        at.o
    0x08008160   0x08008160   0x0000003c   Code   RO          683    i.at_fband_get      at.o
    0x0800819c   0x0800819c   0x00000024   Code   RO          684    i.at_fband_set      at.o
    0x080081c0   0x080081c0   0x00000034   Code   RO          685    i.at_fdr_run        at.o
    0x080081f4   0x080081f4   0x00000030   Code   RO          686    i.at_getsensorvalue_set  at.o
    0x08008224   0x08008224   0x0000003c   Code   RO          687    i.at_inmod_get      at.o
    0x08008260   0x08008260   0x00000034   Code   RO          688    i.at_inmod_set      at.o
    0x08008294   0x08008294   0x00000050   Code   RO          689    i.at_ldata_get      at.o
    0x080082e4   0x080082e4   0x0000003c   Code   RO          690    i.at_mod_get        at.o
    0x08008320   0x08008320   0x000000c4   Code   RO          691    i.at_mod_set        at.o
    0x080083e4   0x080083e4   0x00000040   Code   RO          692    i.at_model_get      at.o
    0x08008424   0x08008424   0x00000038   Code   RO          693    i.at_pro_get        at.o
    0x0800845c   0x0800845c   0x00000030   Code   RO          694    i.at_pro_set        at.o
    0x0800848c   0x0800848c   0x0000003c   Code   RO          695    i.at_pubtopic_get   at.o
    0x080084c8   0x080084c8   0x00000044   Code   RO          696    i.at_pubtopic_set   at.o
    0x0800850c   0x0800850c   0x00000034   Code   RO          697    i.at_pwd_get        at.o
    0x08008540   0x08008540   0x00000044   Code   RO          698    i.at_pwd_set        at.o
    0x08008584   0x08008584   0x0000003c   Code   RO          699    i.at_pword_get      at.o
    0x080085c0   0x080085c0   0x00000060   Code   RO          700    i.at_pword_set      at.o
    0x08008620   0x08008620   0x0000003c   Code   RO          701    i.at_que            at.o
    0x0800865c   0x0800865c   0x00000004   Code   RO          702    i.at_reset_run      at.o
    0x08008660   0x08008660   0x00000004   Code   RO          703    i.at_return_error   at.o
    0x08008664   0x08008664   0x0000003c   Code   RO          704    i.at_rxdl_get       at.o
    0x080086a0   0x080086a0   0x0000001c   Code   RO          705    i.at_rxdl_set       at.o
    0x080086bc   0x080086bc   0x00000078   Code   RO          706    i.at_servaddr_get   at.o
    0x08008734   0x08008734   0x00000050   Code   RO          707    i.at_servaddr_set   at.o
    0x08008784   0x08008784   0x0000003c   Code   RO          708    i.at_subtopic_get   at.o
    0x080087c0   0x080087c0   0x00000044   Code   RO          709    i.at_subtopic_set   at.o
    0x08008804   0x08008804   0x00000038   Code   RO          710    i.at_tdc_get        at.o
    0x0800883c   0x0800883c   0x0000002c   Code   RO          711    i.at_tdc_set        at.o
    0x08008868   0x08008868   0x00000038   Code   RO          712    i.at_uname_get      at.o
    0x080088a0   0x080088a0   0x00000044   Code   RO          713    i.at_uname_set      at.o
    0x080088e4   0x080088e4   0x00000034   Code   RO          714    i.at_uri_get        at.o
    0x08008918   0x08008918   0x00000044   Code   RO          715    i.at_uri_set        at.o
    0x0800895c   0x0800895c   0x00000054   Code   RO          716    i.at_weight_GapValue_get  at.o
    0x080089b0   0x080089b0   0x00000094   Code   RO          717    i.at_weight_GapValue_set  at.o
    0x08008a44   0x08008a44   0x00000034   Code   RO          718    i.at_weight_get     at.o
    0x08008a78   0x08008a78   0x00000040   Code   RO          719    i.at_weight_reset   at.o
    0x08008ab8   0x08008ab8   0x000004b0   Code   RO          720    i.config_Get        at.o
    0x08008f68   0x08008f68   0x00000364   Code   RO          721    i.config_Set        at.o
    0x080092cc   0x080092cc   0x0000001a   Code   RO         1135    i.countchar         common.o
    0x080092e6   0x080092e6   0x00000002   PAD
    0x080092e8   0x080092e8   0x0000008c   Code   RO         1136    i.createList        common.o
    0x08009374   0x08009374   0x00000020   Code   RO          432    i.fputc             usart.o
    0x08009394   0x08009394   0x00000058   Code   RO         1095    i.getVoltage        battery_read.o
    0x080093ec   0x080093ec   0x0000002e   Code   RO          722    i.hexDetection      at.o
    0x0800941a   0x0800941a   0x0000005a   Code   RO         1137    i.hexToint          common.o
    0x08009474   0x08009474   0x000000a8   Code   RO         1138    i.i2c_device_detection  common.o
    0x0800951c   0x0800951c   0x00000084   Code   RO         1139    i.is_ipv4_addr      common.o
    0x080095a0   0x080095a0   0x0000002c   Code   RO         1140    i.led_on            common.o
    0x080095cc   0x080095cc   0x000001c8   Code   RO           19    i.main              main.o
    0x08009794   0x08009794   0x0000006c   Code   RO         5761    i.malloc            mc_p.l(malloc.o)
    0x08009800   0x08009800   0x0000000c   Code   RO         2258    i.nb_COAP_close_get  nb_coap.o
    0x0800980c   0x0800980c   0x00000040   Code   RO         2259    i.nb_COAP_close_run  nb_coap.o
    0x0800984c   0x0800984c   0x0000000c   Code   RO         2260    i.nb_COAP_close_set  nb_coap.o
    0x08009858   0x08009858   0x0000000c   Code   RO         2261    i.nb_COAP_closebc95gv_get  nb_coap.o
    0x08009864   0x08009864   0x00000044   Code   RO         2262    i.nb_COAP_closebc95gv_run  nb_coap.o
    0x080098a8   0x080098a8   0x0000000c   Code   RO         2263    i.nb_COAP_closebc95gv_set  nb_coap.o
    0x080098b4   0x080098b4   0x0000000c   Code   RO         2264    i.nb_COAP_config_get  nb_coap.o
    0x080098c0   0x080098c0   0x00000040   Code   RO         2265    i.nb_COAP_config_run  nb_coap.o
    0x08009900   0x08009900   0x0000000c   Code   RO         2266    i.nb_COAP_config_set  nb_coap.o
    0x0800990c   0x0800990c   0x0000002c   Code   RO         2267    i.nb_COAP_open_config95gv_run  nb_coap.o
    0x08009938   0x08009938   0x000000ac   Code   RO         2268    i.nb_COAP_open_config95gv_set  nb_coap.o
    0x080099e4   0x080099e4   0x0000000c   Code   RO         2269    i.nb_COAP_open_get  nb_coap.o
    0x080099f0   0x080099f0   0x00000048   Code   RO         2270    i.nb_COAP_open_run  nb_coap.o
    0x08009a38   0x08009a38   0x0000000c   Code   RO         2271    i.nb_COAP_open_set  nb_coap.o
    0x08009a44   0x08009a44   0x0000000c   Code   RO         2272    i.nb_COAP_option95gv_get  nb_coap.o
    0x08009a50   0x08009a50   0x00000044   Code   RO         2273    i.nb_COAP_option95gv_run  nb_coap.o
    0x08009a94   0x08009a94   0x0000005c   Code   RO         2274    i.nb_COAP_option95gv_set  nb_coap.o
    0x08009af0   0x08009af0   0x0000000c   Code   RO         2275    i.nb_COAP_option_get  nb_coap.o
    0x08009afc   0x08009afc   0x00000044   Code   RO         2276    i.nb_COAP_option_run  nb_coap.o
    0x08009b40   0x08009b40   0x00000058   Code   RO         2277    i.nb_COAP_option_set  nb_coap.o
    0x08009b98   0x08009b98   0x00000088   Code   RO         2278    i.nb_COAP_read_get  nb_coap.o
    0x08009c20   0x08009c20   0x00000020   Code   RO         2279    i.nb_COAP_read_run  nb_coap.o
    0x08009c40   0x08009c40   0x00000018   Code   RO         2280    i.nb_COAP_read_set  nb_coap.o
    0x08009c58   0x08009c58   0x0000002c   Code   RO         2281    i.nb_COAP_send_config95gv_run  nb_coap.o
    0x08009c84   0x08009c84   0x00000088   Code   RO         2282    i.nb_COAP_send_config95gv_set  nb_coap.o
    0x08009d0c   0x08009d0c   0x00000028   Code   RO         2283    i.nb_COAP_send_config_run  nb_coap.o
    0x08009d34   0x08009d34   0x0000005c   Code   RO         2284    i.nb_COAP_send_config_set  nb_coap.o
    0x08009d90   0x08009d90   0x0000002c   Code   RO         2285    i.nb_COAP_send_run  nb_coap.o
    0x08009dbc   0x08009dbc   0x0000001c   Code   RO         2286    i.nb_COAP_send_set  nb_coap.o
    0x08009dd8   0x08009dd8   0x00000104   Code   RO         2287    i.nb_COAP_uri95gv_run  nb_coap.o
    0x08009edc   0x08009edc   0x0000008c   Code   RO         2288    i.nb_COAP_uri_run   nb_coap.o
    0x08009f68   0x08009f68   0x0000002c   Code   RO         2045    i.nb_MQTT_close_run  nb_mqtt.o
    0x08009f94   0x08009f94   0x0000000c   Code   RO         2046    i.nb_MQTT_close_set  nb_mqtt.o
    0x08009fa0   0x08009fa0   0x00000030   Code   RO         2047    i.nb_MQTT_config_set  nb_mqtt.o
    0x08009fd0   0x08009fd0   0x0000002c   Code   RO         2048    i.nb_MQTT_conn_run  nb_mqtt.o
    0x08009ffc   0x08009ffc   0x000000a4   Code   RO         2049    i.nb_MQTT_conn_set  nb_mqtt.o
    0x0800a0a0   0x0800a0a0   0x0000000c   Code   RO         2050    i.nb_MQTT_data_read_run  nb_mqtt.o
    0x0800a0ac   0x0800a0ac   0x00000088   Code   RO         2051    i.nb_MQTT_data_read_set  nb_mqtt.o
    0x0800a134   0x0800a134   0x00000024   Code   RO         2052    i.nb_MQTT_open_run  nb_mqtt.o
    0x0800a158   0x0800a158   0x00000088   Code   RO         2053    i.nb_MQTT_open_set  nb_mqtt.o
    0x0800a1e0   0x0800a1e0   0x00000028   Code   RO         2054    i.nb_MQTT_pub_run   nb_mqtt.o
    0x0800a208   0x0800a208   0x0000005c   Code   RO         2055    i.nb_MQTT_pub_set   nb_mqtt.o
    0x0800a264   0x0800a264   0x0000002c   Code   RO         2056    i.nb_MQTT_send_run  nb_mqtt.o
    0x0800a290   0x0800a290   0x0000001c   Code   RO         2057    i.nb_MQTT_send_set  nb_mqtt.o
    0x0800a2ac   0x0800a2ac   0x00000030   Code   RO         2058    i.nb_MQTT_sub_run   nb_mqtt.o
    0x0800a2dc   0x0800a2dc   0x0000005c   Code   RO         2059    i.nb_MQTT_sub_set   nb_mqtt.o
    0x0800a338   0x0800a338   0x0000013c   Code   RO         2060    i.nb_MQTT_uri_run   nb_mqtt.o
    0x0800a474   0x0800a474   0x0000000c   Code   RO         2465    i.nb_TCP_close_get  nb_tcp.o
    0x0800a480   0x0800a480   0x00000040   Code   RO         2466    i.nb_TCP_close_run  nb_tcp.o
    0x0800a4c0   0x0800a4c0   0x00000078   Code   RO         2467    i.nb_TCP_close_set  nb_tcp.o
    0x0800a538   0x0800a538   0x0000000c   Code   RO         2468    i.nb_TCP_conn_get   nb_tcp.o
    0x0800a544   0x0800a544   0x00000044   Code   RO         2469    i.nb_TCP_conn_run   nb_tcp.o
    0x0800a588   0x0800a588   0x00000090   Code   RO         2470    i.nb_TCP_conn_set   nb_tcp.o
    0x0800a618   0x0800a618   0x00000034   Code   RO         2471    i.nb_TCP_open_get   nb_tcp.o
    0x0800a64c   0x0800a64c   0x00000048   Code   RO         2472    i.nb_TCP_open_run   nb_tcp.o
    0x0800a694   0x0800a694   0x0000000c   Code   RO         2473    i.nb_TCP_open_set   nb_tcp.o
    0x0800a6a0   0x0800a6a0   0x0000009c   Code   RO         2474    i.nb_TCP_read_get   nb_tcp.o
    0x0800a73c   0x0800a73c   0x00000038   Code   RO         2475    i.nb_TCP_read_run   nb_tcp.o
    0x0800a774   0x0800a774   0x0000007c   Code   RO         2476    i.nb_TCP_read_set   nb_tcp.o
    0x0800a7f0   0x0800a7f0   0x0000003c   Code   RO         2477    i.nb_TCP_send_run   nb_tcp.o
    0x0800a82c   0x0800a82c   0x000000a0   Code   RO         2478    i.nb_TCP_send_set   nb_tcp.o
    0x0800a8cc   0x0800a8cc   0x000000bc   Code   RO         2479    i.nb_TCP_uri_run    nb_tcp.o
    0x0800a988   0x0800a988   0x0000000c   Code   RO         2163    i.nb_UDP_close_get  nb_udp.o
    0x0800a994   0x0800a994   0x0000003c   Code   RO         2164    i.nb_UDP_close_run  nb_udp.o
    0x0800a9d0   0x0800a9d0   0x00000078   Code   RO         2165    i.nb_UDP_close_set  nb_udp.o
    0x0800aa48   0x0800aa48   0x00000034   Code   RO         2166    i.nb_UDP_open_get   nb_udp.o
    0x0800aa7c   0x0800aa7c   0x00000048   Code   RO         2167    i.nb_UDP_open_run   nb_udp.o
    0x0800aac4   0x0800aac4   0x0000000c   Code   RO         2168    i.nb_UDP_open_set   nb_udp.o
    0x0800aad0   0x0800aad0   0x0000009c   Code   RO         2169    i.nb_UDP_read_get   nb_udp.o
    0x0800ab6c   0x0800ab6c   0x00000038   Code   RO         2170    i.nb_UDP_read_run   nb_udp.o
    0x0800aba4   0x0800aba4   0x0000007c   Code   RO         2171    i.nb_UDP_read_set   nb_udp.o
    0x0800ac20   0x0800ac20   0x0000003c   Code   RO         2172    i.nb_UDP_send_run   nb_udp.o
    0x0800ac5c   0x0800ac5c   0x00000110   Code   RO         2173    i.nb_UDP_send_set   nb_udp.o
    0x0800ad6c   0x0800ad6c   0x00000070   Code   RO         2174    i.nb_UDP_uri_run    nb_udp.o
    0x0800addc   0x0800addc   0x00000028   Code   RO         1800    i.nb_at_run         nbinit.o
    0x0800ae04   0x0800ae04   0x00000068   Code   RO         1801    i.nb_at_send        nbinit.o
    0x0800ae6c   0x0800ae6c   0x0000002c   Code   RO         1802    i.nb_ate_run        nbinit.o
    0x0800ae98   0x0800ae98   0x00000060   Code   RO         1803    i.nb_cclk2_get      nbinit.o
    0x0800aef8   0x0800aef8   0x00000044   Code   RO         1804    i.nb_cclk2_run      nbinit.o
    0x0800af3c   0x0800af3c   0x00000060   Code   RO         1805    i.nb_cclk_get       nbinit.o
    0x0800af9c   0x0800af9c   0x00000044   Code   RO         1806    i.nb_cclk_run       nbinit.o
    0x0800afe0   0x0800afe0   0x0000000c   Code   RO         1807    i.nb_cfun_get       nbinit.o
    0x0800afec   0x0800afec   0x00000030   Code   RO         1808    i.nb_cfun_run       nbinit.o
    0x0800b01c   0x0800b01c   0x0000003c   Code   RO         1809    i.nb_cfun_set       nbinit.o
    0x0800b058   0x0800b058   0x0000000c   Code   RO         1810    i.nb_cfunoff_get    nbinit.o
    0x0800b064   0x0800b064   0x00000034   Code   RO         1811    i.nb_cfunoff_run    nbinit.o
    0x0800b098   0x0800b098   0x0000003c   Code   RO         1812    i.nb_cfunoff_set    nbinit.o
    0x0800b0d4   0x0800b0d4   0x0000000c   Code   RO         1813    i.nb_cgdcont_get    nbinit.o
    0x0800b0e0   0x0800b0e0   0x00000030   Code   RO         1814    i.nb_cgdcont_run    nbinit.o
    0x0800b110   0x0800b110   0x00000050   Code   RO         1815    i.nb_cgdcont_set    nbinit.o
    0x0800b160   0x0800b160   0x00000068   Code   RO         1816    i.nb_cgmm_get       nbinit.o
    0x0800b1c8   0x0800b1c8   0x00000038   Code   RO         1817    i.nb_cgmm_run       nbinit.o
    0x0800b200   0x0800b200   0x00000064   Code   RO         1818    i.nb_cgsn_get       nbinit.o
    0x0800b264   0x0800b264   0x00000064   Code   RO         1819    i.nb_cimi_get       nbinit.o
    0x0800b2c8   0x0800b2c8   0x0000000c   Code   RO         1820    i.nb_cpsms_get      nbinit.o
    0x0800b2d4   0x0800b2d4   0x0000003c   Code   RO         1821    i.nb_cpsms_run      nbinit.o
    0x0800b310   0x0800b310   0x00000068   Code   RO         1822    i.nb_cpsms_set      nbinit.o
    0x0800b378   0x0800b378   0x00000078   Code   RO         1823    i.nb_csq_get        nbinit.o
    0x0800b3f0   0x0800b3f0   0x000000a8   Code   RO         1824    i.nb_nband_get      nbinit.o
    0x0800b498   0x0800b498   0x0000003c   Code   RO         1825    i.nb_nband_run      nbinit.o
    0x0800b4d4   0x0800b4d4   0x00000064   Code   RO         1826    i.nb_nband_set      nbinit.o
    0x0800b538   0x0800b538   0x00000034   Code   RO         1827    i.nb_nconfig_run    nbinit.o
    0x0800b56c   0x0800b56c   0x00000034   Code   RO         1828    i.nb_nrb2_run       nbinit.o
    0x0800b5a0   0x0800b5a0   0x00000038   Code   RO         1829    i.nb_nrb_run        nbinit.o
    0x0800b5d8   0x0800b5d8   0x00000004   Code   RO         1830    i.nb_null_run       nbinit.o
    0x0800b5dc   0x0800b5dc   0x000000e8   Code   RO         1831    i.nb_qdns_get       nbinit.o
    0x0800b6c4   0x0800b6c4   0x0000003c   Code   RO         1832    i.nb_qdns_run       nbinit.o
    0x0800b700   0x0800b700   0x00000070   Code   RO         1833    i.nb_qdns_set       nbinit.o
    0x0800b770   0x0800b770   0x0000003c   Code   RO         1834    i.nb_qdnscfg_run    nbinit.o
    0x0800b7ac   0x0800b7ac   0x00000058   Code   RO         1835    i.nb_qdnscfg_set    nbinit.o
    0x0800b804   0x0800b804   0x00000034   Code   RO         1141    i.new_firmware_update  common.o
    0x0800b838   0x0800b838   0x0000003c   Code   RO         1142    i.printList         common.o
    0x0800b874   0x0800b874   0x00000058   Code   RO         1143    i.product_information_print  common.o
    0x0800b8cc   0x0800b8cc   0x00000168   Code   RO         1144    i.reboot_information_print  common.o
    0x0800ba34   0x0800ba34   0x00000026   Code   RO          723    i.rtrim             at.o
    0x0800ba5a   0x0800ba5a   0x00000002   PAD
    0x0800ba5c   0x0800ba5c   0x000000d4   Code   RO         1145    i.rxPayLoadDeal     common.o
    0x0800bb30   0x0800bb30   0x000001c8   Code   RO         1505    i.sht20Data         sht20.o
    0x0800bcf8   0x0800bcf8   0x00000048   Code   RO         1506    i.sht2x_Detect      sht20.o
    0x0800bd40   0x0800bd40   0x00000178   Code   RO         1531    i.sht31Data         sht31.o
    0x0800beb8   0x0800beb8   0x0000002c   Code   RO         1532    i.sht31Init         sht31.o
    0x0800bee4   0x0800bee4   0x0000002c   Code   RO         1533    i.sht31LowPower     sht31.o
    0x0800bf10   0x0800bf10   0x00000048   Code   RO         1534    i.sht3x_Detect      sht31.o
    0x0800bf58   0x0800bf58   0x00000044   Code   RO         1146    i.sortList          common.o
    0x0800bf9c   0x0800bf9c   0x00000028   Code   RO         1096    i.stob              battery_read.o
    0x0800bfc4   0x0800bfc4   0x00000038   Code   RO         1147    i.string_touint     common.o
    0x0800bffc   0x0800bffc   0x0000076c   Code   RO         1149    i.txPayLoadDeal     common.o
    0x0800c768   0x0800c768   0x0000020c   Code   RO         1150    i.txPayLoadDeal2    common.o
    0x0800c974   0x0800c974   0x00000044   Code   RO          433    i.uart1_Init        usart.o
    0x0800c9b8   0x0800c9b8   0x0000003c   Code   RO          434    i.uart1_IoDeInit    usart.o
    0x0800c9f4   0x0800c9f4   0x00000108   Code   RO         1151    i.upLink_fail_read  common.o
    0x0800cafc   0x0800cafc   0x000002e8   Code   RO         1152    i.upLink_fail_write  common.o
    0x0800cde4   0x0800cde4   0x00000048   Code   RO         1153    i.upLink_flash_clear  common.o
    0x0800ce2c   0x0800ce2c   0x00000058   Code   RO         1480    i.waitbusy          lidar.o
    0x0800ce84   0x0800ce84   0x00000018   Data   RO           21    .constdata          main.o
    0x0800ce9c   0x0800ce9c   0x00000300   Data   RO          725    .constdata          at.o
    0x0800d19c   0x0800d19c   0x00000019   Data   RO         2579    .constdata          system_stm32l0xx.o
    0x0800d1b5   0x0800d1b5   0x00000008   Data   RO         2580    .constdata          system_stm32l0xx.o
    0x0800d1bd   0x0800d1bd   0x00000081   Data   RO         5445    .constdata          mc_p.l(ctype_o.o)
    0x0800d23e   0x0800d23e   0x00000002   PAD
    0x0800d240   0x0800d240   0x00000004   Data   RO         5446    .constdata          mc_p.l(ctype_o.o)
    0x0800d244   0x0800d244   0x0000000c   Data   RO         5477    .constdata          mc_p.l(mktime.o)
    0x0800d250   0x0800d250   0x0000000c   Data   RO         5845    .constdata          mc_p.l(localtime_i.o)
    0x0800d25c   0x0800d25c   0x000001a2   Data   RO           22    .conststring        main.o
    0x0800d3fe   0x0800d3fe   0x00000002   PAD
    0x0800d400   0x0800d400   0x000007f3   Data   RO          726    .conststring        at.o
    0x0800dbf3   0x0800dbf3   0x00000001   PAD
    0x0800dbf4   0x0800dbf4   0x0000006a   Data   RO         1157    .conststring        common.o
    0x0800dc5e   0x0800dc5e   0x00000002   PAD
    0x0800dc60   0x0800dc60   0x00000057   Data   RO         1838    .conststring        nbinit.o
    0x0800dcb7   0x0800dcb7   0x00000001   PAD
    0x0800dcb8   0x0800dcb8   0x00000020   Data   RO         5875    Region$$Table       anon$$obj.o


    Execution Region RW_IRAM1 (Exec base: 0x20000000, Load base: 0x0800dcd8, Size: 0x00004ea0, Max: 0x00005000, ABSOLUTE, COMPRESSED[0x000011f8])

    Exec Addr    Load Addr    Size         Type   Attr      Idx    E Section Name        Object

    0x20000000   COMPRESSED   0x0000080c   Data   RW           23    .data               main.o
    0x2000080c   COMPRESSED   0x00000003   Data   RW          727    .data               at.o
    0x2000080f   COMPRESSED   0x00000001   PAD
    0x20000810   COMPRESSED   0x00000090   Data   RW         1158    .data               common.o
    0x200008a0   COMPRESSED   0x00000008   Data   RW         1302    .data               flash_eraseprogram.o
    0x200008a8   COMPRESSED   0x0000000c   Data   RW         1620    .data               weight.o
    0x200008b4   COMPRESSED   0x00000a38   Data   RW         1839    .data               nbinit.o
    0x200012ec   COMPRESSED   0x000007f8   Data   RW         2063    .data               nb_mqtt.o
    0x20001ae4   COMPRESSED   0x000007fc   Data   RW         2177    .data               nb_udp.o
    0x200022e0   COMPRESSED   0x000007f8   Data   RW         2291    .data               nb_coap.o
    0x20002ad8   COMPRESSED   0x000007f8   Data   RW         2482    .data               nb_tcp.o
    0x200032d0   COMPRESSED   0x00000004   Data   RW         2581    .data               system_stm32l0xx.o
    0x200032d4   COMPRESSED   0x0000000c   Data   RW         2879    .data               stm32l0xx_hal.o
    0x200032e0   COMPRESSED   0x00000004   Data   RW         5834    .data               mc_p.l(stdout.o)
    0x200032e4   COMPRESSED   0x00000004   Data   RW         5847    .data               mc_p.l(mvars.o)
    0x200032e8   COMPRESSED   0x00000004   Data   RW         5848    .data               mc_p.l(mvars.o)
    0x200032ec   COMPRESSED   0x00000004   Data   RW         5852    .data               mc_p.l(errno.o)
    0x200032f0        -       0x00000190   Zero   RW           20    .bss                main.o
    0x20003480        -       0x0000005c   Zero   RW          307    .bss                adc.o
    0x200034dc        -       0x0000004c   Zero   RW          365    .bss                i2c.o
    0x20003528        -       0x00000010   Zero   RW          401    .bss                iwdg.o
    0x20003538        -       0x000001d4   Zero   RW          435    .bss                usart.o
    0x2000370c        -       0x00000024   Zero   RW          506    .bss                rtc.o
    0x20003730        -       0x00000300   Zero   RW          724    .bss                at.o
    0x20003a30        -       0x0000000a   Zero   RW         1154    .bss                common.o
    0x20003a3a   COMPRESSED   0x00000002   PAD
    0x20003a3c        -       0x00000470   Zero   RW         1155    .bss                common.o
    0x20003eac        -       0x000001f4   Zero   RW         1156    .bss                common.o
    0x200040a0        -       0x0000000c   Zero   RW         1301    .bss                flash_eraseprogram.o
    0x200040ac        -       0x00000014   Zero   RW         1685    .bss                ult.o
    0x200040c0        -       0x00000136   Zero   RW         1747    .bss                maxsonar.o
    0x200041f6        -       0x000000c8   Zero   RW         1836    .bss                nbinit.o
    0x200042be        -       0x00000200   Zero   RW         1837    .bss                nbinit.o
    0x200044be        -       0x000000fa   Zero   RW         2061    .bss                nb_mqtt.o
    0x200045b8        -       0x000000fa   Zero   RW         2175    .bss                nb_udp.o
    0x200046b2        -       0x000000fa   Zero   RW         2289    .bss                nb_coap.o
    0x200047ac        -       0x000000dc   Zero   RW         2480    .bss                nb_tcp.o
    0x20004888        -       0x00000018   Zero   RW         3858    .bss                stm32l0xx_hal_flash.o
    0x200048a0        -       0x00000200   Zero   RW            2    HEAP                startup_stm32l072xx.o
    0x20004aa0        -       0x00000400   Zero   RW            1    STACK               startup_stm32l072xx.o


==============================================================================

Image component sizes


      Code (inc. data)   RO Data    RW Data    ZI Data      Debug   Object Name

       140         20          0          0         92       1395   adc.o
      5956       1308       2803          3        768      44465   at.o
       544        150          0          0          0       3043   battery_read.o
      5472        752        106        144       1646      21745   common.o
        40          4          0          0          0        694   dma.o
      1530        118          0          0          0       8034   ds18b20.o
       220         90          0          8         12       2538   flash_eraseprogram.o
       260         28          0          0          0        951   gpio.o
       180         26          0          0         76       1521   i2c.o
        44         12          0          0         16        635   iwdg.o
       372        122          0          0          0       1355   lidar.o
        88         14          0          0          0        986   lowpower.o
      1610        270        442       2060        400     441186   main.o
       188         40          0          0        310       2201   maxsonar.o
      1896        608          0       2040        250      17496   nb_coap.o
      1292        420          0       2040        250       9257   nb_mqtt.o
      1300        340          0       2040        220       9075   nb_tcp.o
      1108        294          0       2044        250       7572   nb_udp.o
      7840       3162         87       2616        712      29022   nbinit.o
       332         26          0          0         36       1930   rtc.o
       528        120          0          0          0       1351   sht20.o
       536        126          0          0          0       2561   sht31.o
        28          8        192          0       1536        616   startup_stm32l072xx.o
       204         36          0         12          0      10020   stm32l0xx_hal.o
      1030         36          0          0          0       5854   stm32l0xx_hal_adc.o
       170          0          0          0          0       1398   stm32l0xx_hal_adc_ex.o
       148         24          0          0          0      12045   stm32l0xx_hal_cortex.o
       630         12          0          0          0       4966   stm32l0xx_hal_dma.o
       448         60          0          0         24       6815   stm32l0xx_hal_flash.o
       320         50          0          0          0       4980   stm32l0xx_hal_flash_ex.o
       434         38          0          0          0       3442   stm32l0xx_hal_gpio.o
      2136         62          0          0          0      14433   stm32l0xx_hal_i2c.o
       146          0          0          0          0       1867   stm32l0xx_hal_i2c_ex.o
       116         20          0          0          0       1715   stm32l0xx_hal_iwdg.o
        24          4          0          0          0        418   stm32l0xx_hal_msp.o
       116         16          0          0          0       1235   stm32l0xx_hal_pwr.o
        32          8          0          0          0       1017   stm32l0xx_hal_pwr_ex.o
      1826         96          0          0          0       5732   stm32l0xx_hal_rcc.o
       396         14          0          0          0       1448   stm32l0xx_hal_rcc_ex.o
      1604         36          0          0          0       9854   stm32l0xx_hal_rtc.o
        24          0          0          0          0       2127   stm32l0xx_hal_rtc_ex.o
      3012        120          0          0          0      18526   stm32l0xx_hal_uart.o
       188          4          0          0          0       2588   stm32l0xx_hal_uart_ex.o
       116         30          0          0          0       4712   stm32l0xx_it.o
        84         18         33          4          0       1175   system_stm32l0xx.o
       412         16          0          0          0       2821   time_server.o
       188         46          0          0         20       2669   ult.o
       528        128          0          0          0       3397   ultrasound.o
       676         72          0          0        468       4995   usart.o
       498         52          0         12          0       4996   weight.o

    ----------------------------------------------------------------------
     47042       9056       3701      13024       7088     744874   Object Totals
         0          0         32          0          0          0   (incl. Generated)
        32          0          6          1          2          0   (incl. Padding)

    ----------------------------------------------------------------------

      Code (inc. data)   RO Data    RW Data    ZI Data      Debug   Library Member Name

        86          0          0          0          0          0   __dczerorl2.o
        30          0          0          0          0         60   _chval.o
       166          0          0          0          0         84   _strtoul.o
        26          0          0          0          0         72   atoi.o
         8          4        133          0          0         60   ctype_o.o
         0          0          0          0          0          0   entry.o
         0          0          0          0          0          0   entry10a.o
         0          0          0          0          0          0   entry11a.o
         8          4          0          0          0          0   entry2.o
         4          0          0          0          0          0   entry5.o
         0          0          0          0          0          0   entry7b.o
         0          0          0          0          0          0   entry8b.o
         8          4          0          0          0          0   entry9a.o
         8          4          0          4          0         60   errno.o
        30          0          0          0          0          0   handlers.o
        40          0          0          0          0         72   idiv.o
        36          8          0          0          0         68   init.o
         0          0          0          0          0          0   iusefp.o
        32          0          0          0          0         68   llshl.o
        38          0          0          0          0         68   llsshr.o
        34          0          0          0          0         68   llushr.o
       116         12         12          0          0         72   localtime_i.o
       108         16          0          0          0         76   malloc.o
        36          0          0          0          0         60   memcpya.o
        36          0          0          0          0        100   memseta.o
       140         16         12          0          0         72   mktime.o
         0          0          0          8          0          0   mvars.o
      2302        102          0          0          0        556   printfa.o
         0          0          0          4          0          0   stdout.o
        24          0          0          0          0         60   strcat.o
        20          0          0          0          0         60   strchr.o
        28          0          0          0          0         68   strcmp.o
        14          0          0          0          0         60   strlen.o
        26          0          0          0          0         68   strncpy.o
        32          0          0          0          0         60   strrchr.o
        40          0          0          0          0         72   strstr.o
       112          4          0          0          0         76   strtol.o
        12          0          0          0          0         60   tolower.o
        12          0          0          0          0         60   toupper.o
        44          0          0          0          0         72   uidiv.o
        96          0          0          0          0         84   uldiv.o
        20          0          0          0          0         60   uread4.o
        40          2          0          0          0         68   cdrcmple.o
        56          0          0          0          0         68   d2f.o
       356          4          0          0          0        140   dadd.o
       240          6          0          0          0         84   ddiv.o
       236          0          0          0          0        216   depilogue.o
        64         10          0          0          0         68   dfixul.o
        40          6          0          0          0         68   dflti.o
        28          4          0          0          0         68   dfltui.o
       208          6          0          0          0         88   dmul.o
        44          0          0          0          0         72   dscalb.o
        40          0          0          0          0         60   f2d.o
       124          0          0          0          0         72   fdiv.o
       130          0          0          0          0        144   fepilogue.o
        50          0          0          0          0         60   ffixi.o
        40          0          0          0          0         60   ffixui.o
        22          0          0          0          0         68   fflti.o
        14          0          0          0          0         68   ffltui.o
       122          0          0          0          0         72   fmul.o

    ----------------------------------------------------------------------
      5634        212        159         16          0       4020   Library Totals
         8          0          2          0          0          0   (incl. Padding)

    ----------------------------------------------------------------------

      Code (inc. data)   RO Data    RW Data    ZI Data      Debug   Library Name

      3772        174        157         16          0       2476   mc_p.l
      1854         38          0          0          0       1544   mf_p.l

    ----------------------------------------------------------------------
      5634        212        159         16          0       4020   Library Totals

    ----------------------------------------------------------------------

==============================================================================


      Code (inc. data)   RO Data    RW Data    ZI Data      Debug   

     52676       9268       3860      13040       7088     729486   Grand Totals
     52676       9268       3860       4600       7088     729486   ELF Image Totals (compressed)
     52676       9268       3860       4600          0          0   ROM Totals

==============================================================================

    Total RO  Size (Code + RO Data)                56536 (  55.21kB)
    Total RW  Size (RW Data + ZI Data)             20128 (  19.66kB)
    Total ROM Size (Code + RO Data + RW Data)      61136 (  59.70kB)

==============================================================================

