<html>
<body>
<pre>
<h1>µVision Build Log</h1>
<h2>Tool Versions:</h2>
IDE-Version: ¦ÌVision V5.25.2.0
Copyright (C) 2018 ARM Ltd and ARM Germany GmbH. All rights reserved.
License Information: ÎÞ Administrator, ÎÞ, LIC=14HV2-9DHUC-JJN6S-LASS7-GI9FT-BY532
 
Tool Versions:
Toolchain:       MDK-ARM Plus  Version: 5.25.2.0
Toolchain Path:  E:\KEIL5\ARM\ARMCC\Bin
C Compiler:      Armcc.exe V5.06 update 6 (build 750)
Assembler:       Armasm.exe V5.06 update 6 (build 750)
Linker/Locator:  ArmLink.exe V5.06 update 6 (build 750)
Library Manager: ArmAr.exe V5.06 update 6 (build 750)
Hex Converter:   FromElf.exe V5.06 update 6 (build 750)
CPU DLL:         SARMCM3.DLL V5.25.2.0
Dialog DLL:      DARMCM1.DLL V1.19.1.0
Target DLL:      STLink\ST-LINKIII-KEIL_SWO.dll V3.0.1.0
Dialog DLL:      TARMCM1.DLL V1.14.0.0
 
<h2>Project:</h2>
F:\NB95´úÂë\NBSN95-1.2.9\MDK-ARM\NBSN95.uvprojx
Project File Date:  11/03/2022

<h2>Output:</h2>
*** Using Compiler 'V5.06 update 6 (build 750)', folder: 'E:\KEIL5\ARM\ARMCC\Bin'
Rebuild target 'NBSN95'
assembling startup_stm32l072xx.s...
compiling gpio.c...
compiling adc.c...
compiling main.c...
..\Drivers\BSP\inc\ult.h(25): warning:  #1295-D: Deprecated declaration ULT_getData - give arg types
  void ULT_getData();
..\Drivers\BSP\inc\maxsonar.h(8): warning:  #1295-D: Deprecated declaration MAXSONAR_getData - give arg types
  void MAXSONAR_getData();
../Src/main.c: 2 warnings, 0 errors
compiling dma.c...
compiling i2c.c...
compiling iwdg.c...
compiling rtc.c...
compiling usart.c...
compiling stm32l0xx_it.c...
compiling stm32l0xx_hal_msp.c...
compiling battery_read.c...
..\Drivers\BSP\inc\ult.h(25): warning:  #1295-D: Deprecated declaration ULT_getData - give arg types
  void ULT_getData();
..\Drivers\BSP\inc\maxsonar.h(8): warning:  #1295-D: Deprecated declaration MAXSONAR_getData - give arg types
  void MAXSONAR_getData();
..\Drivers\BSP\src\battery_read.c: 2 warnings, 0 errors
compiling at.c...
..\Drivers\BSP\inc\ult.h(25): warning:  #1295-D: Deprecated declaration ULT_getData - give arg types
  void ULT_getData();
..\Drivers\BSP\inc\maxsonar.h(8): warning:  #1295-D: Deprecated declaration MAXSONAR_getData - give arg types
  void MAXSONAR_getData();
..\Drivers\BSP\src\at.c: 2 warnings, 0 errors
compiling flash_eraseprogram.c...
compiling lowpower.c...
compiling common.c...
..\Drivers\BSP\inc\ult.h(25): warning:  #1295-D: Deprecated declaration ULT_getData - give arg types
  void ULT_getData();
..\Drivers\BSP\inc\maxsonar.h(8): warning:  #1295-D: Deprecated declaration MAXSONAR_getData - give arg types
  void MAXSONAR_getData();
..\Drivers\BSP\src\common.c(884): warning:  #1-D: last line of file ends without a newline
  }
..\Drivers\BSP\src\common.c: 3 warnings, 0 errors
compiling lidar.c...
..\Drivers\BSP\inc\ult.h(25): warning:  #1295-D: Deprecated declaration ULT_getData - give arg types
  void ULT_getData();
..\Drivers\BSP\inc\maxsonar.h(8): warning:  #1295-D: Deprecated declaration MAXSONAR_getData - give arg types
  void MAXSONAR_getData();
..\Drivers\BSP\src\lidar.c: 2 warnings, 0 errors
compiling time_server.c...
..\Drivers\BSP\inc\ult.h(25): warning:  #1295-D: Deprecated declaration ULT_getData - give arg types
  void ULT_getData();
..\Drivers\BSP\inc\maxsonar.h(8): warning:  #1295-D: Deprecated declaration MAXSONAR_getData - give arg types
  void MAXSONAR_getData();
..\Drivers\BSP\src\time_server.c: 2 warnings, 0 errors
compiling ds18b20.c...
..\Drivers\BSP\inc\ult.h(25): warning:  #1295-D: Deprecated declaration ULT_getData - give arg types
  void ULT_getData();
..\Drivers\BSP\inc\maxsonar.h(8): warning:  #1295-D: Deprecated declaration MAXSONAR_getData - give arg types
  void MAXSONAR_getData();
..\Drivers\BSP\src\ds18b20.c: 2 warnings, 0 errors
compiling sht31.c...
..\Drivers\BSP\inc\ult.h(25): warning:  #1295-D: Deprecated declaration ULT_getData - give arg types
  void ULT_getData();
..\Drivers\BSP\inc\maxsonar.h(8): warning:  #1295-D: Deprecated declaration MAXSONAR_getData - give arg types
  void MAXSONAR_getData();
..\Drivers\BSP\src\sht31.c: 2 warnings, 0 errors
compiling sht20.c...
..\Drivers\BSP\inc\ult.h(25): warning:  #1295-D: Deprecated declaration ULT_getData - give arg types
  void ULT_getData();
..\Drivers\BSP\inc\maxsonar.h(8): warning:  #1295-D: Deprecated declaration MAXSONAR_getData - give arg types
  void MAXSONAR_getData();
..\Drivers\BSP\src\sht20.c: 2 warnings, 0 errors
compiling ultrasound.c...
..\Drivers\BSP\inc\ult.h(25): warning:  #1295-D: Deprecated declaration ULT_getData - give arg types
  void ULT_getData();
..\Drivers\BSP\inc\maxsonar.h(8): warning:  #1295-D: Deprecated declaration MAXSONAR_getData - give arg types
  void MAXSONAR_getData();
..\Drivers\BSP\src\ultrasound.c: 2 warnings, 0 errors
compiling weight.c...
..\Drivers\BSP\inc\ult.h(25): warning:  #1295-D: Deprecated declaration ULT_getData - give arg types
  void ULT_getData();
..\Drivers\BSP\inc\maxsonar.h(8): warning:  #1295-D: Deprecated declaration MAXSONAR_getData - give arg types
  void MAXSONAR_getData();
..\Drivers\BSP\src\weight.c: 2 warnings, 0 errors
compiling ult.c...
..\Drivers\BSP\inc\maxsonar.h(8): warning:  #1295-D: Deprecated declaration MAXSONAR_getData - give arg types
  void MAXSONAR_getData();
..\Drivers\BSP\inc\ult.h(25): warning:  #1295-D: Deprecated declaration ULT_getData - give arg types
  void ULT_getData();
..\Drivers\BSP\src\ult.c(36): warning:  #940-D: missing return statement at end of non-void function "ULT_Connection_Test" 
  }
..\Drivers\BSP\src\ult.c(95): warning:  #1-D: last line of file ends without a newline
  }
..\Drivers\BSP\src\ult.c: 4 warnings, 0 errors
compiling maxsonar.c...
..\Drivers\BSP\inc\ult.h(25): warning:  #1295-D: Deprecated declaration ULT_getData - give arg types
  void ULT_getData();
..\Drivers\BSP\inc\maxsonar.h(8): warning:  #1295-D: Deprecated declaration MAXSONAR_getData - give arg types
  void MAXSONAR_getData();
..\Drivers\BSP\src\maxsonar.c(84): warning:  #1-D: last line of file ends without a newline
  }
..\Drivers\BSP\src\maxsonar.c: 3 warnings, 0 errors
compiling nb_mqtt.c...
..\Drivers\BSP\inc\ult.h(25): warning:  #1295-D: Deprecated declaration ULT_getData - give arg types
  void ULT_getData();
..\Drivers\BSP\inc\maxsonar.h(8): warning:  #1295-D: Deprecated declaration MAXSONAR_getData - give arg types
  void MAXSONAR_getData();
..\Drivers\BSP\src\nb_mqtt.c: 2 warnings, 0 errors
compiling nb_udp.c...
..\Drivers\BSP\inc\ult.h(25): warning:  #1295-D: Deprecated declaration ULT_getData - give arg types
  void ULT_getData();
..\Drivers\BSP\inc\maxsonar.h(8): warning:  #1295-D: Deprecated declaration MAXSONAR_getData - give arg types
  void MAXSONAR_getData();
..\Drivers\BSP\src\nb_udp.c: 2 warnings, 0 errors
compiling nbInit.c...
..\Drivers\BSP\inc\ult.h(25): warning:  #1295-D: Deprecated declaration ULT_getData - give arg types
  void ULT_getData();
..\Drivers\BSP\inc\maxsonar.h(8): warning:  #1295-D: Deprecated declaration MAXSONAR_getData - give arg types
  void MAXSONAR_getData();
..\Drivers\BSP\src\nbInit.c: 2 warnings, 0 errors
compiling nb_coap.c...
..\Drivers\BSP\inc\ult.h(25): warning:  #1295-D: Deprecated declaration ULT_getData - give arg types
  void ULT_getData();
..\Drivers\BSP\inc\maxsonar.h(8): warning:  #1295-D: Deprecated declaration MAXSONAR_getData - give arg types
  void MAXSONAR_getData();
..\Drivers\BSP\src\nb_coap.c(474): warning:  #1-D: last line of file ends without a newline
  }
..\Drivers\BSP\src\nb_coap.c: 3 warnings, 0 errors
compiling system_stm32l0xx.c...
compiling nb_tcp.c...
..\Drivers\BSP\inc\ult.h(25): warning:  #1295-D: Deprecated declaration ULT_getData - give arg types
  void ULT_getData();
..\Drivers\BSP\inc\maxsonar.h(8): warning:  #1295-D: Deprecated declaration MAXSONAR_getData - give arg types
  void MAXSONAR_getData();
..\Drivers\BSP\src\nb_tcp.c: 2 warnings, 0 errors
compiling stm32l0xx_hal_adc_ex.c...
compiling stm32l0xx_hal.c...
compiling stm32l0xx_hal_adc.c...
compiling stm32l0xx_hal_i2c_ex.c...
compiling stm32l0xx_hal_rcc.c...
compiling stm32l0xx_hal_i2c.c...
compiling stm32l0xx_hal_rcc_ex.c...
compiling stm32l0xx_hal_flash_ramfunc.c...
compiling stm32l0xx_hal_flash.c...
compiling stm32l0xx_hal_flash_ex.c...
compiling stm32l0xx_hal_gpio.c...
compiling stm32l0xx_hal_dma.c...
compiling stm32l0xx_hal_pwr.c...
compiling stm32l0xx_hal_pwr_ex.c...
compiling stm32l0xx_hal_cortex.c...
compiling stm32l0xx_hal_exti.c...
compiling stm32l0xx_hal_iwdg.c...
compiling stm32l0xx_hal_uart.c...
compiling stm32l0xx_hal_uart_ex.c...
compiling stm32l0xx_hal_rtc.c...
compiling stm32l0xx_hal_rtc_ex.c...
compiling stm32l0xx_hal_tim.c...
compiling stm32l0xx_hal_tim_ex.c...
linking...
Program Size: Code=51284 RO-data=3692 RW-data=11800 ZI-data=6944  
FromELF: creating hex file...
After Build - User command #2: fromelf --bin -o "NBSN95\NBSN95.bin" "NBSN95\NBSN95.axf"
"NBSN95\NBSN95.axf" - 0 Error(s), 41 Warning(s).

<h2>Software Packages used:</h2>

Package Vendor: ARM
                http://www.keil.com/pack/ARM.CMSIS.5.3.0.pack
                ARM.CMSIS.5.3.0
                CMSIS (Cortex Microcontroller Software Interface Standard)
   * Component: CORE Version: 5.1.1

Package Vendor: Keil
                http://www.keil.com/pack/Keil.STM32L0xx_DFP.2.1.0.pack
                Keil.STM32L0xx_DFP.2.1.0
                STMicroelectronics STM32L0 Series Device Support, Drivers and Examples

<h2>Collection of Component include folders:</h2>
  .\RTE\_NBSN95
  E:\KEIL5\ARM\CMSIS\5.3.0\CMSIS\Include
  E:\KEIL5\Keil\STM32L0xx_DFP\2.1.0\Drivers\CMSIS\Device\ST\STM32L0xx\Include

<h2>Collection of Component Files used:</h2>

   * Component: ARM::CMSIS:CORE:5.1.1
Build Time Elapsed:  00:01:12
</pre>
</body>
</html>
