Component: ARM Compiler 5.06 update 7 (build 960) Tool: armlink [4d3601]

==============================================================================

Section Cross References

    startup_stm32l072xx.o(RESET) refers to startup_stm32l072xx.o(STACK) for __initial_sp
    startup_stm32l072xx.o(RESET) refers to startup_stm32l072xx.o(.text) for Reset_Handler
    startup_stm32l072xx.o(RESET) refers to stm32l0xx_it.o(i.NMI_Handler) for NMI_Handler
    startup_stm32l072xx.o(RESET) refers to stm32l0xx_it.o(i.HardFault_Handler) for HardFault_Handler
    startup_stm32l072xx.o(RESET) refers to stm32l0xx_it.o(i.SVC_Handler) for SVC_Handler
    startup_stm32l072xx.o(RESET) refers to stm32l0xx_it.o(i.PendSV_Handler) for PendSV_Handler
    startup_stm32l072xx.o(RESET) refers to stm32l0xx_it.o(i.SysTick_Handler) for SysTick_Handler
    startup_stm32l072xx.o(RESET) refers to stm32l0xx_it.o(i.RTC_IRQHandler) for RTC_IRQHandler
    startup_stm32l072xx.o(RESET) refers to stm32l0xx_it.o(i.EXTI4_15_IRQHandler) for EXTI4_15_IRQHandler
    startup_stm32l072xx.o(RESET) refers to stm32l0xx_it.o(i.DMA1_Channel2_3_IRQHandler) for DMA1_Channel2_3_IRQHandler
    startup_stm32l072xx.o(RESET) refers to stm32l0xx_it.o(i.USART2_IRQHandler) for USART2_IRQHandler
    startup_stm32l072xx.o(RESET) refers to stm32l0xx_it.o(i.RNG_LPUART1_IRQHandler) for RNG_LPUART1_IRQHandler
    startup_stm32l072xx.o(.text) refers to system_stm32l0xx.o(i.SystemInit) for SystemInit
    startup_stm32l072xx.o(.text) refers to entry.o(.ARM.Collect$$$$00000000) for __main
    main.o(i.HAL_GPIO_EXTI_Callback) refers to lowpower.o(i.LPM_DisableStopMode) for LPM_DisableStopMode
    main.o(i.HAL_GPIO_EXTI_Callback) refers to nbinit.o(.data) for nb
    main.o(i.HAL_GPIO_EXTI_Callback) refers to common.o(.data) for sys
    main.o(i.HAL_GPIO_EXTI_Callback) refers to main.o(.data) for .data
    main.o(i.HAL_RTCEx_AlarmBEventCallback) refers to stm32l0xx_hal_iwdg.o(i.HAL_IWDG_Refresh) for HAL_IWDG_Refresh
    main.o(i.HAL_RTCEx_AlarmBEventCallback) refers to time_server.o(i.My_AlarmInit) for My_AlarmInit
    main.o(i.HAL_RTCEx_AlarmBEventCallback) refers to iwdg.o(.bss) for hiwdg
    main.o(i.HAL_RTCEx_AlarmBEventCallback) refers to common.o(.data) for sys
    main.o(i.HAL_RTCEx_AlarmBEventCallback) refers to main.o(.data) for .data
    main.o(i.HAL_RTCEx_AlarmBEventCallback) refers to nbinit.o(.data) for nb
    main.o(i.HAL_RTC_AlarmAEventCallback) refers to lowpower.o(i.LPM_DisableStopMode) for LPM_DisableStopMode
    main.o(i.HAL_RTC_AlarmAEventCallback) refers to nbinit.o(.data) for nb
    main.o(i.HAL_RTC_AlarmAEventCallback) refers to main.o(.data) for .data
    main.o(i.HAL_UART_RxCpltCallback) refers to stm32l0xx_hal_uart.o(i.HAL_UART_Receive_IT) for HAL_UART_Receive_IT
    main.o(i.HAL_UART_RxCpltCallback) refers to usart.o(.bss) for hlpuart1
    main.o(i.HAL_UART_RxCpltCallback) refers to main.o(.data) for .data
    main.o(i.HAL_UART_RxCpltCallback) refers to nbinit.o(.data) for nb
    main.o(i.HAL_UART_RxCpltCallback) refers to main.o(.bss) for .bss
    main.o(i.SystemClock_Config) refers to memseta.o(.text) for __aeabi_memclr4
    main.o(i.SystemClock_Config) refers to stm32l0xx_hal_pwr.o(i.HAL_PWR_EnableBkUpAccess) for HAL_PWR_EnableBkUpAccess
    main.o(i.SystemClock_Config) refers to stm32l0xx_hal_rcc.o(i.HAL_RCC_OscConfig) for HAL_RCC_OscConfig
    main.o(i.SystemClock_Config) refers to stm32l0xx_hal_rcc.o(i.HAL_RCC_ClockConfig) for HAL_RCC_ClockConfig
    main.o(i.SystemClock_Config) refers to stm32l0xx_hal_rcc_ex.o(i.HAL_RCCEx_PeriphCLKConfig) for HAL_RCCEx_PeriphCLKConfig
    main.o(i.USERTASK) refers to at.o(i.ATInsPro) for ATInsPro
    main.o(i.USERTASK) refers to at.o(i.rtrim) for rtrim
    main.o(i.USERTASK) refers to strcmp.o(.text) for strcmp
    main.o(i.USERTASK) refers to strlen.o(.text) for strlen
    main.o(i.USERTASK) refers to stm32l0xx_hal.o(i.HAL_GetTick) for HAL_GetTick
    main.o(i.USERTASK) refers to printfa.o(i.__0printf) for __2printf
    main.o(i.USERTASK) refers to memseta.o(.text) for __aeabi_memclr
    main.o(i.USERTASK) refers to stm32l0xx_hal_uart.o(i.HAL_UART_Transmit_DMA) for HAL_UART_Transmit_DMA
    main.o(i.USERTASK) refers to stm32l0xx_hal.o(i.HAL_Delay) for HAL_Delay
    main.o(i.USERTASK) refers to common.o(.data) for sys
    main.o(i.USERTASK) refers to main.o(.data) for .data
    main.o(i.USERTASK) refers to nbinit.o(.data) for nb
    main.o(i.USERTASK) refers to main.o(.bss) for .bss
    main.o(i.USERTASK) refers to main.o(.constdata) for .constdata
    main.o(i.USERTASK) refers to usart.o(.bss) for hlpuart1
    main.o(i.main) refers to stm32l0xx_hal.o(i.HAL_Init) for HAL_Init
    main.o(i.main) refers to main.o(i.SystemClock_Config) for SystemClock_Config
    main.o(i.main) refers to gpio.o(i.MX_GPIO_Init) for MX_GPIO_Init
    main.o(i.main) refers to dma.o(i.MX_DMA_Init) for MX_DMA_Init
    main.o(i.main) refers to usart.o(i.MX_USART2_UART_Init) for MX_USART2_UART_Init
[...]
    HAL_FLASHEx_DATAEEPROM_Program           0x0800214d   Thumb Code    76  stm32l0xx_hal_flash_ex.o(i.HAL_FLASHEx_DATAEEPROM_Program)
    HAL_FLASHEx_DATAEEPROM_Unlock            0x080021a1   Thumb Code    40  stm32l0xx_hal_flash_ex.o(i.HAL_FLASHEx_DATAEEPROM_Unlock)
    HAL_FLASHEx_Erase                        0x080021d5   Thumb Code   106  stm32l0xx_hal_flash_ex.o(i.HAL_FLASHEx_Erase)
    HAL_FLASH_GetError                       0x0800224d   Thumb Code     6  stm32l0xx_hal_flash.o(i.HAL_FLASH_GetError)
    HAL_FLASH_Lock                           0x08002259   Thumb Code    22  stm32l0xx_hal_flash.o(i.HAL_FLASH_Lock)
    HAL_FLASH_Program                        0x08002275   Thumb Code    50  stm32l0xx_hal_flash.o(i.HAL_FLASH_Program)
    HAL_FLASH_Unlock                         0x080022b1   Thumb Code    70  stm32l0xx_hal_flash.o(i.HAL_FLASH_Unlock)
    HAL_GPIO_EXTI_Callback                   0x0800230d   Thumb Code    76  main.o(i.HAL_GPIO_EXTI_Callback)
    HAL_GPIO_EXTI_IRQHandler                 0x08002369   Thumb Code    18  stm32l0xx_hal_gpio.o(i.HAL_GPIO_EXTI_IRQHandler)
    HAL_GPIO_Init                            0x08002381   Thumb Code   356  stm32l0xx_hal_gpio.o(i.HAL_GPIO_Init)
    HAL_GPIO_ReadPin                         0x08002505   Thumb Code    10  stm32l0xx_hal_gpio.o(i.HAL_GPIO_ReadPin)
    HAL_GPIO_WritePin                        0x0800250f   Thumb Code    12  stm32l0xx_hal_gpio.o(i.HAL_GPIO_WritePin)
    HAL_GetTick                              0x0800251d   Thumb Code     6  stm32l0xx_hal.o(i.HAL_GetTick)
    HAL_I2CEx_ConfigAnalogFilter             0x08002529   Thumb Code    74  stm32l0xx_hal_i2c_ex.o(i.HAL_I2CEx_ConfigAnalogFilter)
    HAL_I2CEx_ConfigDigitalFilter            0x08002573   Thumb Code    72  stm32l0xx_hal_i2c_ex.o(i.HAL_I2CEx_ConfigDigitalFilter)
    HAL_I2C_Init                             0x080025bd   Thumb Code   176  stm32l0xx_hal_i2c.o(i.HAL_I2C_Init)
    HAL_I2C_Master_Receive                   0x08002671   Thumb Code   262  stm32l0xx_hal_i2c.o(i.HAL_I2C_Master_Receive)
    HAL_I2C_Master_Transmit                  0x08002781   Thumb Code   262  stm32l0xx_hal_i2c.o(i.HAL_I2C_Master_Transmit)
    HAL_I2C_Mem_Read                         0x08002891   Thumb Code   332  stm32l0xx_hal_i2c.o(i.HAL_I2C_Mem_Read)
    HAL_I2C_Mem_Write                        0x080029e5   Thumb Code   326  stm32l0xx_hal_i2c.o(i.HAL_I2C_Mem_Write)
    HAL_I2C_MspInit                          0x08002b31   Thumb Code    78  i2c.o(i.HAL_I2C_MspInit)
    HAL_IWDG_Init                            0x08002b8d   Thumb Code    86  stm32l0xx_hal_iwdg.o(i.HAL_IWDG_Init)
    HAL_IWDG_Refresh                         0x08002bf1   Thumb Code    10  stm32l0xx_hal_iwdg.o(i.HAL_IWDG_Refresh)
    HAL_IncTick                              0x08002c01   Thumb Code    12  stm32l0xx_hal.o(i.HAL_IncTick)
    HAL_Init                                 0x08002c11   Thumb Code    36  stm32l0xx_hal.o(i.HAL_Init)
    HAL_InitTick                             0x08002c39   Thumb Code    58  stm32l0xx_hal.o(i.HAL_InitTick)
    HAL_MspInit                              0x08002c7d   Thumb Code    20  stm32l0xx_hal_msp.o(i.HAL_MspInit)
    HAL_NVIC_EnableIRQ                       0x08002c95   Thumb Code    18  stm32l0xx_hal_cortex.o(i.HAL_NVIC_EnableIRQ)
    HAL_NVIC_SetPriority                     0x08002cad   Thumb Code     8  stm32l0xx_hal_cortex.o(i.HAL_NVIC_SetPriority)
    HAL_PWREx_EnableFastWakeUp               0x08002cb5   Thumb Code    12  stm32l0xx_hal_pwr_ex.o(i.HAL_PWREx_EnableFastWakeUp)
    HAL_PWREx_EnableUltraLowPower            0x08002cc5   Thumb Code    12  stm32l0xx_hal_pwr_ex.o(i.HAL_PWREx_EnableUltraLowPower)
    HAL_PWR_EnableBkUpAccess                 0x08002cd5   Thumb Code    12  stm32l0xx_hal_pwr.o(i.HAL_PWR_EnableBkUpAccess)
    HAL_PWR_EnterSTOPMode                    0x08002ce5   Thumb Code    88  stm32l0xx_hal_pwr.o(i.HAL_PWR_EnterSTOPMode)
    HAL_RCCEx_PeriphCLKConfig                0x08002d49   Thumb Code   382  stm32l0xx_hal_rcc_ex.o(i.HAL_RCCEx_PeriphCLKConfig)
    HAL_RCC_ClockConfig                      0x08002ed5   Thumb Code   386  stm32l0xx_hal_rcc.o(i.HAL_RCC_ClockConfig)
    HAL_RCC_GetPCLK1Freq                     0x08003071   Thumb Code    20  stm32l0xx_hal_rcc.o(i.HAL_RCC_GetPCLK1Freq)
    HAL_RCC_GetPCLK2Freq                     0x08003091   Thumb Code    20  stm32l0xx_hal_rcc.o(i.HAL_RCC_GetPCLK2Freq)
    HAL_RCC_GetSysClockFreq                  0x080030b1   Thumb Code   108  stm32l0xx_hal_rcc.o(i.HAL_RCC_GetSysClockFreq)
    HAL_RCC_OscConfig                        0x08003129   Thumb Code  1182  stm32l0xx_hal_rcc.o(i.HAL_RCC_OscConfig)
    HAL_RTCEx_AlarmBEventCallback            0x080035c9   Thumb Code   130  main.o(i.HAL_RTCEx_AlarmBEventCallback)
    HAL_RTC_AlarmAEventCallback              0x0800365d   Thumb Code    38  main.o(i.HAL_RTC_AlarmAEventCallback)
    HAL_RTC_AlarmIRQHandler                  0x0800368d   Thumb Code    88  stm32l0xx_hal_rtc.o(i.HAL_RTC_AlarmIRQHandler)
    HAL_RTC_DeactivateAlarm                  0x080036ed   Thumb Code   184  stm32l0xx_hal_rtc.o(i.HAL_RTC_DeactivateAlarm)
    HAL_RTC_GetDate                          0x080037a5   Thumb Code    68  stm32l0xx_hal_rtc.o(i.HAL_RTC_GetDate)
    HAL_RTC_GetTime                          0x080037e9   Thumb Code    88  stm32l0xx_hal_rtc.o(i.HAL_RTC_GetTime)
    HAL_RTC_Init                             0x08003845   Thumb Code   184  stm32l0xx_hal_rtc.o(i.HAL_RTC_Init)
    HAL_RTC_MspInit                          0x08003901   Thumb Code    40  rtc.o(i.HAL_RTC_MspInit)
    HAL_RTC_SetAlarm_IT                      0x08003931   Thumb Code   390  stm32l0xx_hal_rtc.o(i.HAL_RTC_SetAlarm_IT)
    HAL_RTC_SetDate                          0x08003ac1   Thumb Code   190  stm32l0xx_hal_rtc.o(i.HAL_RTC_SetDate)
    HAL_RTC_SetTime                          0x08003b85   Thumb Code   228  stm32l0xx_hal_rtc.o(i.HAL_RTC_SetTime)
    HAL_RTC_WaitForSynchro                   0x08003c6d   Thumb Code    52  stm32l0xx_hal_rtc.o(i.HAL_RTC_WaitForSynchro)
    HAL_ResumeTick                           0x08003ca1   Thumb Code    12  stm32l0xx_hal.o(i.HAL_ResumeTick)
    HAL_SYSTICK_Config                       0x08003cb1   Thumb Code    38  stm32l0xx_hal_cortex.o(i.HAL_SYSTICK_Config)
    HAL_SuspendTick                          0x08003ce1   Thumb Code    12  stm32l0xx_hal.o(i.HAL_SuspendTick)
    HAL_UARTEx_EnableStopMode                0x08003cf1   Thumb Code    34  stm32l0xx_hal_uart_ex.o(i.HAL_UARTEx_EnableStopMode)
    HAL_UARTEx_RxEventCallback               0x08003d13   Thumb Code     2  stm32l0xx_hal_uart.o(i.HAL_UARTEx_RxEventCallback)
    HAL_UARTEx_StopModeWakeUpSourceConfig    0x08003d15   Thumb Code   148  stm32l0xx_hal_uart_ex.o(i.HAL_UARTEx_StopModeWakeUpSourceConfig)
    HAL_UARTEx_WakeupCallback                0x08003dad   Thumb Code     2  stm32l0xx_hal_uart_ex.o(i.HAL_UARTEx_WakeupCallback)
    HAL_UART_ErrorCallback                   0x08003daf   Thumb Code     2  stm32l0xx_hal_uart.o(i.HAL_UART_ErrorCallback)
    HAL_UART_IRQHandler                      0x08003db1   Thumb Code   530  stm32l0xx_hal_uart.o(i.HAL_UART_IRQHandler)
    HAL_UART_Init                            0x08003fd1   Thumb Code   106  stm32l0xx_hal_uart.o(i.HAL_UART_Init)
    HAL_UART_MspInit                         0x0800403d   Thumb Code   208  usart.o(i.HAL_UART_MspInit)
    HAL_UART_Receive_IT                      0x08004125   Thumb Code    92  stm32l0xx_hal_uart.o(i.HAL_UART_Receive_IT)
    HAL_UART_RxCpltCallback                  0x08004185   Thumb Code    96  main.o(i.HAL_UART_RxCpltCallback)
    HAL_UART_Transmit                        0x080041f9   Thumb Code   210  stm32l0xx_hal_uart.o(i.HAL_UART_Transmit)
    HAL_UART_Transmit_DMA                    0x080042cd   Thumb Code   164  stm32l0xx_hal_uart.o(i.HAL_UART_Transmit_DMA)
    HAL_UART_TxCpltCallback                  0x0800437d   Thumb Code     2  stm32l0xx_hal_uart.o(i.HAL_UART_TxCpltCallback)
    HAL_UART_TxHalfCpltCallback              0x0800437f   Thumb Code     2  stm32l0xx_hal_uart.o(i.HAL_UART_TxHalfCpltCallback)
    HW_AdcReadChannel                        0x08004381   Thumb Code   112  battery_read.o(i.HW_AdcReadChannel)
    HW_GPIO_Init                             0x08004405   Thumb Code    80  weight.o(i.HW_GPIO_Init)
    HX711_Read                               0x08004459   Thumb Code   122  weight.o(i.HX711_Read)
    HardFault_Handler                        0x080044d9   Thumb Code     2  stm32l0xx_it.o(i.HardFault_Handler)
    LPM_DisableStopMode                      0x080047c1   Thumb Code    12  lowpower.o(i.LPM_DisableStopMode)
    LPM_EnterStopMode                        0x080047d1   Thumb Code    62  lowpower.o(i.LPM_EnterStopMode)
    LidarLite                                0x08004819   Thumb Code   174  lidar.o(i.LidarLite)
    List_Init                                0x08004935   Thumb Code    34  common.o(i.List_Init)
    MX_ADC_Init                              0x0800495d   Thumb Code   100  adc.o(i.MX_ADC_Init)
    MX_DMA_Init                              0x080049cd   Thumb Code    36  dma.o(i.MX_DMA_Init)
    MX_GPIO_Init                             0x080049f5   Thumb Code   232  gpio.o(i.MX_GPIO_Init)
    MX_I2C1_Init                             0x08004af9   Thumb Code    76  i2c.o(i.MX_I2C1_Init)
    MX_IWDG_Init                             0x08004b51   Thumb Code    32  iwdg.o(i.MX_IWDG_Init)
    MX_LPUART1_UART_Init                     0x08004b7d   Thumb Code    58  usart.o(i.MX_LPUART1_UART_Init)
    MX_RTC_Init                              0x08004bc1   Thumb Code   204  rtc.o(i.MX_RTC_Init)
    MX_USART2_UART_Init                      0x08004c95   Thumb Code    60  usart.o(i.MX_USART2_UART_Init)
    My_AlarmInit                             0x08004cd9   Thumb Code   242  time_server.o(i.My_AlarmInit)
    My_UARTEx_StopModeWakeUp                 0x08004dd1   Thumb Code    20  usart.o(i.My_UARTEx_StopModeWakeUp)
    NBTASK                                   0x08004de5   Thumb Code  3818  nbinit.o(i.NBTASK)
    NMI_Handler                              0x08005d49   Thumb Code     2  stm32l0xx_it.o(i.NMI_Handler)
    PendSV_Handler                           0x08005d4b   Thumb Code     2  stm32l0xx_it.o(i.PendSV_Handler)
    RNG_LPUART1_IRQHandler                   0x08005d4d   Thumb Code    10  stm32l0xx_it.o(i.RNG_LPUART1_IRQHandler)
    RTC_Bcd2ToByte                           0x08005d5d   Thumb Code    16  stm32l0xx_hal_rtc.o(i.RTC_Bcd2ToByte)
    RTC_ByteToBcd2                           0x08005d6d   Thumb Code    24  stm32l0xx_hal_rtc.o(i.RTC_ByteToBcd2)
    RTC_EnterInitMode                        0x08005d85   Thumb Code    56  stm32l0xx_hal_rtc.o(i.RTC_EnterInitMode)
    RTC_IRQHandler                           0x08005dbd   Thumb Code    10  stm32l0xx_it.o(i.RTC_IRQHandler)
    SVC_Handler                              0x08005dcd   Thumb Code     2  stm32l0xx_it.o(i.SVC_Handler)
    StrToHex                                 0x08005dcf   Thumb Code    74  common.o(i.StrToHex)
    SysTick_Handler                          0x08005e19   Thumb Code     8  stm32l0xx_it.o(i.SysTick_Handler)
    SystemClock_Config                       0x08005e21   Thumb Code   146  main.o(i.SystemClock_Config)
    SystemInit                               0x08005ebd   Thumb Code    66  system_stm32l0xx.o(i.SystemInit)
    UART_AdvFeatureConfig                    0x08005f11   Thumb Code   202  stm32l0xx_hal_uart.o(i.UART_AdvFeatureConfig)
    UART_CheckIdleState                      0x08005fdd   Thumb Code    94  stm32l0xx_hal_uart.o(i.UART_CheckIdleState)
    UART_SetConfig                           0x08006209   Thumb Code   492  stm32l0xx_hal_uart.o(i.UART_SetConfig)
    UART_Start_Receive_IT                    0x0800641d   Thumb Code   138  stm32l0xx_hal_uart.o(i.UART_Start_Receive_IT)
    UART_WaitOnFlagUntilTimeout              0x080064b5   Thumb Code   158  stm32l0xx_hal_uart.o(i.UART_WaitOnFlagUntilTimeout)
    ULT_distance                             0x08006555   Thumb Code   186  ultrasound.o(i.ULT_distance)
    USART2_IRQHandler                        0x08006671   Thumb Code    10  stm32l0xx_it.o(i.USART2_IRQHandler)
    WEIGHT_DOUT_Init                         0x080067cd   Thumb Code    50  weight.o(i.WEIGHT_DOUT_Init)
    WEIGHT_SCK_Init                          0x08006809   Thumb Code    70  weight.o(i.WEIGHT_SCK_Init)
    __0printf                                0x08006855   Thumb Code    24  printfa.o(i.__0printf)
    __1printf                                0x08006855   Thumb Code     0  printfa.o(i.__0printf)
    __2printf                                0x08006855   Thumb Code     0  printfa.o(i.__0printf)
    __c89printf                              0x08006855   Thumb Code     0  printfa.o(i.__0printf)
    printf                                   0x08006855   Thumb Code     0  printfa.o(i.__0printf)
    __0sprintf                               0x08006875   Thumb Code    36  printfa.o(i.__0sprintf)
    __1sprintf                               0x08006875   Thumb Code     0  printfa.o(i.__0sprintf)
    __2sprintf                               0x08006875   Thumb Code     0  printfa.o(i.__0sprintf)
    __c89sprintf                             0x08006875   Thumb Code     0  printfa.o(i.__0sprintf)
    sprintf                                  0x08006875   Thumb Code     0  printfa.o(i.__0sprintf)
    __ARM_clz                                0x0800689d   Thumb Code    46  depilogue.o(i.__ARM_clz)
    __ARM_common_ll_muluu                    0x080068cb   Thumb Code    48  stm32l0xx_hal_rcc.o(i.__ARM_common_ll_muluu)
    __ARM_common_switch8                     0x080068fb   Thumb Code    26  stm32l0xx_hal_dma.o(i.__ARM_common_switch8)
    __aeabi_errno_addr                       0x08006975   Thumb Code     4  errno.o(i.__aeabi_errno_addr)
    __rt_errno_addr                          0x08006975   Thumb Code     0  errno.o(i.__aeabi_errno_addr)
    __scatterload_copy                       0x0800697d   Thumb Code    14  handlers.o(i.__scatterload_copy)
    __scatterload_null                       0x0800698b   Thumb Code     2  handlers.o(i.__scatterload_null)
    __scatterload_zeroinit                   0x0800698d   Thumb Code    14  handlers.o(i.__scatterload_zeroinit)
    at_5vt_get                               0x08007259   Thumb Code    30  at.o(i.at_5vt_get)
    at_5vt_set                               0x08007291   Thumb Code    22  at.o(i.at_5vt_set)
    at_cdp_run                               0x080072ad   Thumb Code    14  at.o(i.at_cdp_run)
    at_cdp_set                               0x080072c1   Thumb Code    30  at.o(i.at_cdp_set)
    at_cfg_run                               0x080072e5   Thumb Code    38  at.o(i.at_cfg_run)
    at_cfm_get                               0x08007315   Thumb Code    30  at.o(i.at_cfm_get)
    at_cfm_set                               0x0800734d   Thumb Code    30  at.o(i.at_cfm_set)
    at_client_get                            0x08007371   Thumb Code    28  at.o(i.at_client_get)
    at_client_set                            0x080073a9   Thumb Code    62  at.o(i.at_client_set)
    at_cum_get                               0x080073ed   Thumb Code    30  at.o(i.at_cum_get)
    at_cum_set                               0x08007425   Thumb Code    30  at.o(i.at_cum_set)
    at_deui_get                              0x08007449   Thumb Code    28  at.o(i.at_deui_get)
    at_deui_set                              0x08007481   Thumb Code    68  at.o(i.at_deui_set)
    at_ext_get                               0x080074c9   Thumb Code    30  at.o(i.at_ext_get)
    at_ext_set                               0x08007501   Thumb Code    22  at.o(i.at_ext_set)
    at_fband_get                             0x0800751d   Thumb Code    30  at.o(i.at_fband_get)
    at_fband_set                             0x08007559   Thumb Code    30  at.o(i.at_fband_set)
    at_fdr_run                               0x0800757d   Thumb Code    38  at.o(i.at_fdr_run)
    at_inmod_get                             0x080075b1   Thumb Code    30  at.o(i.at_inmod_get)
    at_inmod_set                             0x080075ed   Thumb Code    46  at.o(i.at_inmod_set)
    at_ldata_get                             0x08007621   Thumb Code    44  at.o(i.at_ldata_get)
    at_mod_get                               0x08007671   Thumb Code    30  at.o(i.at_mod_get)
    at_mod_set                               0x080076ad   Thumb Code    72  at.o(i.at_mod_set)
    at_model_get                             0x08007771   Thumb Code    28  at.o(i.at_model_get)
    at_pro_get                               0x080077b1   Thumb Code    30  at.o(i.at_pro_get)
    at_pro_set                               0x080077e9   Thumb Code    42  at.o(i.at_pro_set)
    at_pubtopic_get                          0x08007819   Thumb Code    28  at.o(i.at_pubtopic_get)
    at_pubtopic_set                          0x08007855   Thumb Code    62  at.o(i.at_pubtopic_set)
    at_pwd_get                               0x08007899   Thumb Code    28  at.o(i.at_pwd_get)
    at_pwd_set                               0x080078cd   Thumb Code    62  at.o(i.at_pwd_set)
    at_pword_get                             0x08007911   Thumb Code    30  at.o(i.at_pword_get)
    at_pword_set                             0x0800794d   Thumb Code    90  at.o(i.at_pword_set)
    at_que                                   0x080079ad   Thumb Code    42  at.o(i.at_que)
    at_reset_run                             0x080079e9   Thumb Code     4  at.o(i.at_reset_run)
    at_return_error                          0x080079ed   Thumb Code     4  at.o(i.at_return_error)
    at_rxdl_get                              0x080079f1   Thumb Code    30  at.o(i.at_rxdl_get)
    at_rxdl_set                              0x08007a2d   Thumb Code    22  at.o(i.at_rxdl_set)
    at_servaddr_get                          0x08007a49   Thumb Code    28  at.o(i.at_servaddr_get)
    at_servaddr_set                          0x08007a85   Thumb Code    74  at.o(i.at_servaddr_set)
    at_subtopic_get                          0x08007ad5   Thumb Code    28  at.o(i.at_subtopic_get)
    at_subtopic_set                          0x08007b11   Thumb Code    62  at.o(i.at_subtopic_set)
    at_tdc_get                               0x08007b55   Thumb Code    30  at.o(i.at_tdc_get)
    at_tdc_set                               0x08007b8d   Thumb Code    36  at.o(i.at_tdc_set)
    at_uname_get                             0x08007bb9   Thumb Code    28  at.o(i.at_uname_get)
    at_uname_set                             0x08007bf1   Thumb Code    62  at.o(i.at_uname_set)
    at_uri_get                               0x08007c35   Thumb Code    28  at.o(i.at_uri_get)
    at_uri_set                               0x08007c69   Thumb Code    62  at.o(i.at_uri_set)
    at_weight_GapValue_get                   0x08007cad   Thumb Code    36  at.o(i.at_weight_GapValue_get)
    at_weight_GapValue_set                   0x08007ce1   Thumb Code   140  at.o(i.at_weight_GapValue_set)
    at_weight_get                            0x08007d75   Thumb Code    50  at.o(i.at_weight_get)
    at_weight_reset                          0x08007dc9   Thumb Code    22  at.o(i.at_weight_reset)
    config_Get                               0x08007de1   Thumb Code   920  at.o(i.config_Get)
    config_Set                               0x080081b1   Thumb Code   706  at.o(i.config_Set)
    countchar                                0x08008495   Thumb Code    26  common.o(i.countchar)
    createList                               0x080084b1   Thumb Code   136  common.o(i.createList)
    fputc                                    0x0800853d   Thumb Code    26  usart.o(i.fputc)
    getVoltage                               0x0800855d   Thumb Code    42  battery_read.o(i.getVoltage)
    hexDetection                             0x080085b5   Thumb Code    46  at.o(i.hexDetection)
    hexToint                                 0x080085e3   Thumb Code    90  common.o(i.hexToint)
    i2c_device_detection                     0x0800863d   Thumb Code    74  common.o(i.i2c_device_detection)
    led_on                                   0x080086e5   Thumb Code    44  common.o(i.led_on)
    main                                     0x08008711   Thumb Code   260  main.o(i.main)
    malloc                                   0x08008851   Thumb Code    92  malloc.o(i.malloc)
    nb_COAP_close_get                        0x080088bd   Thumb Code     6  nb_coap.o(i.nb_COAP_close_get)
    nb_COAP_close_run                        0x080088c9   Thumb Code    60  nb_coap.o(i.nb_COAP_close_run)
    nb_COAP_close_set                        0x08008909   Thumb Code     6  nb_coap.o(i.nb_COAP_close_set)
    nb_COAP_config_get                       0x08008915   Thumb Code     6  nb_coap.o(i.nb_COAP_config_get)
    nb_COAP_config_run                       0x08008921   Thumb Code    64  nb_coap.o(i.nb_COAP_config_run)
    nb_COAP_config_set                       0x08008965   Thumb Code     6  nb_coap.o(i.nb_COAP_config_set)
    nb_COAP_open_get                         0x08008971   Thumb Code     6  nb_coap.o(i.nb_COAP_open_get)
    nb_COAP_open_run                         0x0800897d   Thumb Code    64  nb_coap.o(i.nb_COAP_open_run)
    nb_COAP_open_set                         0x080089c1   Thumb Code     6  nb_coap.o(i.nb_COAP_open_set)
    nb_COAP_option_get                       0x080089cd   Thumb Code     6  nb_coap.o(i.nb_COAP_option_get)
    nb_COAP_option_run                       0x080089d9   Thumb Code    64  nb_coap.o(i.nb_COAP_option_run)
    nb_COAP_option_set                       0x08008a1d   Thumb Code    54  nb_coap.o(i.nb_COAP_option_set)
    nb_COAP_read_get                         0x08008a75   Thumb Code    80  nb_coap.o(i.nb_COAP_read_get)
    nb_COAP_read_run                         0x08008afd   Thumb Code    28  nb_coap.o(i.nb_COAP_read_run)
    nb_COAP_read_set                         0x08008b1d   Thumb Code    16  nb_coap.o(i.nb_COAP_read_set)
    nb_COAP_send_config_run                  0x08008b35   Thumb Code    38  nb_coap.o(i.nb_COAP_send_config_run)
    nb_COAP_send_config_set                  0x08008b61   Thumb Code    54  nb_coap.o(i.nb_COAP_send_config_set)
    nb_COAP_send_run                         0x08008bbd   Thumb Code    38  nb_coap.o(i.nb_COAP_send_run)
    nb_COAP_send_set                         0x08008be9   Thumb Code    18  nb_coap.o(i.nb_COAP_send_set)
    nb_COAP_uri_run                          0x08008c05   Thumb Code    58  nb_coap.o(i.nb_COAP_uri_run)
    nb_MQTT_close_run                        0x08008c91   Thumb Code    38  nb_mqtt.o(i.nb_MQTT_close_run)
    nb_MQTT_close_set                        0x08008cbd   Thumb Code     6  nb_mqtt.o(i.nb_MQTT_close_set)
    nb_MQTT_config_set                       0x08008cc9   Thumb Code    42  nb_mqtt.o(i.nb_MQTT_config_set)
    nb_MQTT_conn_run                         0x08008cf9   Thumb Code    36  nb_mqtt.o(i.nb_MQTT_conn_run)
    nb_MQTT_conn_set                         0x08008d21   Thumb Code   118  nb_mqtt.o(i.nb_MQTT_conn_set)
    nb_MQTT_data_read_run                    0x08008dc5   Thumb Code     6  nb_mqtt.o(i.nb_MQTT_data_read_run)
    nb_MQTT_data_read_set                    0x08008dd1   Thumb Code    66  nb_mqtt.o(i.nb_MQTT_data_read_set)
    nb_MQTT_open_run                         0x08008e41   Thumb Code    38  nb_mqtt.o(i.nb_MQTT_open_run)
    nb_MQTT_open_set                         0x08008e6d   Thumb Code   100  nb_mqtt.o(i.nb_MQTT_open_set)
    nb_MQTT_pub_run                          0x08008ef5   Thumb Code    38  nb_mqtt.o(i.nb_MQTT_pub_run)
    nb_MQTT_pub_set                          0x08008f21   Thumb Code    54  nb_mqtt.o(i.nb_MQTT_pub_set)
    nb_MQTT_send_run                         0x08008f7d   Thumb Code    40  nb_mqtt.o(i.nb_MQTT_send_run)
    nb_MQTT_send_set                         0x08008fa9   Thumb Code    20  nb_mqtt.o(i.nb_MQTT_send_set)
    nb_MQTT_sub_run                          0x08008fc5   Thumb Code    38  nb_mqtt.o(i.nb_MQTT_sub_run)
    nb_MQTT_sub_set                          0x08008ff1   Thumb Code    54  nb_mqtt.o(i.nb_MQTT_sub_set)
    nb_MQTT_uri_run                          0x0800904d   Thumb Code   128  nb_mqtt.o(i.nb_MQTT_uri_run)
    nb_TCP_close_get                         0x08009141   Thumb Code     6  nb_tcp.o(i.nb_TCP_close_get)
    nb_TCP_close_run                         0x0800914d   Thumb Code    60  nb_tcp.o(i.nb_TCP_close_run)
    nb_TCP_close_set                         0x0800918d   Thumb Code    84  nb_tcp.o(i.nb_TCP_close_set)
    nb_TCP_conn_get                          0x08009205   Thumb Code     6  nb_tcp.o(i.nb_TCP_conn_get)
    nb_TCP_conn_run                          0x08009211   Thumb Code    66  nb_tcp.o(i.nb_TCP_conn_run)
    nb_TCP_conn_set                          0x08009259   Thumb Code    82  nb_tcp.o(i.nb_TCP_conn_set)
    nb_TCP_open_get                          0x080092d5   Thumb Code    36  nb_tcp.o(i.nb_TCP_open_get)
    nb_TCP_open_run                          0x08009301   Thumb Code    64  nb_tcp.o(i.nb_TCP_open_run)
    nb_TCP_open_set                          0x08009345   Thumb Code     6  nb_tcp.o(i.nb_TCP_open_set)
    nb_TCP_read_get                          0x08009351   Thumb Code    90  nb_tcp.o(i.nb_TCP_read_get)
    nb_TCP_read_run                          0x080093dd   Thumb Code    42  nb_tcp.o(i.nb_TCP_read_run)
    nb_TCP_read_set                          0x08009411   Thumb Code    84  nb_tcp.o(i.nb_TCP_read_set)
    nb_TCP_send_run                          0x0800948d   Thumb Code    54  nb_tcp.o(i.nb_TCP_send_run)
    nb_TCP_send_set                          0x080094c9   Thumb Code   108  nb_tcp.o(i.nb_TCP_send_set)
    nb_TCP_uri_run                           0x08009569   Thumb Code    80  nb_tcp.o(i.nb_TCP_uri_run)
    nb_UDP_close_get                         0x080095e5   Thumb Code     6  nb_udp.o(i.nb_UDP_close_get)
    nb_UDP_close_run                         0x080095f1   Thumb Code    64  nb_udp.o(i.nb_UDP_close_run)
    nb_UDP_close_set                         0x08009635   Thumb Code    84  nb_udp.o(i.nb_UDP_close_set)
    nb_UDP_open_get                          0x080096ad   Thumb Code    36  nb_udp.o(i.nb_UDP_open_get)
    nb_UDP_open_run                          0x080096d9   Thumb Code    66  nb_udp.o(i.nb_UDP_open_run)
    nb_UDP_open_set                          0x08009721   Thumb Code     6  nb_udp.o(i.nb_UDP_open_set)
    nb_UDP_read_get                          0x0800972d   Thumb Code    90  nb_udp.o(i.nb_UDP_read_get)
    nb_UDP_read_run                          0x080097b9   Thumb Code    46  nb_udp.o(i.nb_UDP_read_run)
    nb_UDP_read_set                          0x080097f1   Thumb Code    84  nb_udp.o(i.nb_UDP_read_set)
    nb_UDP_send_run                          0x0800986d   Thumb Code    50  nb_udp.o(i.nb_UDP_send_run)
    nb_UDP_send_set                          0x080098a5   Thumb Code   170  nb_udp.o(i.nb_UDP_send_set)
    nb_UDP_uri_run                           0x080099a1   Thumb Code    60  nb_udp.o(i.nb_UDP_uri_run)
    nb_at_run                                0x080099fd   Thumb Code    36  nbinit.o(i.nb_at_run)
    nb_at_send                               0x08009a25   Thumb Code    94  nbinit.o(i.nb_at_send)
    nb_ate_run                               0x08009a8d   Thumb Code    40  nbinit.o(i.nb_ate_run)
    nb_cclk_get                              0x08009ab9   Thumb Code    70  nbinit.o(i.nb_cclk_get)
    nb_cclk_run                              0x08009b19   Thumb Code    58  nbinit.o(i.nb_cclk_run)
    nb_cfun_get                              0x08009b5d   Thumb Code     6  nbinit.o(i.nb_cfun_get)
    nb_cfun_run                              0x08009b69   Thumb Code    44  nbinit.o(i.nb_cfun_run)
    nb_cfun_set                              0x08009b99   Thumb Code    40  nbinit.o(i.nb_cfun_set)
    nb_cgsn_get                              0x08009bd5   Thumb Code    90  nbinit.o(i.nb_cgsn_get)
    nb_cimi_get                              0x08009c39   Thumb Code    88  nbinit.o(i.nb_cimi_get)
    nb_cpsms_get                             0x08009c99   Thumb Code     6  nbinit.o(i.nb_cpsms_get)
    nb_cpsms_run                             0x08009ca5   Thumb Code    54  nbinit.o(i.nb_cpsms_run)
    nb_cpsms_set                             0x08009ce1   Thumb Code    54  nbinit.o(i.nb_cpsms_set)
    nb_csq_get                               0x08009d49   Thumb Code   102  nbinit.o(i.nb_csq_get)
    nb_nband_get                             0x08009dbd   Thumb Code    98  nbinit.o(i.nb_nband_get)
    nb_nband_run                             0x08009e65   Thumb Code    52  nbinit.o(i.nb_nband_run)
    nb_nband_set                             0x08009e9d   Thumb Code    50  nbinit.o(i.nb_nband_set)
    nb_nconfig_run                           0x08009f01   Thumb Code    50  nbinit.o(i.nb_nconfig_run)
    nb_nrb_run                               0x08009f39   Thumb Code    46  nbinit.o(i.nb_nrb_run)
    nb_null_run                              0x08009f6d   Thumb Code     4  nbinit.o(i.nb_null_run)
    new_firmware_update                      0x08009f71   Thumb Code    46  common.o(i.new_firmware_update)
    printList                                0x08009fa5   Thumb Code    48  common.o(i.printList)
    product_information_print                0x08009fe1   Thumb Code    48  common.o(i.product_information_print)
    reboot_information_print                 0x0800a039   Thumb Code   130  common.o(i.reboot_information_print)
    rtrim                                    0x0800a1a1   Thumb Code    38  at.o(i.rtrim)
    rxPayLoadDeal                            0x0800a1c9   Thumb Code   166  common.o(i.rxPayLoadDeal)
    sht20Data                                0x0800a29d   Thumb Code   344  sht20.o(i.sht20Data)
    sht2x_Detect                             0x0800a465   Thumb Code    64  sht20.o(i.sht2x_Detect)
    sht31Data                                0x0800a4ad   Thumb Code   278  sht31.o(i.sht31Data)
    sht31Init                                0x0800a625   Thumb Code    34  sht31.o(i.sht31Init)
    sht31LowPower                            0x0800a651   Thumb Code    34  sht31.o(i.sht31LowPower)
    sht3x_Detect                             0x0800a67d   Thumb Code    64  sht31.o(i.sht3x_Detect)
    sortList                                 0x0800a6c5   Thumb Code    62  common.o(i.sortList)
    stob                                     0x0800a709   Thumb Code    40  battery_read.o(i.stob)
    string_touint                            0x0800a731   Thumb Code    48  common.o(i.string_touint)
    txPayLoadDeal                            0x0800a769   Thumb Code  1648  common.o(i.txPayLoadDeal)
    upLink_fail_read                         0x0800ae11   Thumb Code   250  common.o(i.upLink_fail_read)
    upLink_fail_write                        0x0800af19   Thumb Code   762  common.o(i.upLink_fail_write)
    upLink_flash_clear                       0x0800b22d   Thumb Code    62  common.o(i.upLink_flash_clear)
    waitbusy                                 0x0800b275   Thumb Code    76  lidar.o(i.waitbusy)
    AHBPrescTable                            0x0800b56c   Data          16  system_stm32l0xx.o(.constdata)
    PLLMulTable                              0x0800b57c   Data           9  system_stm32l0xx.o(.constdata)
    APBPrescTable                            0x0800b585   Data           8  system_stm32l0xx.o(.constdata)
    __ctype_table                            0x0800b58d   Data         129  ctype_o.o(.constdata)
    Region$$Table$$Base                      0x0800bf44   Number         0  anon$$obj.o(Region$$Table)
    Region$$Table$$Limit                     0x0800bf64   Number         0  anon$$obj.o(Region$$Table)
    sys                                      0x20000014   Data          40  common.o(.data)
    sensor                                   0x2000003c   Data          56  common.o(.data)
    PAGEError                                0x2000009c   Data           4  flash_eraseprogram.o(.data)
    data32                                   0x200000a0   Data           4  flash_eraseprogram.o(.data)
    HX711_Buffer                             0x200000a4   Data           4  weight.o(.data)
    Weight_Maopi                             0x200000a8   Data           4  weight.o(.data)
    Weight_Shiwu                             0x200000ac   Data           4  weight.o(.data)
    nb                                       0x200006cc   Data          56  nbinit.o(.data)
    SystemCoreClock                          0x20001f64   Data           4  system_stm32l0xx.o(.data)
    uwTickFreq                               0x20001f68   Data           1  stm32l0xx_hal.o(.data)
    uwTickPrio                               0x20001f6c   Data           4  stm32l0xx_hal.o(.data)
    uwTick                                   0x20001f70   Data           4  stm32l0xx_hal.o(.data)
    __stdout                                 0x20001f74   Data           4  stdout.o(.data)
    __microlib_freelist                      0x20001f78   Data           4  mvars.o(.data)
    __microlib_freelist_initialised          0x20001f7c   Data           4  mvars.o(.data)
    hadc                                     0x200020b0   Data          92  adc.o(.bss)
    hi2c1                                    0x2000210c   Data          76  i2c.o(.bss)
    hiwdg                                    0x20002158   Data          16  iwdg.o(.bss)
    hlpuart1                                 0x20002168   Data         132  usart.o(.bss)
    huart2                                   0x200021ec   Data         132  usart.o(.bss)
    hdma_lpuart1_tx                          0x20002270   Data          72  usart.o(.bss)
    hrtc                                     0x200022b8   Data          36  rtc.o(.bss)
    user                                     0x20002524   Data         421  common.o(.bss)
    pFlash                                   0x20003170   Data          24  stm32l0xx_hal_flash.o(.bss)
    __heap_base                              0x20003188   Data           0  startup_stm32l072xx.o(HEAP)
    __heap_limit                             0x20003388   Data           0  startup_stm32l072xx.o(HEAP)
    __initial_sp                             0x20003788   Data           0  startup_stm32l072xx.o(STACK)



==============================================================================

Memory Map of the image

  Image Entry point : 0x080000c1

  Load Region LR_IROM1 (Base: 0x08000000, Size: 0x0000dee8, Max: 0x00030000, ABSOLUTE, COMPRESSED[0x0000cae4])

    Execution Region ER_IROM1 (Exec base: 0x08000000, Load base: 0x08000000, Size: 0x0000bf64, Max: 0x00030000, ABSOLUTE)

    Exec Addr    Load Addr    Size         Type   Attr      Idx    E Section Name        Object

    0x08000000   0x08000000   0x000000c0   Data   RO            3    RESET               startup_stm32l072xx.o
    0x080000c0   0x080000c0   0x00000000   Code   RO         5019  * .ARM.Collect$$$$00000000  mc_p.l(entry.o)
    0x080000c0   0x080000c0   0x00000004   Code   RO         5400    .ARM.Collect$$$$00000001  mc_p.l(entry2.o)
    0x080000c4   0x080000c4   0x00000004   Code   RO         5403    .ARM.Collect$$$$00000004  mc_p.l(entry5.o)
    0x080000c8   0x080000c8   0x00000000   Code   RO         5405    .ARM.Collect$$$$00000008  mc_p.l(entry7b.o)
    0x080000c8   0x080000c8   0x00000000   Code   RO         5407    .ARM.Collect$$$$0000000A  mc_p.l(entry8b.o)
    0x080000c8   0x080000c8   0x00000008   Code   RO         5408    .ARM.Collect$$$$0000000B  mc_p.l(entry9a.o)
    0x080000d0   0x080000d0   0x00000004   Code   RO         5415    .ARM.Collect$$$$0000000E  mc_p.l(entry12b.o)
    0x080000d4   0x080000d4   0x00000000   Code   RO         5410    .ARM.Collect$$$$0000000F  mc_p.l(entry10a.o)
    0x080000d4   0x080000d4   0x00000000   Code   RO         5412    .ARM.Collect$$$$00000011  mc_p.l(entry11a.o)
    0x080000d4   0x080000d4   0x00000004   Code   RO         5401    .ARM.Collect$$$$00002712  mc_p.l(entry2.o)
    0x080000d8   0x080000d8   0x0000001c   Code   RO            4    .text               startup_stm32l072xx.o
    0x080000f4   0x080000f4   0x0000002c   Code   RO         5022    .text               mc_p.l(uidiv.o)
    0x08000120   0x08000120   0x00000060   Code   RO         5024    .text               mc_p.l(uldiv.o)
    0x08000180   0x08000180   0x00000008   Code   RO         5026    .text               mc_p.l(ctype_o.o)
    0x08000188   0x08000188   0x0000000c   Code   RO         5054    .text               mc_p.l(toupper.o)
    0x08000194   0x08000194   0x0000000c   Code   RO         5056    .text               mc_p.l(tolower.o)
    0x080001a0   0x080001a0   0x0000008c   Code   RO         5058    .text               mc_p.l(mktime.o)
    0x0800022c   0x0800022c   0x00000024   Code   RO         5061    .text               mc_p.l(memcpya.o)
    0x08000250   0x08000250   0x00000024   Code   RO         5063    .text               mc_p.l(memseta.o)
    0x08000274   0x08000274   0x00000018   Code   RO         5065    .text               mc_p.l(strcat.o)
    0x0800028c   0x0800028c   0x00000028   Code   RO         5067    .text               mc_p.l(strstr.o)
    0x080002b4   0x080002b4   0x0000001a   Code   RO         5069    .text               mc_p.l(strncpy.o)
    0x080002ce   0x080002ce   0x00000014   Code   RO         5071    .text               mc_p.l(strchr.o)
    0x080002e2   0x080002e2   0x0000000e   Code   RO         5073    .text               mc_p.l(strlen.o)
    0x080002f0   0x080002f0   0x0000001c   Code   RO         5075    .text               mc_p.l(strcmp.o)
    0x0800030c   0x0800030c   0x00000016   Code   RO         5077    .text               mc_p.l(strrchr.o)
    0x08000322   0x08000322   0x0000001a   Code   RO         5370    .text               mc_p.l(atoi.o)
    0x0800033c   0x0800033c   0x0000007a   Code   RO         5372    .text               mf_p.l(fmul.o)
    0x080003b6   0x080003b6   0x0000007c   Code   RO         5374    .text               mf_p.l(fdiv.o)
    0x08000432   0x08000432   0x00000002   PAD
    0x08000434   0x08000434   0x00000168   Code   RO         5376    .text               mf_p.l(dadd.o)
    0x0800059c   0x0800059c   0x000000d0   Code   RO         5378    .text               mf_p.l(dmul.o)
    0x0800066c   0x0800066c   0x000000f0   Code   RO         5380    .text               mf_p.l(ddiv.o)
    0x0800075c   0x0800075c   0x0000002c   Code   RO         5382    .text               mf_p.l(dscalb.o)
    0x08000788   0x08000788   0x00000016   Code   RO         5384    .text               mf_p.l(fflti.o)
    0x0800079e   0x0800079e   0x0000000e   Code   RO         5386    .text               mf_p.l(ffltui.o)
    0x080007ac   0x080007ac   0x00000028   Code   RO         5388    .text               mf_p.l(dflti.o)
    0x080007d4   0x080007d4   0x0000001c   Code   RO         5390    .text               mf_p.l(dfltui.o)
    0x080007f0   0x080007f0   0x00000032   Code   RO         5392    .text               mf_p.l(ffixi.o)
    0x08000822   0x08000822   0x00000028   Code   RO         5394    .text               mf_p.l(ffixui.o)
    0x0800084a   0x0800084a   0x00000028   Code   RO         5396    .text               mf_p.l(f2d.o)
    0x08000872   0x08000872   0x00000038   Code   RO         5398    .text               mf_p.l(d2f.o)
    0x080008aa   0x080008aa   0x00000028   Code   RO         5417    .text               mc_p.l(idiv.o)
    0x080008d2   0x080008d2   0x00000020   Code   RO         5419    .text               mc_p.l(llshl.o)
    0x080008f2   0x080008f2   0x00000022   Code   RO         5421    .text               mc_p.l(llushr.o)
    0x08000914   0x08000914   0x00000026   Code   RO         5423    .text               mc_p.l(llsshr.o)
    0x0800093a   0x0800093a   0x00000002   PAD
    0x0800093c   0x0800093c   0x00000074   Code   RO         5428    .text               mc_p.l(localtime_i.o)
    0x080009b0   0x080009b0   0x00000070   Code   RO         5440    .text               mc_p.l(strtol.o)
    0x08000a20   0x08000a20   0x00000000   Code   RO         5442    .text               mc_p.l(iusefp.o)
    0x08000a20   0x08000a20   0x00000082   Code   RO         5443    .text               mf_p.l(fepilogue.o)
    0x08000aa2   0x08000aa2   0x000000be   Code   RO         5445    .text               mf_p.l(depilogue.o)
    0x08000b60   0x08000b60   0x00000040   Code   RO         5449    .text               mf_p.l(dfixul.o)
    0x08000ba0   0x08000ba0   0x00000028   Code   RO         5451    .text               mf_p.l(cdrcmple.o)
    0x08000bc8   0x08000bc8   0x00000024   Code   RO         5453    .text               mc_p.l(init.o)
    0x08000bec   0x08000bec   0x000000a6   Code   RO         5455    .text               mc_p.l(_strtoul.o)
    0x08000c92   0x08000c92   0x0000001e   Code   RO         5457    .text               mc_p.l(_chval.o)
    0x08000cb0   0x08000cb0   0x00000056   Code   RO         5467    .text               mc_p.l(__dczerorl2.o)
    0x08000d06   0x08000d06   0x00000002   PAD
    0x08000d08   0x08000d08   0x0000011c   Code   RO          990    i.ADCModel          battery_read.o
    0x08000e24   0x08000e24   0x00000024   Code   RO         2199    i.ADC_DelayMicroSecond  stm32l0xx_hal_adc.o
    0x08000e48   0x08000e48   0x00000064   Code   RO         2201    i.ADC_Enable        stm32l0xx_hal_adc.o
    0x08000eac   0x08000eac   0x000000dc   Code   RO          608    i.ATInsPro          at.o
    0x08000f88   0x08000f88   0x00000010   Code   RO          510    i.DMA1_Channel2_3_IRQHandler  stm32l0xx_it.o
    0x08000f98   0x08000f98   0x0000002c   Code   RO         3697    i.DMA_SetConfig     stm32l0xx_hal_dma.o
    0x08000fc4   0x08000fc4   0x0000010c   Code   RO         1276    i.DS18B20_GetTemp_SkipRom  ds18b20.o
    0x080010d0   0x080010d0   0x00000074   Code   RO         1277    i.DS18B20_IoDeInit  ds18b20.o
    0x08001144   0x08001144   0x00000074   Code   RO         1278    i.DS18B20_Mode_IPU  ds18b20.o
    0x080011b8   0x080011b8   0x00000070   Code   RO         1279    i.DS18B20_Mode_Out_PP  ds18b20.o
    0x08001228   0x08001228   0x00000108   Code   RO         1280    i.DS18B20_Presence  ds18b20.o
    0x08001330   0x08001330   0x00000098   Code   RO         1281    i.DS18B20_ReadBit   ds18b20.o
    0x080013c8   0x080013c8   0x00000020   Code   RO         1282    i.DS18B20_ReadByte  ds18b20.o
    0x080013e8   0x080013e8   0x00000074   Code   RO         1283    i.DS18B20_Rst       ds18b20.o
    0x0800145c   0x0800145c   0x00000018   Code   RO         1284    i.DS18B20_SkipRom   ds18b20.o
    0x08001474   0x08001474   0x00000134   Code   RO         1286    i.DS18B20_WriteByte  ds18b20.o
    0x080015a8   0x080015a8   0x00000016   Code   RO         1287    i.DS18B20_delay     ds18b20.o
    0x080015be   0x080015be   0x00000014   Code   RO          511    i.EXTI4_15_IRQHandler  stm32l0xx_it.o
    0x080015d2   0x080015d2   0x00000002   PAD
    0x080015d4   0x080015d4   0x0000010c   Code   RO         1031    i.EX_GPIO_Init      common.o
    0x080016e0   0x080016e0   0x00000002   Code   RO           12    i.Error_Handler     main.o
    0x080016e2   0x080016e2   0x00000002   PAD
    0x080016e4   0x080016e4   0x0000002c   Code   RO         3527    i.FLASH_PageErase   stm32l0xx_hal_flash_ex.o
    0x08001710   0x08001710   0x00000090   Code   RO         3429    i.FLASH_SetErrorCode  stm32l0xx_hal_flash.o
    0x080017a0   0x080017a0   0x00000070   Code   RO         3430    i.FLASH_WaitForLastOperation  stm32l0xx_hal_flash.o
    0x08001810   0x08001810   0x00000058   Code   RO         1179    i.FLASH_erase       flash_eraseprogram.o
    0x08001868   0x08001868   0x00000074   Code   RO         1180    i.FLASH_program     flash_eraseprogram.o
    0x080018dc   0x080018dc   0x00000010   Code   RO         1181    i.FLASH_read        flash_eraseprogram.o
    0x080018ec   0x080018ec   0x0000003c   Code   RO         1449    i.GPIO_ULT_INPUT_DeInit  ultrasound.o
    0x08001928   0x08001928   0x00000038   Code   RO         1450    i.GPIO_ULT_INPUT_Init  ultrasound.o
    0x08001960   0x08001960   0x0000003c   Code   RO         1451    i.GPIO_ULT_OUTPUT_DeInit  ultrasound.o
    0x0800199c   0x0800199c   0x00000040   Code   RO         1452    i.GPIO_ULT_OUTPUT_Init  ultrasound.o
    0x080019dc   0x080019dc   0x00000068   Code   RO         1241    i.GetTick           time_server.o
    0x08001a44   0x08001a44   0x00000010   Code   RO         1493    i.Get_Maopi         weight.o
    0x08001a54   0x08001a54   0x00000048   Code   RO         1494    i.Get_Weight        weight.o
    0x08001a9c   0x08001a9c   0x000000aa   Code   RO         2378    i.HAL_ADCEx_Calibration_Start  stm32l0xx_hal_adc_ex.o
    0x08001b46   0x08001b46   0x00000002   PAD
    0x08001b48   0x08001b48   0x00000094   Code   RO         2203    i.HAL_ADC_ConfigChannel  stm32l0xx_hal_adc.o
    0x08001bdc   0x08001bdc   0x00000006   Code   RO         2210    i.HAL_ADC_GetValue  stm32l0xx_hal_adc.o
    0x08001be2   0x08001be2   0x00000002   PAD
    0x08001be4   0x08001be4   0x000001c8   Code   RO         2212    i.HAL_ADC_Init      stm32l0xx_hal_adc.o
    0x08001dac   0x08001dac   0x0000001c   Code   RO          294    i.HAL_ADC_MspInit   adc.o
    0x08001dc8   0x08001dc8   0x000000c0   Code   RO         2216    i.HAL_ADC_PollForConversion  stm32l0xx_hal_adc.o
    0x08001e88   0x08001e88   0x0000005c   Code   RO         2218    i.HAL_ADC_Start     stm32l0xx_hal_adc.o
    0x08001ee4   0x08001ee4   0x00000044   Code   RO         3698    i.HAL_DMA_Abort     stm32l0xx_hal_dma.o
    0x08001f28   0x08001f28   0x0000004c   Code   RO         3699    i.HAL_DMA_Abort_IT  stm32l0xx_hal_dma.o
    0x08001f74   0x08001f74   0x000000a8   Code   RO         3703    i.HAL_DMA_IRQHandler  stm32l0xx_hal_dma.o
    0x0800201c   0x0800201c   0x00000090   Code   RO         3704    i.HAL_DMA_Init      stm32l0xx_hal_dma.o
    0x080020ac   0x080020ac   0x00000068   Code   RO         3708    i.HAL_DMA_Start_IT  stm32l0xx_hal_dma.o
    0x08002114   0x08002114   0x00000024   Code   RO         2441    i.HAL_Delay         stm32l0xx_hal.o
    0x08002138   0x08002138   0x00000014   Code   RO         3533    i.HAL_FLASHEx_DATAEEPROM_Lock  stm32l0xx_hal_flash_ex.o
    0x0800214c   0x0800214c   0x00000054   Code   RO         3534    i.HAL_FLASHEx_DATAEEPROM_Program  stm32l0xx_hal_flash_ex.o
    0x080021a0   0x080021a0   0x00000034   Code   RO         3535    i.HAL_FLASHEx_DATAEEPROM_Unlock  stm32l0xx_hal_flash_ex.o
    0x080021d4   0x080021d4   0x00000078   Code   RO         3536    i.HAL_FLASHEx_Erase  stm32l0xx_hal_flash_ex.o
    0x0800224c   0x0800224c   0x0000000c   Code   RO         3432    i.HAL_FLASH_GetError  stm32l0xx_hal_flash.o
    0x08002258   0x08002258   0x0000001c   Code   RO         3434    i.HAL_FLASH_Lock    stm32l0xx_hal_flash.o
    0x08002274   0x08002274   0x0000003c   Code   RO         3439    i.HAL_FLASH_Program  stm32l0xx_hal_flash.o
    0x080022b0   0x080022b0   0x0000005c   Code   RO         3441    i.HAL_FLASH_Unlock  stm32l0xx_hal_flash.o
    0x0800230c   0x0800230c   0x0000005c   Code   RO           13    i.HAL_GPIO_EXTI_Callback  main.o
    0x08002368   0x08002368   0x00000018   Code   RO         3637    i.HAL_GPIO_EXTI_IRQHandler  stm32l0xx_hal_gpio.o
    0x08002380   0x08002380   0x00000184   Code   RO         3638    i.HAL_GPIO_Init     stm32l0xx_hal_gpio.o
    0x08002504   0x08002504   0x0000000a   Code   RO         3640    i.HAL_GPIO_ReadPin  stm32l0xx_hal_gpio.o
    0x0800250e   0x0800250e   0x0000000c   Code   RO         3642    i.HAL_GPIO_WritePin  stm32l0xx_hal_gpio.o
    0x0800251a   0x0800251a   0x00000002   PAD
    0x0800251c   0x0800251c   0x0000000c   Code   RO         2445    i.HAL_GetTick       stm32l0xx_hal.o
    0x08002528   0x08002528   0x0000004a   Code   RO         3096    i.HAL_I2CEx_ConfigAnalogFilter  stm32l0xx_hal_i2c_ex.o
    0x08002572   0x08002572   0x00000048   Code   RO         3097    i.HAL_I2CEx_ConfigDigitalFilter  stm32l0xx_hal_i2c_ex.o
    0x080025ba   0x080025ba   0x00000002   PAD
    0x080025bc   0x080025bc   0x000000b4   Code   RO         2649    i.HAL_I2C_Init      stm32l0xx_hal_i2c.o
    0x08002670   0x08002670   0x00000110   Code   RO         2655    i.HAL_I2C_Master_Receive  stm32l0xx_hal_i2c.o
    0x08002780   0x08002780   0x00000110   Code   RO         2662    i.HAL_I2C_Master_Transmit  stm32l0xx_hal_i2c.o
    0x08002890   0x08002890   0x00000154   Code   RO         2667    i.HAL_I2C_Mem_Read  stm32l0xx_hal_i2c.o
    0x080029e4   0x080029e4   0x0000014c   Code   RO         2670    i.HAL_I2C_Mem_Write  stm32l0xx_hal_i2c.o
    0x08002b30   0x08002b30   0x0000005c   Code   RO          352    i.HAL_I2C_MspInit   i2c.o
    0x08002b8c   0x08002b8c   0x00000064   Code   RO         4142    i.HAL_IWDG_Init     stm32l0xx_hal_iwdg.o
    0x08002bf0   0x08002bf0   0x00000010   Code   RO         4143    i.HAL_IWDG_Refresh  stm32l0xx_hal_iwdg.o
    0x08002c00   0x08002c00   0x00000010   Code   RO         2451    i.HAL_IncTick       stm32l0xx_hal.o
    0x08002c10   0x08002c10   0x00000028   Code   RO         2452    i.HAL_Init          stm32l0xx_hal.o
    0x08002c38   0x08002c38   0x00000044   Code   RO         2453    i.HAL_InitTick      stm32l0xx_hal.o
    0x08002c7c   0x08002c7c   0x00000018   Code   RO          588    i.HAL_MspInit       stm32l0xx_hal_msp.o
    0x08002c94   0x08002c94   0x00000018   Code   RO         3967    i.HAL_NVIC_EnableIRQ  stm32l0xx_hal_cortex.o
    0x08002cac   0x08002cac   0x00000008   Code   RO         3971    i.HAL_NVIC_SetPriority  stm32l0xx_hal_cortex.o
    0x08002cb4   0x08002cb4   0x00000010   Code   RO         3909    i.HAL_PWREx_EnableFastWakeUp  stm32l0xx_hal_pwr_ex.o
    0x08002cc4   0x08002cc4   0x00000010   Code   RO         3911    i.HAL_PWREx_EnableUltraLowPower  stm32l0xx_hal_pwr_ex.o
    0x08002cd4   0x08002cd4   0x00000010   Code   RO         3797    i.HAL_PWR_EnableBkUpAccess  stm32l0xx_hal_pwr.o
    0x08002ce4   0x08002ce4   0x00000064   Code   RO         3804    i.HAL_PWR_EnterSTOPMode  stm32l0xx_hal_pwr.o
    0x08002d48   0x08002d48   0x0000018c   Code   RO         3258    i.HAL_RCCEx_PeriphCLKConfig  stm32l0xx_hal_rcc_ex.o
    0x08002ed4   0x08002ed4   0x0000019c   Code   RO         3147    i.HAL_RCC_ClockConfig  stm32l0xx_hal_rcc.o
    0x08003070   0x08003070   0x00000020   Code   RO         3153    i.HAL_RCC_GetPCLK1Freq  stm32l0xx_hal_rcc.o
    0x08003090   0x08003090   0x00000020   Code   RO         3154    i.HAL_RCC_GetPCLK2Freq  stm32l0xx_hal_rcc.o
    0x080030b0   0x080030b0   0x00000078   Code   RO         3155    i.HAL_RCC_GetSysClockFreq  stm32l0xx_hal_rcc.o
    0x08003128   0x08003128   0x0000049e   Code   RO         3158    i.HAL_RCC_OscConfig  stm32l0xx_hal_rcc.o
    0x080035c6   0x080035c6   0x00000002   PAD
    0x080035c8   0x080035c8   0x00000094   Code   RO           14    i.HAL_RTCEx_AlarmBEventCallback  main.o
    0x0800365c   0x0800365c   0x00000030   Code   RO           15    i.HAL_RTC_AlarmAEventCallback  main.o
    0x0800368c   0x0800368c   0x00000060   Code   RO         4637    i.HAL_RTC_AlarmIRQHandler  stm32l0xx_hal_rtc.o
    0x080036ec   0x080036ec   0x000000b8   Code   RO         4639    i.HAL_RTC_DeactivateAlarm  stm32l0xx_hal_rtc.o
    0x080037a4   0x080037a4   0x00000044   Code   RO         4641    i.HAL_RTC_GetDate   stm32l0xx_hal_rtc.o
    0x080037e8   0x080037e8   0x0000005c   Code   RO         4643    i.HAL_RTC_GetTime   stm32l0xx_hal_rtc.o
    0x08003844   0x08003844   0x000000bc   Code   RO         4644    i.HAL_RTC_Init      stm32l0xx_hal_rtc.o
    0x08003900   0x08003900   0x00000030   Code   RO          473    i.HAL_RTC_MspInit   rtc.o
    0x08003930   0x08003930   0x00000190   Code   RO         4649    i.HAL_RTC_SetAlarm_IT  stm32l0xx_hal_rtc.o
    0x08003ac0   0x08003ac0   0x000000c4   Code   RO         4650    i.HAL_RTC_SetDate   stm32l0xx_hal_rtc.o
    0x08003b84   0x08003b84   0x000000e8   Code   RO         4651    i.HAL_RTC_SetTime   stm32l0xx_hal_rtc.o
    0x08003c6c   0x08003c6c   0x00000034   Code   RO         4652    i.HAL_RTC_WaitForSynchro  stm32l0xx_hal_rtc.o
    0x08003ca0   0x08003ca0   0x00000010   Code   RO         2456    i.HAL_ResumeTick    stm32l0xx_hal.o
    0x08003cb0   0x08003cb0   0x00000030   Code   RO         3975    i.HAL_SYSTICK_Config  stm32l0xx_hal_cortex.o
    0x08003ce0   0x08003ce0   0x00000010   Code   RO         2462    i.HAL_SuspendTick   stm32l0xx_hal.o
    0x08003cf0   0x08003cf0   0x00000022   Code   RO         4561    i.HAL_UARTEx_EnableStopMode  stm32l0xx_hal_uart_ex.o
    0x08003d12   0x08003d12   0x00000002   Code   RO         4177    i.HAL_UARTEx_RxEventCallback  stm32l0xx_hal_uart.o
    0x08003d14   0x08003d14   0x00000098   Code   RO         4565    i.HAL_UARTEx_StopModeWakeUpSourceConfig  stm32l0xx_hal_uart_ex.o
    0x08003dac   0x08003dac   0x00000002   Code   RO         4566    i.HAL_UARTEx_WakeupCallback  stm32l0xx_hal_uart_ex.o
    0x08003dae   0x08003dae   0x00000002   Code   RO         4193    i.HAL_UART_ErrorCallback  stm32l0xx_hal_uart.o
    0x08003db0   0x08003db0   0x00000220   Code   RO         4196    i.HAL_UART_IRQHandler  stm32l0xx_hal_uart.o
    0x08003fd0   0x08003fd0   0x0000006a   Code   RO         4197    i.HAL_UART_Init     stm32l0xx_hal_uart.o
    0x0800403a   0x0800403a   0x00000002   PAD
    0x0800403c   0x0800403c   0x000000e8   Code   RO          416    i.HAL_UART_MspInit  usart.o
    0x08004124   0x08004124   0x00000060   Code   RO         4202    i.HAL_UART_Receive_IT  stm32l0xx_hal_uart.o
    0x08004184   0x08004184   0x00000074   Code   RO           16    i.HAL_UART_RxCpltCallback  main.o
    0x080041f8   0x080041f8   0x000000d2   Code   RO         4206    i.HAL_UART_Transmit  stm32l0xx_hal_uart.o
    0x080042ca   0x080042ca   0x00000002   PAD
    0x080042cc   0x080042cc   0x000000b0   Code   RO         4207    i.HAL_UART_Transmit_DMA  stm32l0xx_hal_uart.o
    0x0800437c   0x0800437c   0x00000002   Code   RO         4209    i.HAL_UART_TxCpltCallback  stm32l0xx_hal_uart.o
    0x0800437e   0x0800437e   0x00000002   Code   RO         4210    i.HAL_UART_TxHalfCpltCallback  stm32l0xx_hal_uart.o
    0x08004380   0x08004380   0x00000084   Code   RO          991    i.HW_AdcReadChannel  battery_read.o
    0x08004404   0x08004404   0x00000054   Code   RO         1495    i.HW_GPIO_Init      weight.o
    0x08004458   0x08004458   0x00000080   Code   RO         1496    i.HX711_Read        weight.o
    0x080044d8   0x080044d8   0x00000002   Code   RO          512    i.HardFault_Handler  stm32l0xx_it.o
    0x080044da   0x080044da   0x00000022   Code   RO         2696    i.I2C_Flush_TXDR    stm32l0xx_hal_i2c.o
    0x080044fc   0x080044fc   0x00000070   Code   RO         2704    i.I2C_IsAcknowledgeFailed  stm32l0xx_hal_i2c.o
    0x0800456c   0x0800456c   0x00000060   Code   RO         2707    i.I2C_RequestMemoryRead  stm32l0xx_hal_i2c.o
    0x080045cc   0x080045cc   0x00000060   Code   RO         2708    i.I2C_RequestMemoryWrite  stm32l0xx_hal_i2c.o
    0x0800462c   0x0800462c   0x00000028   Code   RO         2711    i.I2C_TransferConfig  stm32l0xx_hal_i2c.o
    0x08004654   0x08004654   0x0000004e   Code   RO         2713    i.I2C_WaitOnFlagUntilTimeout  stm32l0xx_hal_i2c.o
    0x080046a2   0x080046a2   0x00000002   PAD
    0x080046a4   0x080046a4   0x00000080   Code   RO         2714    i.I2C_WaitOnRXNEFlagUntilTimeout  stm32l0xx_hal_i2c.o
    0x08004724   0x08004724   0x0000004c   Code   RO         2715    i.I2C_WaitOnSTOPFlagUntilTimeout  stm32l0xx_hal_i2c.o
    0x08004770   0x08004770   0x00000050   Code   RO         2716    i.I2C_WaitOnTXISFlagUntilTimeout  stm32l0xx_hal_i2c.o
    0x080047c0   0x080047c0   0x00000010   Code   RO         1215    i.LPM_DisableStopMode  lowpower.o
    0x080047d0   0x080047d0   0x00000048   Code   RO         1216    i.LPM_EnterStopMode  lowpower.o
    0x08004818   0x08004818   0x0000011c   Code   RO         1360    i.LidarLite         lidar.o
    0x08004934   0x08004934   0x00000028   Code   RO         1032    i.List_Init         common.o
    0x0800495c   0x0800495c   0x00000070   Code   RO          295    i.MX_ADC_Init       adc.o
    0x080049cc   0x080049cc   0x00000028   Code   RO          331    i.MX_DMA_Init       dma.o
    0x080049f4   0x080049f4   0x00000104   Code   RO          273    i.MX_GPIO_Init      gpio.o
    0x08004af8   0x08004af8   0x00000058   Code   RO          353    i.MX_I2C1_Init      i2c.o
    0x08004b50   0x08004b50   0x0000002c   Code   RO          389    i.MX_IWDG_Init      iwdg.o
    0x08004b7c   0x08004b7c   0x00000044   Code   RO          417    i.MX_LPUART1_UART_Init  usart.o
    0x08004bc0   0x08004bc0   0x000000d4   Code   RO          474    i.MX_RTC_Init       rtc.o
    0x08004c94   0x08004c94   0x00000044   Code   RO          418    i.MX_USART2_UART_Init  usart.o
    0x08004cd8   0x08004cd8   0x000000f8   Code   RO         1242    i.My_AlarmInit      time_server.o
    0x08004dd0   0x08004dd0   0x00000014   Code   RO          419    i.My_UARTEx_StopModeWakeUp  usart.o
    0x08004de4   0x08004de4   0x00000f64   Code   RO         1546    i.NBTASK            nbinit.o
    0x08005d48   0x08005d48   0x00000002   Code   RO          513    i.NMI_Handler       stm32l0xx_it.o
    0x08005d4a   0x08005d4a   0x00000002   Code   RO          514    i.PendSV_Handler    stm32l0xx_it.o
    0x08005d4c   0x08005d4c   0x00000010   Code   RO          515    i.RNG_LPUART1_IRQHandler  stm32l0xx_it.o
    0x08005d5c   0x08005d5c   0x00000010   Code   RO         4653    i.RTC_Bcd2ToByte    stm32l0xx_hal_rtc.o
    0x08005d6c   0x08005d6c   0x00000018   Code   RO         4654    i.RTC_ByteToBcd2    stm32l0xx_hal_rtc.o
    0x08005d84   0x08005d84   0x00000038   Code   RO         4655    i.RTC_EnterInitMode  stm32l0xx_hal_rtc.o
    0x08005dbc   0x08005dbc   0x00000010   Code   RO          516    i.RTC_IRQHandler    stm32l0xx_it.o
    0x08005dcc   0x08005dcc   0x00000002   Code   RO          517    i.SVC_Handler       stm32l0xx_it.o
    0x08005dce   0x08005dce   0x0000004a   Code   RO         1033    i.StrToHex          common.o
    0x08005e18   0x08005e18   0x00000008   Code   RO          518    i.SysTick_Handler   stm32l0xx_it.o
    0x08005e20   0x08005e20   0x0000009c   Code   RO           17    i.SystemClock_Config  main.o
    0x08005ebc   0x08005ebc   0x00000054   Code   RO         2162    i.SystemInit        system_stm32l0xx.o
    0x08005f10   0x08005f10   0x000000ca   Code   RO         4211    i.UART_AdvFeatureConfig  stm32l0xx_hal_uart.o
    0x08005fda   0x08005fda   0x00000002   PAD
    0x08005fdc   0x08005fdc   0x00000064   Code   RO         4212    i.UART_CheckIdleState  stm32l0xx_hal_uart.o
    0x08006040   0x08006040   0x00000014   Code   RO         4213    i.UART_DMAAbortOnError  stm32l0xx_hal_uart.o
    0x08006054   0x08006054   0x0000004c   Code   RO         4214    i.UART_DMAError     stm32l0xx_hal_uart.o
    0x080060a0   0x080060a0   0x00000030   Code   RO         4219    i.UART_DMATransmitCplt  stm32l0xx_hal_uart.o
    0x080060d0   0x080060d0   0x0000000a   Code   RO         4221    i.UART_DMATxHalfCplt  stm32l0xx_hal_uart.o
    0x080060da   0x080060da   0x00000032   Code   RO         4223    i.UART_EndRxTransfer  stm32l0xx_hal_uart.o
    0x0800610c   0x0800610c   0x00000010   Code   RO         4224    i.UART_EndTxTransfer  stm32l0xx_hal_uart.o
    0x0800611c   0x0800611c   0x00000076   Code   RO         4225    i.UART_RxISR_16BIT  stm32l0xx_hal_uart.o
    0x08006192   0x08006192   0x00000076   Code   RO         4226    i.UART_RxISR_8BIT   stm32l0xx_hal_uart.o
    0x08006208   0x08006208   0x00000214   Code   RO         4227    i.UART_SetConfig    stm32l0xx_hal_uart.o
    0x0800641c   0x0800641c   0x00000098   Code   RO         4229    i.UART_Start_Receive_IT  stm32l0xx_hal_uart.o
    0x080064b4   0x080064b4   0x0000009e   Code   RO         4232    i.UART_WaitOnFlagUntilTimeout  stm32l0xx_hal_uart.o
    0x08006552   0x08006552   0x00000002   PAD
    0x08006554   0x08006554   0x0000011c   Code   RO         1453    i.ULT_distance      ultrasound.o
    0x08006670   0x08006670   0x00000010   Code   RO          519    i.USART2_IRQHandler  stm32l0xx_it.o
    0x08006680   0x08006680   0x0000014c   Code   RO           18    i.USERTASK          main.o
    0x080067cc   0x080067cc   0x0000003c   Code   RO         1497    i.WEIGHT_DOUT_Init  weight.o
    0x08006808   0x08006808   0x0000004c   Code   RO         1498    i.WEIGHT_SCK_Init   weight.o
    0x08006854   0x08006854   0x00000020   Code   RO         5314    i.__0printf         mc_p.l(printfa.o)
    0x08006874   0x08006874   0x00000028   Code   RO         5316    i.__0sprintf        mc_p.l(printfa.o)
    0x0800689c   0x0800689c   0x0000002e   Code   RO         5447    i.__ARM_clz         mf_p.l(depilogue.o)
    0x080068ca   0x080068ca   0x00000030   Code   RO         3232    i.__ARM_common_ll_muluu  stm32l0xx_hal_rcc.o
    0x080068fa   0x080068fa   0x0000001a   Code   RO         3783    i.__ARM_common_switch8  stm32l0xx_hal_dma.o
    0x08006914   0x08006914   0x00000044   Code   RO         3977    i.__NVIC_SetPriority  stm32l0xx_hal_cortex.o
    0x08006958   0x08006958   0x0000001c   Code   RO          609    i.__NVIC_SystemReset  at.o
    0x08006974   0x08006974   0x00000008   Code   RO         5433    i.__aeabi_errno_addr  mc_p.l(errno.o)
    0x0800697c   0x0800697c   0x0000000e   Code   RO         5461    i.__scatterload_copy  mc_p.l(handlers.o)
    0x0800698a   0x0800698a   0x00000002   Code   RO         5462    i.__scatterload_null  mc_p.l(handlers.o)
    0x0800698c   0x0800698c   0x0000000e   Code   RO         5463    i.__scatterload_zeroinit  mc_p.l(handlers.o)
    0x0800699a   0x0800699a   0x00000002   PAD
    0x0800699c   0x0800699c   0x00000174   Code   RO         5321    i._fp_digits        mc_p.l(printfa.o)
    0x08006b10   0x08006b10   0x000006f0   Code   RO         5322    i._printf_core      mc_p.l(printfa.o)
    0x08007200   0x08007200   0x00000020   Code   RO         5323    i._printf_post_padding  mc_p.l(printfa.o)
    0x08007220   0x08007220   0x0000002c   Code   RO         5324    i._printf_pre_padding  mc_p.l(printfa.o)
    0x0800724c   0x0800724c   0x0000000a   Code   RO         5326    i._sputc            mc_p.l(printfa.o)
    0x08007256   0x08007256   0x00000002   PAD
    0x08007258   0x08007258   0x00000038   Code   RO          610    i.at_5vt_get        at.o
    0x08007290   0x08007290   0x0000001c   Code   RO          611    i.at_5vt_set        at.o
    0x080072ac   0x080072ac   0x00000014   Code   RO          612    i.at_cdp_run        at.o
    0x080072c0   0x080072c0   0x00000024   Code   RO          613    i.at_cdp_set        at.o
    0x080072e4   0x080072e4   0x00000030   Code   RO          614    i.at_cfg_run        at.o
    0x08007314   0x08007314   0x00000038   Code   RO          615    i.at_cfm_get        at.o
    0x0800734c   0x0800734c   0x00000024   Code   RO          616    i.at_cfm_set        at.o
    0x08007370   0x08007370   0x00000038   Code   RO          617    i.at_client_get     at.o
    0x080073a8   0x080073a8   0x00000044   Code   RO          618    i.at_client_set     at.o
    0x080073ec   0x080073ec   0x00000038   Code   RO          619    i.at_cum_get        at.o
    0x08007424   0x08007424   0x00000024   Code   RO          620    i.at_cum_set        at.o
    0x08007448   0x08007448   0x00000038   Code   RO          621    i.at_deui_get       at.o
    0x08007480   0x08007480   0x00000048   Code   RO          622    i.at_deui_set       at.o
    0x080074c8   0x080074c8   0x00000038   Code   RO          623    i.at_ext_get        at.o
    0x08007500   0x08007500   0x0000001c   Code   RO          624    i.at_ext_set        at.o
    0x0800751c   0x0800751c   0x0000003c   Code   RO          625    i.at_fband_get      at.o
    0x08007558   0x08007558   0x00000024   Code   RO          626    i.at_fband_set      at.o
    0x0800757c   0x0800757c   0x00000034   Code   RO          627    i.at_fdr_run        at.o
    0x080075b0   0x080075b0   0x0000003c   Code   RO          628    i.at_inmod_get      at.o
    0x080075ec   0x080075ec   0x00000034   Code   RO          629    i.at_inmod_set      at.o
    0x08007620   0x08007620   0x00000050   Code   RO          630    i.at_ldata_get      at.o
    0x08007670   0x08007670   0x0000003c   Code   RO          631    i.at_mod_get        at.o
    0x080076ac   0x080076ac   0x000000c4   Code   RO          632    i.at_mod_set        at.o
    0x08007770   0x08007770   0x00000040   Code   RO          633    i.at_model_get      at.o
    0x080077b0   0x080077b0   0x00000038   Code   RO          634    i.at_pro_get        at.o
    0x080077e8   0x080077e8   0x00000030   Code   RO          635    i.at_pro_set        at.o
    0x08007818   0x08007818   0x0000003c   Code   RO          636    i.at_pubtopic_get   at.o
    0x08007854   0x08007854   0x00000044   Code   RO          637    i.at_pubtopic_set   at.o
    0x08007898   0x08007898   0x00000034   Code   RO          638    i.at_pwd_get        at.o
    0x080078cc   0x080078cc   0x00000044   Code   RO          639    i.at_pwd_set        at.o
    0x08007910   0x08007910   0x0000003c   Code   RO          640    i.at_pword_get      at.o
    0x0800794c   0x0800794c   0x00000060   Code   RO          641    i.at_pword_set      at.o
    0x080079ac   0x080079ac   0x0000003c   Code   RO          642    i.at_que            at.o
    0x080079e8   0x080079e8   0x00000004   Code   RO          643    i.at_reset_run      at.o
    0x080079ec   0x080079ec   0x00000004   Code   RO          644    i.at_return_error   at.o
    0x080079f0   0x080079f0   0x0000003c   Code   RO          645    i.at_rxdl_get       at.o
    0x08007a2c   0x08007a2c   0x0000001c   Code   RO          646    i.at_rxdl_set       at.o
    0x08007a48   0x08007a48   0x0000003c   Code   RO          647    i.at_servaddr_get   at.o
    0x08007a84   0x08007a84   0x00000050   Code   RO          648    i.at_servaddr_set   at.o
    0x08007ad4   0x08007ad4   0x0000003c   Code   RO          649    i.at_subtopic_get   at.o
    0x08007b10   0x08007b10   0x00000044   Code   RO          650    i.at_subtopic_set   at.o
    0x08007b54   0x08007b54   0x00000038   Code   RO          651    i.at_tdc_get        at.o
    0x08007b8c   0x08007b8c   0x0000002c   Code   RO          652    i.at_tdc_set        at.o
    0x08007bb8   0x08007bb8   0x00000038   Code   RO          653    i.at_uname_get      at.o
    0x08007bf0   0x08007bf0   0x00000044   Code   RO          654    i.at_uname_set      at.o
    0x08007c34   0x08007c34   0x00000034   Code   RO          655    i.at_uri_get        at.o
    0x08007c68   0x08007c68   0x00000044   Code   RO          656    i.at_uri_set        at.o
    0x08007cac   0x08007cac   0x00000034   Code   RO          657    i.at_weight_GapValue_get  at.o
    0x08007ce0   0x08007ce0   0x00000094   Code   RO          658    i.at_weight_GapValue_set  at.o
    0x08007d74   0x08007d74   0x00000054   Code   RO          659    i.at_weight_get     at.o
    0x08007dc8   0x08007dc8   0x00000016   Code   RO          660    i.at_weight_reset   at.o
    0x08007dde   0x08007dde   0x00000002   PAD
    0x08007de0   0x08007de0   0x000003d0   Code   RO          661    i.config_Get        at.o
    0x080081b0   0x080081b0   0x000002e4   Code   RO          662    i.config_Set        at.o
    0x08008494   0x08008494   0x0000001a   Code   RO         1034    i.countchar         common.o
    0x080084ae   0x080084ae   0x00000002   PAD
    0x080084b0   0x080084b0   0x0000008c   Code   RO         1035    i.createList        common.o
    0x0800853c   0x0800853c   0x00000020   Code   RO          420    i.fputc             usart.o
    0x0800855c   0x0800855c   0x00000058   Code   RO          992    i.getVoltage        battery_read.o
    0x080085b4   0x080085b4   0x0000002e   Code   RO          663    i.hexDetection      at.o
    0x080085e2   0x080085e2   0x0000005a   Code   RO         1036    i.hexToint          common.o
    0x0800863c   0x0800863c   0x000000a8   Code   RO         1037    i.i2c_device_detection  common.o
    0x080086e4   0x080086e4   0x0000002c   Code   RO         1038    i.led_on            common.o
    0x08008710   0x08008710   0x00000140   Code   RO           19    i.main              main.o
    0x08008850   0x08008850   0x0000006c   Code   RO         5343    i.malloc            mc_p.l(malloc.o)
    0x080088bc   0x080088bc   0x0000000c   Code   RO         1909    i.nb_COAP_close_get  nb_coap.o
    0x080088c8   0x080088c8   0x00000040   Code   RO         1910    i.nb_COAP_close_run  nb_coap.o
    0x08008908   0x08008908   0x0000000c   Code   RO         1911    i.nb_COAP_close_set  nb_coap.o
    0x08008914   0x08008914   0x0000000c   Code   RO         1912    i.nb_COAP_config_get  nb_coap.o
    0x08008920   0x08008920   0x00000044   Code   RO         1913    i.nb_COAP_config_run  nb_coap.o
    0x08008964   0x08008964   0x0000000c   Code   RO         1914    i.nb_COAP_config_set  nb_coap.o
    0x08008970   0x08008970   0x0000000c   Code   RO         1915    i.nb_COAP_open_get  nb_coap.o
    0x0800897c   0x0800897c   0x00000044   Code   RO         1916    i.nb_COAP_open_run  nb_coap.o
    0x080089c0   0x080089c0   0x0000000c   Code   RO         1917    i.nb_COAP_open_set  nb_coap.o
    0x080089cc   0x080089cc   0x0000000c   Code   RO         1918    i.nb_COAP_option_get  nb_coap.o
    0x080089d8   0x080089d8   0x00000044   Code   RO         1919    i.nb_COAP_option_run  nb_coap.o
    0x08008a1c   0x08008a1c   0x00000058   Code   RO         1920    i.nb_COAP_option_set  nb_coap.o
    0x08008a74   0x08008a74   0x00000088   Code   RO         1921    i.nb_COAP_read_get  nb_coap.o
    0x08008afc   0x08008afc   0x00000020   Code   RO         1922    i.nb_COAP_read_run  nb_coap.o
    0x08008b1c   0x08008b1c   0x00000018   Code   RO         1923    i.nb_COAP_read_set  nb_coap.o
    0x08008b34   0x08008b34   0x0000002c   Code   RO         1924    i.nb_COAP_send_config_run  nb_coap.o
    0x08008b60   0x08008b60   0x0000005c   Code   RO         1925    i.nb_COAP_send_config_set  nb_coap.o
    0x08008bbc   0x08008bbc   0x0000002c   Code   RO         1926    i.nb_COAP_send_run  nb_coap.o
    0x08008be8   0x08008be8   0x0000001c   Code   RO         1927    i.nb_COAP_send_set  nb_coap.o
    0x08008c04   0x08008c04   0x0000008c   Code   RO         1928    i.nb_COAP_uri_run   nb_coap.o
    0x08008c90   0x08008c90   0x0000002c   Code   RO         1695    i.nb_MQTT_close_run  nb_mqtt.o
    0x08008cbc   0x08008cbc   0x0000000c   Code   RO         1696    i.nb_MQTT_close_set  nb_mqtt.o
    0x08008cc8   0x08008cc8   0x00000030   Code   RO         1697    i.nb_MQTT_config_set  nb_mqtt.o
    0x08008cf8   0x08008cf8   0x00000028   Code   RO         1698    i.nb_MQTT_conn_run  nb_mqtt.o
    0x08008d20   0x08008d20   0x000000a4   Code   RO         1699    i.nb_MQTT_conn_set  nb_mqtt.o
    0x08008dc4   0x08008dc4   0x0000000c   Code   RO         1700    i.nb_MQTT_data_read_run  nb_mqtt.o
    0x08008dd0   0x08008dd0   0x00000070   Code   RO         1701    i.nb_MQTT_data_read_set  nb_mqtt.o
    0x08008e40   0x08008e40   0x0000002c   Code   RO         1702    i.nb_MQTT_open_run  nb_mqtt.o
    0x08008e6c   0x08008e6c   0x00000088   Code   RO         1703    i.nb_MQTT_open_set  nb_mqtt.o
    0x08008ef4   0x08008ef4   0x0000002c   Code   RO         1704    i.nb_MQTT_pub_run   nb_mqtt.o
    0x08008f20   0x08008f20   0x0000005c   Code   RO         1705    i.nb_MQTT_pub_set   nb_mqtt.o
    0x08008f7c   0x08008f7c   0x0000002c   Code   RO         1706    i.nb_MQTT_send_run  nb_mqtt.o
    0x08008fa8   0x08008fa8   0x0000001c   Code   RO         1707    i.nb_MQTT_send_set  nb_mqtt.o
    0x08008fc4   0x08008fc4   0x0000002c   Code   RO         1708    i.nb_MQTT_sub_run   nb_mqtt.o
    0x08008ff0   0x08008ff0   0x0000005c   Code   RO         1709    i.nb_MQTT_sub_set   nb_mqtt.o
    0x0800904c   0x0800904c   0x000000f4   Code   RO         1710    i.nb_MQTT_uri_run   nb_mqtt.o
    0x08009140   0x08009140   0x0000000c   Code   RO         2050    i.nb_TCP_close_get  nb_tcp.o
    0x0800914c   0x0800914c   0x00000040   Code   RO         2051    i.nb_TCP_close_run  nb_tcp.o
    0x0800918c   0x0800918c   0x00000078   Code   RO         2052    i.nb_TCP_close_set  nb_tcp.o
    0x08009204   0x08009204   0x0000000c   Code   RO         2053    i.nb_TCP_conn_get   nb_tcp.o
    0x08009210   0x08009210   0x00000048   Code   RO         2054    i.nb_TCP_conn_run   nb_tcp.o
    0x08009258   0x08009258   0x0000007c   Code   RO         2055    i.nb_TCP_conn_set   nb_tcp.o
    0x080092d4   0x080092d4   0x0000002c   Code   RO         2056    i.nb_TCP_open_get   nb_tcp.o
    0x08009300   0x08009300   0x00000044   Code   RO         2057    i.nb_TCP_open_run   nb_tcp.o
    0x08009344   0x08009344   0x0000000c   Code   RO         2058    i.nb_TCP_open_set   nb_tcp.o
    0x08009350   0x08009350   0x0000008c   Code   RO         2059    i.nb_TCP_read_get   nb_tcp.o
    0x080093dc   0x080093dc   0x00000034   Code   RO         2060    i.nb_TCP_read_run   nb_tcp.o
    0x08009410   0x08009410   0x0000007c   Code   RO         2061    i.nb_TCP_read_set   nb_tcp.o
    0x0800948c   0x0800948c   0x0000003c   Code   RO         2062    i.nb_TCP_send_run   nb_tcp.o
    0x080094c8   0x080094c8   0x000000a0   Code   RO         2063    i.nb_TCP_send_set   nb_tcp.o
    0x08009568   0x08009568   0x0000007c   Code   RO         2064    i.nb_TCP_uri_run    nb_tcp.o
    0x080095e4   0x080095e4   0x0000000c   Code   RO         1816    i.nb_UDP_close_get  nb_udp.o
    0x080095f0   0x080095f0   0x00000044   Code   RO         1817    i.nb_UDP_close_run  nb_udp.o
    0x08009634   0x08009634   0x00000078   Code   RO         1818    i.nb_UDP_close_set  nb_udp.o
    0x080096ac   0x080096ac   0x0000002c   Code   RO         1819    i.nb_UDP_open_get   nb_udp.o
    0x080096d8   0x080096d8   0x00000048   Code   RO         1820    i.nb_UDP_open_run   nb_udp.o
    0x08009720   0x08009720   0x0000000c   Code   RO         1821    i.nb_UDP_open_set   nb_udp.o
    0x0800972c   0x0800972c   0x0000008c   Code   RO         1822    i.nb_UDP_read_get   nb_udp.o
    0x080097b8   0x080097b8   0x00000038   Code   RO         1823    i.nb_UDP_read_run   nb_udp.o
    0x080097f0   0x080097f0   0x0000007c   Code   RO         1824    i.nb_UDP_read_set   nb_udp.o
    0x0800986c   0x0800986c   0x00000038   Code   RO         1825    i.nb_UDP_send_run   nb_udp.o
    0x080098a4   0x080098a4   0x000000fc   Code   RO         1826    i.nb_UDP_send_set   nb_udp.o
    0x080099a0   0x080099a0   0x0000005c   Code   RO         1827    i.nb_UDP_uri_run    nb_udp.o
    0x080099fc   0x080099fc   0x00000028   Code   RO         1547    i.nb_at_run         nbinit.o
    0x08009a24   0x08009a24   0x00000068   Code   RO         1548    i.nb_at_send        nbinit.o
    0x08009a8c   0x08009a8c   0x0000002c   Code   RO         1549    i.nb_ate_run        nbinit.o
    0x08009ab8   0x08009ab8   0x00000060   Code   RO         1550    i.nb_cclk_get       nbinit.o
    0x08009b18   0x08009b18   0x00000044   Code   RO         1551    i.nb_cclk_run       nbinit.o
    0x08009b5c   0x08009b5c   0x0000000c   Code   RO         1552    i.nb_cfun_get       nbinit.o
    0x08009b68   0x08009b68   0x00000030   Code   RO         1553    i.nb_cfun_run       nbinit.o
    0x08009b98   0x08009b98   0x0000003c   Code   RO         1554    i.nb_cfun_set       nbinit.o
    0x08009bd4   0x08009bd4   0x00000064   Code   RO         1555    i.nb_cgsn_get       nbinit.o
    0x08009c38   0x08009c38   0x00000060   Code   RO         1556    i.nb_cimi_get       nbinit.o
    0x08009c98   0x08009c98   0x0000000c   Code   RO         1557    i.nb_cpsms_get      nbinit.o
    0x08009ca4   0x08009ca4   0x0000003c   Code   RO         1558    i.nb_cpsms_run      nbinit.o
    0x08009ce0   0x08009ce0   0x00000068   Code   RO         1559    i.nb_cpsms_set      nbinit.o
    0x08009d48   0x08009d48   0x00000074   Code   RO         1560    i.nb_csq_get        nbinit.o
    0x08009dbc   0x08009dbc   0x000000a8   Code   RO         1561    i.nb_nband_get      nbinit.o
    0x08009e64   0x08009e64   0x00000038   Code   RO         1562    i.nb_nband_run      nbinit.o
    0x08009e9c   0x08009e9c   0x00000064   Code   RO         1563    i.nb_nband_set      nbinit.o
    0x08009f00   0x08009f00   0x00000038   Code   RO         1564    i.nb_nconfig_run    nbinit.o
    0x08009f38   0x08009f38   0x00000034   Code   RO         1565    i.nb_nrb_run        nbinit.o
    0x08009f6c   0x08009f6c   0x00000004   Code   RO         1566    i.nb_null_run       nbinit.o
    0x08009f70   0x08009f70   0x00000034   Code   RO         1039    i.new_firmware_update  common.o
    0x08009fa4   0x08009fa4   0x0000003c   Code   RO         1040    i.printList         common.o
    0x08009fe0   0x08009fe0   0x00000058   Code   RO         1041    i.product_information_print  common.o
    0x0800a038   0x0800a038   0x00000168   Code   RO         1042    i.reboot_information_print  common.o
    0x0800a1a0   0x0800a1a0   0x00000026   Code   RO          664    i.rtrim             at.o
    0x0800a1c6   0x0800a1c6   0x00000002   PAD
    0x0800a1c8   0x0800a1c8   0x000000d4   Code   RO         1043    i.rxPayLoadDeal     common.o
    0x0800a29c   0x0800a29c   0x000001c8   Code   RO         1386    i.sht20Data         sht20.o
    0x0800a464   0x0800a464   0x00000048   Code   RO         1387    i.sht2x_Detect      sht20.o
    0x0800a4ac   0x0800a4ac   0x00000178   Code   RO         1412    i.sht31Data         sht31.o
    0x0800a624   0x0800a624   0x0000002c   Code   RO         1413    i.sht31Init         sht31.o
    0x0800a650   0x0800a650   0x0000002c   Code   RO         1414    i.sht31LowPower     sht31.o
    0x0800a67c   0x0800a67c   0x00000048   Code   RO         1415    i.sht3x_Detect      sht31.o
    0x0800a6c4   0x0800a6c4   0x00000044   Code   RO         1044    i.sortList          common.o
    0x0800a708   0x0800a708   0x00000028   Code   RO          993    i.stob              battery_read.o
    0x0800a730   0x0800a730   0x00000038   Code   RO         1045    i.string_touint     common.o
    0x0800a768   0x0800a768   0x000006a8   Code   RO         1047    i.txPayLoadDeal     common.o
    0x0800ae10   0x0800ae10   0x00000108   Code   RO         1048    i.upLink_fail_read  common.o
    0x0800af18   0x0800af18   0x00000314   Code   RO         1049    i.upLink_fail_write  common.o
    0x0800b22c   0x0800b22c   0x00000048   Code   RO         1050    i.upLink_flash_clear  common.o
    0x0800b274   0x0800b274   0x00000058   Code   RO         1361    i.waitbusy          lidar.o
    0x0800b2cc   0x0800b2cc   0x00000018   Data   RO           21    .constdata          main.o
    0x0800b2e4   0x0800b2e4   0x00000288   Data   RO          666    .constdata          at.o
    0x0800b56c   0x0800b56c   0x00000019   Data   RO         2163    .constdata          system_stm32l0xx.o
    0x0800b585   0x0800b585   0x00000008   Data   RO         2164    .constdata          system_stm32l0xx.o
    0x0800b58d   0x0800b58d   0x00000081   Data   RO         5027    .constdata          mc_p.l(ctype_o.o)
    0x0800b60e   0x0800b60e   0x00000002   PAD
    0x0800b610   0x0800b610   0x00000004   Data   RO         5028    .constdata          mc_p.l(ctype_o.o)
    0x0800b614   0x0800b614   0x0000000c   Data   RO         5059    .constdata          mc_p.l(mktime.o)
    0x0800b620   0x0800b620   0x0000000c   Data   RO         5429    .constdata          mc_p.l(localtime_i.o)
    0x0800b62c   0x0800b62c   0x00000067   Data   RO           22    .conststring        main.o
    0x0800b693   0x0800b693   0x00000001   PAD
    0x0800b694   0x0800b694   0x000006cd   Data   RO          667    .conststring        at.o
    0x0800bd61   0x0800bd61   0x00000003   PAD
    0x0800bd64   0x0800bd64   0x0000006a   Data   RO         1054    .conststring        common.o
    0x0800bdce   0x0800bdce   0x00000002   PAD
    0x0800bdd0   0x0800bdd0   0x00000172   Data   RO         1569    .conststring        nbinit.o
    0x0800bf42   0x0800bf42   0x00000002   PAD
    0x0800bf44   0x0800bf44   0x00000020   Data   RO         5459    Region$$Table       anon$$obj.o


    Execution Region RW_IRAM1 (Exec base: 0x20000000, Load base: 0x0800bf64, Size: 0x00003788, Max: 0x00005000, ABSOLUTE, COMPRESSED[0x00000b80])

    Exec Addr    Load Addr    Size         Type   Attr      Idx    E Section Name        Object

    0x20000000   COMPRESSED   0x0000000a   Data   RW           23    .data               main.o
    0x2000000a   COMPRESSED   0x00000001   Data   RW          668    .data               at.o
    0x2000000b   COMPRESSED   0x00000001   PAD
    0x2000000c   COMPRESSED   0x00000090   Data   RW         1055    .data               common.o
    0x2000009c   COMPRESSED   0x00000008   Data   RW         1183    .data               flash_eraseprogram.o
    0x200000a4   COMPRESSED   0x0000000c   Data   RW         1499    .data               weight.o
    0x200000b0   COMPRESSED   0x00000654   Data   RW         1570    .data               nbinit.o
    0x20000704   COMPRESSED   0x00000618   Data   RW         1713    .data               nb_mqtt.o
    0x20000d1c   COMPRESSED   0x00000618   Data   RW         1830    .data               nb_udp.o
    0x20001334   COMPRESSED   0x00000618   Data   RW         1931    .data               nb_coap.o
    0x2000194c   COMPRESSED   0x00000618   Data   RW         2067    .data               nb_tcp.o
    0x20001f64   COMPRESSED   0x00000004   Data   RW         2165    .data               system_stm32l0xx.o
    0x20001f68   COMPRESSED   0x0000000c   Data   RW         2463    .data               stm32l0xx_hal.o
    0x20001f74   COMPRESSED   0x00000004   Data   RW         5416    .data               mc_p.l(stdout.o)
    0x20001f78   COMPRESSED   0x00000004   Data   RW         5431    .data               mc_p.l(mvars.o)
    0x20001f7c   COMPRESSED   0x00000004   Data   RW         5432    .data               mc_p.l(mvars.o)
    0x20001f80   COMPRESSED   0x00000004   Data   RW         5436    .data               mc_p.l(errno.o)
    0x20001f84        -       0x0000012c   Zero   RW           20    .bss                main.o
    0x200020b0        -       0x0000005c   Zero   RW          296    .bss                adc.o
    0x2000210c        -       0x0000004c   Zero   RW          354    .bss                i2c.o
    0x20002158        -       0x00000010   Zero   RW          390    .bss                iwdg.o
    0x20002168        -       0x00000150   Zero   RW          421    .bss                usart.o
    0x200022b8        -       0x00000024   Zero   RW          475    .bss                rtc.o
    0x200022dc        -       0x00000200   Zero   RW          665    .bss                at.o
    0x200024dc        -       0x0000000a   Zero   RW         1051    .bss                common.o
    0x200024e6   COMPRESSED   0x00000002   PAD
    0x200024e8        -       0x000003f4   Zero   RW         1052    .bss                common.o
    0x200028dc        -       0x000001f4   Zero   RW         1053    .bss                common.o
    0x20002ad0        -       0x0000000c   Zero   RW         1182    .bss                flash_eraseprogram.o
    0x20002adc        -       0x000000c8   Zero   RW         1567    .bss                nbinit.o
    0x20002ba4        -       0x00000200   Zero   RW         1568    .bss                nbinit.o
    0x20002da4        -       0x000000fa   Zero   RW         1711    .bss                nb_mqtt.o
    0x20002e9e        -       0x000000fa   Zero   RW         1828    .bss                nb_udp.o
    0x20002f98        -       0x000000fa   Zero   RW         1929    .bss                nb_coap.o
    0x20003092        -       0x000000dc   Zero   RW         2065    .bss                nb_tcp.o
    0x2000316e   COMPRESSED   0x00000002   PAD
    0x20003170        -       0x00000018   Zero   RW         3442    .bss                stm32l0xx_hal_flash.o
    0x20003188        -       0x00000200   Zero   RW            2    HEAP                startup_stm32l072xx.o
    0x20003388        -       0x00000400   Zero   RW            1    STACK               startup_stm32l072xx.o


==============================================================================

Image component sizes


      Code (inc. data)   RO Data    RW Data    ZI Data      Debug   Object Name

       140         20          0          0         92       1419   adc.o
      4998       1088       2389          1        512      48082   at.o
       544        150          0          0          0       3067   battery_read.o
      4574        642        106        144       1522      19036   common.o
        40          4          0          0          0        706   dma.o
      1530        118          0          0          0       8106   ds18b20.o
       220         90          0          8         12       2562   flash_eraseprogram.o
       260         28          0          0          0        959   gpio.o
       180         26          0          0         76       1537   i2c.o
        44         12          0          0         16        647   iwdg.o
       372        122          0          0          0       1363   lidar.o
        88         14          0          0          0        994   lowpower.o
      1214        222        127         10        300     412307   main.o
       980        302          0       1560        250      11376   nb_coap.o
      1200        378          0       1560        250      11966   nb_mqtt.o
      1188        320          0       1560        220       9072   nb_tcp.o
      1048        286          0       1560        250       7498   nb_udp.o
      5336       2294        370       1620        712      17921   nbinit.o
       260         16          0          0         36       1579   rtc.o
       528        120          0          0          0       1363   sht20.o
       536        126          0          0          0       2581   sht31.o
        28          8        192          0       1536        628   startup_stm32l072xx.o
       204         36          0         12          0      10060   stm32l0xx_hal.o
      1030         36          0          0          0       5890   stm32l0xx_hal_adc.o
       170          0          0          0          0       1406   stm32l0xx_hal_adc_ex.o
       148         24          0          0          0      12077   stm32l0xx_hal_cortex.o
       630         12          0          0          0       4994   stm32l0xx_hal_dma.o
       448         60          0          0         24       6847   stm32l0xx_hal_flash.o
       320         50          0          0          0       5008   stm32l0xx_hal_flash_ex.o
       434         38          0          0          0       3470   stm32l0xx_hal_gpio.o
      2136         62          0          0          0      14513   stm32l0xx_hal_i2c.o
       146          0          0          0          0       1887   stm32l0xx_hal_i2c_ex.o
       116         20          0          0          0       1735   stm32l0xx_hal_iwdg.o
        24          4          0          0          0        426   stm32l0xx_hal_msp.o
       116         16          0          0          0       1247   stm32l0xx_hal_pwr.o
        32          8          0          0          0       1025   stm32l0xx_hal_pwr_ex.o
      1826         96          0          0          0       5772   stm32l0xx_hal_rcc.o
       396         14          0          0          0       1456   stm32l0xx_hal_rcc_ex.o
      1604         36          0          0          0       9914   stm32l0xx_hal_rtc.o
      2740        114          0          0          0      17239   stm32l0xx_hal_uart.o
       188          4          0          0          0       2608   stm32l0xx_hal_uart_ex.o
       100         24          0          0          0       4316   stm32l0xx_it.o
        84         18         33          4          0       1191   system_stm32l0xx.o
       352         12          0          0          0       2745   time_server.o
       524        124          0          0          0       3401   ultrasound.o
       420         48          0          0        336       3384   usart.o
       436         48          0         12          0       4007   weight.o

    ----------------------------------------------------------------------
     39962       7290       3257       8052       6148     691387   Object Totals
         0          0         32          0          0          0   (incl. Generated)
        30          0          8          1          4          0   (incl. Padding)

    ----------------------------------------------------------------------

      Code (inc. data)   RO Data    RW Data    ZI Data      Debug   Library Member Name

        86          0          0          0          0          0   __dczerorl2.o
        30          0          0          0          0         60   _chval.o
       166          0          0          0          0         84   _strtoul.o
        26          0          0          0          0         72   atoi.o
         8          4        133          0          0         60   ctype_o.o
         0          0          0          0          0          0   entry.o
         0          0          0          0          0          0   entry10a.o
         0          0          0          0          0          0   entry11a.o
         4          0          0          0          0          0   entry12b.o
         8          4          0          0          0          0   entry2.o
         4          0          0          0          0          0   entry5.o
         0          0          0          0          0          0   entry7b.o
         0          0          0          0          0          0   entry8b.o
         8          4          0          0          0          0   entry9a.o
         8          4          0          4          0         60   errno.o
        30          0          0          0          0          0   handlers.o
        40          0          0          0          0         72   idiv.o
        36          8          0          0          0         68   init.o
         0          0          0          0          0          0   iusefp.o
        32          0          0          0          0         68   llshl.o
        38          0          0          0          0         68   llsshr.o
        34          0          0          0          0         68   llushr.o
       116         12         12          0          0         72   localtime_i.o
       108         16          0          0          0         76   malloc.o
        36          0          0          0          0         60   memcpya.o
        36          0          0          0          0        100   memseta.o
       140         16         12          0          0         72   mktime.o
         0          0          0          8          0          0   mvars.o
      2306        102          0          0          0        556   printfa.o
         0          0          0          4          0          0   stdout.o
        24          0          0          0          0         60   strcat.o
        20          0          0          0          0         60   strchr.o
        28          0          0          0          0         68   strcmp.o
        14          0          0          0          0         60   strlen.o
        26          0          0          0          0         68   strncpy.o
        22          0          0          0          0         60   strrchr.o
        40          0          0          0          0         72   strstr.o
       112          4          0          0          0         76   strtol.o
        12          0          0          0          0         60   tolower.o
        12          0          0          0          0         60   toupper.o
        44          0          0          0          0         72   uidiv.o
        96          0          0          0          0         84   uldiv.o
        40          2          0          0          0         68   cdrcmple.o
        56          0          0          0          0         68   d2f.o
       360          6          0          0          0        140   dadd.o
       240          6          0          0          0         84   ddiv.o
       236          0          0          0          0        216   depilogue.o
        64         10          0          0          0         68   dfixul.o
        40          6          0          0          0         68   dflti.o
        28          4          0          0          0         68   dfltui.o
       208          6          0          0          0         88   dmul.o
        44          0          0          0          0         72   dscalb.o
        40          0          0          0          0         60   f2d.o
       124          0          0          0          0         72   fdiv.o
       130          0          0          0          0        144   fepilogue.o
        50          0          0          0          0         60   ffixi.o
        40          0          0          0          0         60   ffixui.o
        22          0          0          0          0         68   fflti.o
        14          0          0          0          0         68   ffltui.o
       122          0          0          0          0         72   fmul.o

    ----------------------------------------------------------------------
      5618        214        159         16          0       3960   Library Totals
        10          0          2          0          0          0   (incl. Padding)

    ----------------------------------------------------------------------

      Code (inc. data)   RO Data    RW Data    ZI Data      Debug   Library Name

      3750        174        157         16          0       2416   mc_p.l
      1858         40          0          0          0       1544   mf_p.l

    ----------------------------------------------------------------------
      5618        214        159         16          0       3960   Library Totals

    ----------------------------------------------------------------------

==============================================================================


      Code (inc. data)   RO Data    RW Data    ZI Data      Debug   

     45580       7504       3416       8068       6148     678403   Grand Totals
     45580       7504       3416       2944       6148     678403   ELF Image Totals (compressed)
     45580       7504       3416       2944          0          0   ROM Totals

==============================================================================

    Total RO  Size (Code + RO Data)                48996 (  47.85kB)
    Total RW  Size (RW Data + ZI Data)             14216 (  13.88kB)
    Total ROM Size (Code + RO Data + RW Data)      51940 (  50.72kB)

==============================================================================

