<!doctype html public "-//w3c//dtd html 4.0 transitional//en">
<html><head>
<title>Static Call Graph - [NBSN95\SN50V3-NB.axf]</title></head>
<body><HR>
<H1>Static Call Graph for image NBSN95\SN50V3-NB.axf</H1><HR>
<BR><P>#&#060CALLGRAPH&#062# ARM Linker, 5060750: Last Updated: Wed Aug 30 16:38:31 2023
<BR><P>
<H3>Maximum Stack Usage =        656 bytes + Unknown(Cycles, Untraceable Function Pointers)</H3><H3>
Call chain for Maximum Stack Depth:</H3>
nb_MQTT_pub1_set &rArr; Get_Weight &rArr; HX711_Read &rArr; TimerGetElapsedTime &rArr; HW_RTC_ms2Tick &rArr; __aeabi_uldivmod &rArr; __aeabi_llsr
<P>
<H3>
Mutually Recursive functions
</H3> <LI><a href="#[6a]">ADC1_COMP_IRQHandler</a>&nbsp;&nbsp;&nbsp;&rArr;&nbsp;&nbsp;&nbsp;<a href="#[6a]">ADC1_COMP_IRQHandler</a><BR>
 <LI><a href="#[5a]">HardFault_Handler</a>&nbsp;&nbsp;&nbsp;&rArr;&nbsp;&nbsp;&nbsp;<a href="#[5a]">HardFault_Handler</a><BR>
</UL>
<P>
<H3>
Function Pointers
</H3><UL>
 <LI><a href="#[6a]">ADC1_COMP_IRQHandler</a> from startup_stm32l072xx.o(.text) referenced from startup_stm32l072xx.o(RESET)
 <LI><a href="#[67]">DMA1_Channel1_IRQHandler</a> from startup_stm32l072xx.o(.text) referenced from startup_stm32l072xx.o(RESET)
 <LI><a href="#[68]">DMA1_Channel2_3_IRQHandler</a> from stm32l0xx_it.o(i.DMA1_Channel2_3_IRQHandler) referenced from startup_stm32l072xx.o(RESET)
 <LI><a href="#[69]">DMA1_Channel4_5_6_7_IRQHandler</a> from startup_stm32l072xx.o(.text) referenced from startup_stm32l072xx.o(RESET)
 <LI><a href="#[63]">EXTI0_1_IRQHandler</a> from startup_stm32l072xx.o(.text) referenced from startup_stm32l072xx.o(RESET)
 <LI><a href="#[64]">EXTI2_3_IRQHandler</a> from startup_stm32l072xx.o(.text) referenced from startup_stm32l072xx.o(RESET)
 <LI><a href="#[65]">EXTI4_15_IRQHandler</a> from stm32l0xx_it.o(i.EXTI4_15_IRQHandler) referenced from startup_stm32l072xx.o(RESET)
 <LI><a href="#[61]">FLASH_IRQHandler</a> from startup_stm32l072xx.o(.text) referenced from startup_stm32l072xx.o(RESET)
 <LI><a href="#[5a]">HardFault_Handler</a> from stm32l0xx_it.o(i.HardFault_Handler) referenced from startup_stm32l072xx.o(RESET)
 <LI><a href="#[74]">I2C1_IRQHandler</a> from startup_stm32l072xx.o(.text) referenced from startup_stm32l072xx.o(RESET)
 <LI><a href="#[75]">I2C2_IRQHandler</a> from startup_stm32l072xx.o(.text) referenced from startup_stm32l072xx.o(RESET)
 <LI><a href="#[72]">I2C3_IRQHandler</a> from startup_stm32l072xx.o(.text) referenced from startup_stm32l072xx.o(RESET)
 <LI><a href="#[6b]">LPTIM1_IRQHandler</a> from startup_stm32l072xx.o(.text) referenced from startup_stm32l072xx.o(RESET)
 <LI><a href="#[59]">NMI_Handler</a> from stm32l0xx_it.o(i.NMI_Handler) referenced from startup_stm32l072xx.o(RESET)
 <LI><a href="#[83]">OnCheckBLETimesEvent</a> from main.o(i.OnCheckBLETimesEvent) referenced from main.o(i.LoraStartCheckBLE)
 <LI><a href="#[8b]">OnPressButtonTimeoutEvent</a> from main.o(i.OnPressButtonTimeoutEvent) referenced from main.o(i.user_key_event)
 <LI><a href="#[8c]">OnPressButtonTimesLedEvent</a> from main.o(i.OnPressButtonTimesLedEvent) referenced from main.o(i.user_key_event)
 <LI><a href="#[84]">OnTxTimerEvent</a> from main.o(i.OnTxTimerEvent) referenced 2 times from nbinit.o(i.NBTASK)
 <LI><a href="#[5f]">PVD_IRQHandler</a> from startup_stm32l072xx.o(.text) referenced from startup_stm32l072xx.o(RESET)
 <LI><a href="#[5c]">PendSV_Handler</a> from stm32l0xx_it.o(i.PendSV_Handler) referenced from startup_stm32l072xx.o(RESET)
 <LI><a href="#[62]">RCC_CRS_IRQHandler</a> from startup_stm32l072xx.o(.text) referenced from startup_stm32l072xx.o(RESET)
 <LI><a href="#[7a]">RNG_LPUART1_IRQHandler</a> from stm32l0xx_it.o(i.RNG_LPUART1_IRQHandler) referenced from startup_stm32l072xx.o(RESET)
 <LI><a href="#[60]">RTC_IRQHandler</a> from stm32l0xx_it.o(i.RTC_IRQHandler) referenced from startup_stm32l072xx.o(RESET)
 <LI><a href="#[58]">Reset_Handler</a> from startup_stm32l072xx.o(.text) referenced from startup_stm32l072xx.o(RESET)
 <LI><a href="#[76]">SPI1_IRQHandler</a> from startup_stm32l072xx.o(.text) referenced from startup_stm32l072xx.o(RESET)
 <LI><a href="#[77]">SPI2_IRQHandler</a> from startup_stm32l072xx.o(.text) referenced from startup_stm32l072xx.o(RESET)
 <LI><a href="#[5b]">SVC_Handler</a> from stm32l0xx_it.o(i.SVC_Handler) referenced from startup_stm32l072xx.o(RESET)
 <LI><a href="#[5d]">SysTick_Handler</a> from stm32l0xx_it.o(i.SysTick_Handler) referenced from startup_stm32l072xx.o(RESET)
 <LI><a href="#[8a]">SystemClock_Config</a> from main.o(i.SystemClock_Config) referenced from main.o(i.main)
 <LI><a href="#[7d]">SystemInit</a> from system_stm32l0xx.o(i.SystemInit) referenced from startup_stm32l072xx.o(.text)
 <LI><a href="#[71]">TIM21_IRQHandler</a> from startup_stm32l072xx.o(.text) referenced from startup_stm32l072xx.o(RESET)
 <LI><a href="#[73]">TIM22_IRQHandler</a> from startup_stm32l072xx.o(.text) referenced from startup_stm32l072xx.o(RESET)
 <LI><a href="#[6d]">TIM2_IRQHandler</a> from startup_stm32l072xx.o(.text) referenced from startup_stm32l072xx.o(RESET)
 <LI><a href="#[6e]">TIM3_IRQHandler</a> from startup_stm32l072xx.o(.text) referenced from startup_stm32l072xx.o(RESET)
 <LI><a href="#[6f]">TIM6_DAC_IRQHandler</a> from startup_stm32l072xx.o(.text) referenced from startup_stm32l072xx.o(RESET)
 <LI><a href="#[70]">TIM7_IRQHandler</a> from startup_stm32l072xx.o(.text) referenced from startup_stm32l072xx.o(RESET)
 <LI><a href="#[66]">TSC_IRQHandler</a> from startup_stm32l072xx.o(.text) referenced from startup_stm32l072xx.o(RESET)
 <LI><a href="#[7f]">UART_DMAAbortOnError</a> from stm32l0xx_hal_uart.o(i.UART_DMAAbortOnError) referenced from stm32l0xx_hal_uart.o(i.HAL_UART_IRQHandler)
 <LI><a href="#[82]">UART_DMAError</a> from stm32l0xx_hal_uart.o(i.UART_DMAError) referenced from stm32l0xx_hal_uart.o(i.HAL_UART_Transmit_DMA)
 <LI><a href="#[80]">UART_DMATransmitCplt</a> from stm32l0xx_hal_uart.o(i.UART_DMATransmitCplt) referenced from stm32l0xx_hal_uart.o(i.HAL_UART_Transmit_DMA)
 <LI><a href="#[81]">UART_DMATxHalfCplt</a> from stm32l0xx_hal_uart.o(i.UART_DMATxHalfCplt) referenced from stm32l0xx_hal_uart.o(i.HAL_UART_Transmit_DMA)
 <LI><a href="#[87]">UART_RxISR_16BIT</a> from stm32l0xx_hal_uart.o(i.UART_RxISR_16BIT) referenced from stm32l0xx_hal_uart.o(i.UART_Start_Receive_IT)
 <LI><a href="#[86]">UART_RxISR_8BIT</a> from stm32l0xx_hal_uart.o(i.UART_RxISR_8BIT) referenced from stm32l0xx_hal_uart.o(i.UART_Start_Receive_IT)
 <LI><a href="#[78]">USART1_IRQHandler</a> from stm32l0xx_it.o(i.USART1_IRQHandler) referenced from startup_stm32l072xx.o(RESET)
 <LI><a href="#[79]">USART2_IRQHandler</a> from stm32l0xx_it.o(i.USART2_IRQHandler) referenced from startup_stm32l072xx.o(RESET)
 <LI><a href="#[6c]">USART4_5_IRQHandler</a> from startup_stm32l072xx.o(.text) referenced from startup_stm32l072xx.o(RESET)
 <LI><a href="#[7b]">USB_IRQHandler</a> from startup_stm32l072xx.o(.text) referenced from startup_stm32l072xx.o(RESET)
 <LI><a href="#[5e]">WWDG_IRQHandler</a> from startup_stm32l072xx.o(.text) referenced from startup_stm32l072xx.o(RESET)
 <LI><a href="#[7e]">__main</a> from entry.o(.ARM.Collect$$$$00000000) referenced from startup_stm32l072xx.o(.text)
 <LI><a href="#[89]">_sputc</a> from printfa.o(i._sputc) referenced from printfa.o(i.__0sprintf)
 <LI><a href="#[aa]">at_5vt_get</a> from at.o(i.at_5vt_get) referenced from at.o(.constdata)
 <LI><a href="#[ab]">at_5vt_set</a> from at.o(i.at_5vt_set) referenced from at.o(.constdata)
 <LI><a href="#[a8]">at_apn_get</a> from at.o(i.at_apn_get) referenced from at.o(.constdata)
 <LI><a href="#[a9]">at_apn_set</a> from at.o(i.at_apn_set) referenced from at.o(.constdata)
 <LI><a href="#[bb]">at_cdp_run</a> from at.o(i.at_cdp_run) referenced from at.o(.constdata)
 <LI><a href="#[ba]">at_cdp_set</a> from at.o(i.at_cdp_set) referenced from at.o(.constdata)
 <LI><a href="#[97]">at_cfg_run</a> from at.o(i.at_cfg_run) referenced from at.o(.constdata)
 <LI><a href="#[ae]">at_cfm_get</a> from at.o(i.at_cfm_get) referenced from at.o(.constdata)
 <LI><a href="#[af]">at_cfm_set</a> from at.o(i.at_cfm_set) referenced from at.o(.constdata)
 <LI><a href="#[9a]">at_client_get</a> from at.o(i.at_client_get) referenced from at.o(.constdata)
 <LI><a href="#[9b]">at_client_set</a> from at.o(i.at_client_set) referenced from at.o(.constdata)
 <LI><a href="#[c2]">at_csqtime_get</a> from at.o(i.at_csqtime_get) referenced from at.o(.constdata)
 <LI><a href="#[c3]">at_csqtime_set</a> from at.o(i.at_csqtime_set) referenced from at.o(.constdata)
 <LI><a href="#[92]">at_deui_get</a> from at.o(i.at_deui_get) referenced from at.o(.constdata)
 <LI><a href="#[93]">at_deui_set</a> from at.o(i.at_deui_set) referenced from at.o(.constdata)
 <LI><a href="#[c0]">at_dnscfg_get</a> from at.o(i.at_dnscfg_get) referenced from at.o(.constdata)
 <LI><a href="#[c1]">at_dnscfg_set</a> from at.o(i.at_dnscfg_set) referenced from at.o(.constdata)
 <LI><a href="#[c4]">at_dnstimer_get</a> from at.o(i.at_dnstimer_get) referenced from at.o(.constdata)
 <LI><a href="#[c5]">at_dnstimer_set</a> from at.o(i.at_dnstimer_set) referenced from at.o(.constdata)
 <LI><a href="#[b6]">at_ext_get</a> from at.o(i.at_ext_get) referenced from at.o(.constdata)
 <LI><a href="#[b7]">at_ext_set</a> from at.o(i.at_ext_set) referenced from at.o(.constdata)
 <LI><a href="#[96]">at_fdr_run</a> from at.o(i.at_fdr_run) referenced from at.o(.constdata)
 <LI><a href="#[bf]">at_getsensorvalue_set</a> from at.o(i.at_getsensorvalue_set) referenced from at.o(.constdata)
 <LI><a href="#[a6]">at_inmod_get</a> from at.o(i.at_inmod_get) referenced from at.o(.constdata)
 <LI><a href="#[a7]">at_inmod_set</a> from at.o(i.at_inmod_set) referenced from at.o(.constdata)
 <LI><a href="#[be]">at_ldata_get</a> from at.o(i.at_ldata_get) referenced from at.o(.constdata)
 <LI><a href="#[90]">at_mod_get</a> from at.o(i.at_mod_get) referenced from at.o(.constdata)
 <LI><a href="#[91]">at_mod_set</a> from at.o(i.at_mod_set) referenced from at.o(.constdata)
 <LI><a href="#[8d]">at_model_get</a> from at.o(i.at_model_get) referenced from at.o(.constdata)
 <LI><a href="#[bc]">at_noud_get</a> from at.o(i.at_noud_get) referenced from at.o(.constdata)
 <LI><a href="#[bd]">at_noud_set</a> from at.o(i.at_noud_set) referenced from at.o(.constdata)
 <LI><a href="#[ac]">at_pro_get</a> from at.o(i.at_pro_get) referenced from at.o(.constdata)
 <LI><a href="#[ad]">at_pro_set</a> from at.o(i.at_pro_set) referenced from at.o(.constdata)
 <LI><a href="#[a0]">at_pubtopic_get</a> from at.o(i.at_pubtopic_get) referenced from at.o(.constdata)
 <LI><a href="#[a1]">at_pubtopic_set</a> from at.o(i.at_pubtopic_set) referenced from at.o(.constdata)
 <LI><a href="#[9e]">at_pwd_get</a> from at.o(i.at_pwd_get) referenced from at.o(.constdata)
 <LI><a href="#[9f]">at_pwd_set</a> from at.o(i.at_pwd_set) referenced from at.o(.constdata)
 <LI><a href="#[94]">at_pword_get</a> from at.o(i.at_pword_get) referenced from at.o(.constdata)
 <LI><a href="#[95]">at_pword_set</a> from at.o(i.at_pword_set) referenced from at.o(.constdata)
 <LI><a href="#[8f]">at_reset_run</a> from at.o(i.at_reset_run) referenced from at.o(.constdata)
 <LI><a href="#[8e]">at_return_error</a> from at.o(i.at_return_error) referenced 38 times from at.o(.constdata)
 <LI><a href="#[b0]">at_rxdl_get</a> from at.o(i.at_rxdl_get) referenced from at.o(.constdata)
 <LI><a href="#[b1]">at_rxdl_set</a> from at.o(i.at_rxdl_set) referenced from at.o(.constdata)
 <LI><a href="#[98]">at_servaddr_get</a> from at.o(i.at_servaddr_get) referenced from at.o(.constdata)
 <LI><a href="#[99]">at_servaddr_set</a> from at.o(i.at_servaddr_set) referenced from at.o(.constdata)
 <LI><a href="#[a2]">at_subtopic_get</a> from at.o(i.at_subtopic_get) referenced from at.o(.constdata)
 <LI><a href="#[a3]">at_subtopic_set</a> from at.o(i.at_subtopic_set) referenced from at.o(.constdata)
 <LI><a href="#[a4]">at_tdc_get</a> from at.o(i.at_tdc_get) referenced from at.o(.constdata)
 <LI><a href="#[a5]">at_tdc_set</a> from at.o(i.at_tdc_set) referenced from at.o(.constdata)
 <LI><a href="#[c6]">at_tlsmod_get</a> from at.o(i.at_tlsmod_get) referenced from at.o(.constdata)
 <LI><a href="#[c7]">at_tlsmod_set</a> from at.o(i.at_tlsmod_set) referenced from at.o(.constdata)
 <LI><a href="#[b8]">at_tr_get</a> from at.o(i.at_tr_get) referenced from at.o(.constdata)
 <LI><a href="#[b9]">at_tr_set</a> from at.o(i.at_tr_set) referenced from at.o(.constdata)
 <LI><a href="#[9c]">at_uname_get</a> from at.o(i.at_uname_get) referenced from at.o(.constdata)
 <LI><a href="#[9d]">at_uname_set</a> from at.o(i.at_uname_set) referenced from at.o(.constdata)
 <LI><a href="#[b2]">at_weight_GapValue_get</a> from at.o(i.at_weight_GapValue_get) referenced from at.o(.constdata)
 <LI><a href="#[b3]">at_weight_GapValue_set</a> from at.o(i.at_weight_GapValue_set) referenced from at.o(.constdata)
 <LI><a href="#[b4]">at_weight_get</a> from at.o(i.at_weight_get) referenced from at.o(.constdata)
 <LI><a href="#[b5]">at_weight_reset</a> from at.o(i.at_weight_reset) referenced from at.o(.constdata)
 <LI><a href="#[88]">fputc</a> from usart.o(i.fputc) referenced from printfa.o(i.__0printf)
 <LI><a href="#[7c]">main</a> from main.o(i.main) referenced from entry9a.o(.ARM.Collect$$$$0000000B)
 <LI><a href="#[4a]">nb_MQTT_close_run</a> from nb_mqtt.o(i.nb_MQTT_close_run) referenced 10 times from main.o(.data)
 <LI><a href="#[4b]">nb_MQTT_close_set</a> from nb_mqtt.o(i.nb_MQTT_close_set) referenced 10 times from main.o(.data)
 <LI><a href="#[35]">nb_MQTT_config_set</a> from nb_mqtt.o(i.nb_MQTT_config_set) referenced 10 times from main.o(.data)
 <LI><a href="#[38]">nb_MQTT_conn_run</a> from nb_mqtt.o(i.nb_MQTT_conn_run) referenced 10 times from main.o(.data)
 <LI><a href="#[39]">nb_MQTT_conn_set</a> from nb_mqtt.o(i.nb_MQTT_conn_set) referenced 10 times from main.o(.data)
 <LI><a href="#[48]">nb_MQTT_data_read_run</a> from nb_mqtt.o(i.nb_MQTT_data_read_run) referenced 10 times from main.o(.data)
 <LI><a href="#[49]">nb_MQTT_data_read_set</a> from nb_mqtt.o(i.nb_MQTT_data_read_set) referenced 10 times from main.o(.data)
 <LI><a href="#[36]">nb_MQTT_open_run</a> from nb_mqtt.o(i.nb_MQTT_open_run) referenced 10 times from main.o(.data)
 <LI><a href="#[37]">nb_MQTT_open_set</a> from nb_mqtt.o(i.nb_MQTT_open_set) referenced 10 times from main.o(.data)
 <LI><a href="#[3e]">nb_MQTT_pub1_run</a> from nb_mqtt.o(i.nb_MQTT_pub1_run) referenced 10 times from main.o(.data)
 <LI><a href="#[3f]">nb_MQTT_pub1_set</a> from nb_mqtt.o(i.nb_MQTT_pub1_set) referenced 10 times from main.o(.data)
 <LI><a href="#[40]">nb_MQTT_pub2_run</a> from nb_mqtt.o(i.nb_MQTT_pub2_run) referenced 10 times from main.o(.data)
 <LI><a href="#[41]">nb_MQTT_pub2_set</a> from nb_mqtt.o(i.nb_MQTT_pub2_set) referenced 10 times from main.o(.data)
 <LI><a href="#[42]">nb_MQTT_pub3_run</a> from nb_mqtt.o(i.nb_MQTT_pub3_run) referenced 10 times from main.o(.data)
 <LI><a href="#[43]">nb_MQTT_pub3_set</a> from nb_mqtt.o(i.nb_MQTT_pub3_set) referenced 10 times from main.o(.data)
 <LI><a href="#[44]">nb_MQTT_pub5_run</a> from nb_mqtt.o(i.nb_MQTT_pub5_run) referenced 10 times from main.o(.data)
 <LI><a href="#[45]">nb_MQTT_pub5_set</a> from nb_mqtt.o(i.nb_MQTT_pub5_set) referenced 10 times from main.o(.data)
 <LI><a href="#[3c]">nb_MQTT_pub_run</a> from nb_mqtt.o(i.nb_MQTT_pub_run) referenced 10 times from main.o(.data)
 <LI><a href="#[3d]">nb_MQTT_pub_set</a> from nb_mqtt.o(i.nb_MQTT_pub_set) referenced 10 times from main.o(.data)
 <LI><a href="#[46]">nb_MQTT_send_run</a> from nb_mqtt.o(i.nb_MQTT_send_run) referenced 10 times from main.o(.data)
 <LI><a href="#[47]">nb_MQTT_send_set</a> from nb_mqtt.o(i.nb_MQTT_send_set) referenced 10 times from main.o(.data)
 <LI><a href="#[3a]">nb_MQTT_sub_run</a> from nb_mqtt.o(i.nb_MQTT_sub_run) referenced 10 times from main.o(.data)
 <LI><a href="#[3b]">nb_MQTT_sub_set</a> from nb_mqtt.o(i.nb_MQTT_sub_set) referenced 10 times from main.o(.data)
 <LI><a href="#[4c]">nb_MQTT_uri_run</a> from nb_mqtt.o(i.nb_MQTT_uri_run) referenced 10 times from main.o(.data)
 <LI><a href="#[33]">nb_QMTCFGSSL_run</a> from nb_mqtt.o(i.nb_QMTCFGSSL_run) referenced 10 times from main.o(.data)
 <LI><a href="#[34]">nb_QMTCFGSSL_set</a> from nb_mqtt.o(i.nb_QMTCFGSSL_set) referenced 10 times from main.o(.data)
 <LI><a href="#[31]">nb_QSSLCFG_run</a> from nb_mqtt.o(i.nb_QSSLCFG_run) referenced 10 times from main.o(.data)
 <LI><a href="#[32]">nb_QSSLCFG_set</a> from nb_mqtt.o(i.nb_QSSLCFG_set) referenced 10 times from main.o(.data)
 <LI><a href="#[53]">nb_TCP_close_run</a> from nb_tcp.o(i.nb_TCP_close_run) referenced 10 times from main.o(.data)
 <LI><a href="#[54]">nb_TCP_close_set</a> from nb_tcp.o(i.nb_TCP_close_set) referenced 10 times from main.o(.data)
 <LI><a href="#[4d]">nb_TCP_open_run</a> from nb_tcp.o(i.nb_TCP_open_run) referenced 10 times from main.o(.data)
 <LI><a href="#[4e]">nb_TCP_open_set</a> from nb_tcp.o(i.nb_TCP_open_set) referenced 10 times from main.o(.data)
 <LI><a href="#[52]">nb_TCP_read_get</a> from nb_tcp.o(i.nb_TCP_read_get) referenced 10 times from main.o(.data)
 <LI><a href="#[51]">nb_TCP_read_run</a> from nb_tcp.o(i.nb_TCP_read_run) referenced 10 times from main.o(.data)
 <LI><a href="#[4f]">nb_TCP_send_run</a> from nb_tcp.o(i.nb_TCP_send_run) referenced 10 times from main.o(.data)
 <LI><a href="#[50]">nb_TCP_send_set</a> from nb_tcp.o(i.nb_TCP_send_set) referenced 10 times from main.o(.data)
 <LI><a href="#[55]">nb_TCP_uri_run</a> from nb_tcp.o(i.nb_TCP_uri_run) referenced 10 times from main.o(.data)
 <LI><a href="#[2e]">nb_UDP_close_run</a> from nb_udp.o(i.nb_UDP_close_run) referenced 10 times from main.o(.data)
 <LI><a href="#[2f]">nb_UDP_close_set</a> from nb_udp.o(i.nb_UDP_close_set) referenced 10 times from main.o(.data)
 <LI><a href="#[28]">nb_UDP_open_run</a> from nb_udp.o(i.nb_UDP_open_run) referenced 10 times from main.o(.data)
 <LI><a href="#[29]">nb_UDP_open_set</a> from nb_udp.o(i.nb_UDP_open_set) referenced 10 times from main.o(.data)
 <LI><a href="#[2d]">nb_UDP_read_get</a> from nb_udp.o(i.nb_UDP_read_get) referenced 10 times from main.o(.data)
 <LI><a href="#[2c]">nb_UDP_read_run</a> from nb_udp.o(i.nb_UDP_read_run) referenced 10 times from main.o(.data)
 <LI><a href="#[2a]">nb_UDP_send_run</a> from nb_udp.o(i.nb_UDP_send_run) referenced 10 times from main.o(.data)
 <LI><a href="#[2b]">nb_UDP_send_set</a> from nb_udp.o(i.nb_UDP_send_set) referenced 10 times from main.o(.data)
 <LI><a href="#[30]">nb_UDP_uri_run</a> from nb_udp.o(i.nb_UDP_uri_run) referenced 10 times from main.o(.data)
 <LI><a href="#[0]">nb_at_run</a> from nbinit.o(i.nb_at_run) referenced 10 times from main.o(.data)
 <LI><a href="#[2]">nb_ate_run</a> from nbinit.o(i.nb_ate_run) referenced 10 times from main.o(.data)
 <LI><a href="#[1b]">nb_cclk2_get</a> from nbinit.o(i.nb_cclk2_get) referenced 10 times from main.o(.data)
 <LI><a href="#[1a]">nb_cclk2_run</a> from nbinit.o(i.nb_cclk2_run) referenced 10 times from main.o(.data)
 <LI><a href="#[19]">nb_cclk_get</a> from nbinit.o(i.nb_cclk_get) referenced 10 times from main.o(.data)
 <LI><a href="#[18]">nb_cclk_run</a> from nbinit.o(i.nb_cclk_run) referenced 10 times from main.o(.data)
 <LI><a href="#[c]">nb_cfunoff_get</a> from nbinit.o(i.nb_cfunoff_get) referenced 10 times from main.o(.data)
 <LI><a href="#[a]">nb_cfunoff_run</a> from nbinit.o(i.nb_cfunoff_run) referenced 10 times from main.o(.data)
 <LI><a href="#[b]">nb_cfunoff_set</a> from nbinit.o(i.nb_cfunoff_set) referenced 10 times from main.o(.data)
 <LI><a href="#[1e]">nb_cgdcont_get</a> from nbinit.o(i.nb_cgdcont_get) referenced 10 times from main.o(.data)
 <LI><a href="#[1c]">nb_cgdcont_run</a> from nbinit.o(i.nb_cgdcont_run) referenced 10 times from main.o(.data)
 <LI><a href="#[1d]">nb_cgdcont_set</a> from nbinit.o(i.nb_cgdcont_set) referenced 10 times from main.o(.data)
 <LI><a href="#[17]">nb_cgmm_get</a> from nbinit.o(i.nb_cgmm_get) referenced 10 times from main.o(.data)
 <LI><a href="#[16]">nb_cgmm_run</a> from nbinit.o(i.nb_cgmm_run) referenced 10 times from main.o(.data)
 <LI><a href="#[5]">nb_cgsn_get</a> from nbinit.o(i.nb_cgsn_get) referenced 10 times from main.o(.data)
 <LI><a href="#[6]">nb_cimi_get</a> from nbinit.o(i.nb_cimi_get) referenced 10 times from main.o(.data)
 <LI><a href="#[21]">nb_cpsms_get</a> from nbinit.o(i.nb_cpsms_get) referenced 10 times from main.o(.data)
 <LI><a href="#[1f]">nb_cpsms_run</a> from nbinit.o(i.nb_cpsms_run) referenced 10 times from main.o(.data)
 <LI><a href="#[20]">nb_cpsms_set</a> from nbinit.o(i.nb_cpsms_set) referenced 10 times from main.o(.data)
 <LI><a href="#[22]">nb_csq_get</a> from nbinit.o(i.nb_csq_get) referenced 10 times from main.o(.data)
 <LI><a href="#[85]">nb_intTimeoutEvent</a> from main.o(i.nb_intTimeoutEvent) referenced from nbinit.o(i.NBTASK)
 <LI><a href="#[1]">nb_null_run</a> from nbinit.o(i.nb_null_run) referenced 480 times from main.o(.data)
 <LI><a href="#[15]">nb_qband_get</a> from nbinit.o(i.nb_qband_get) referenced 10 times from main.o(.data)
 <LI><a href="#[13]">nb_qband_run</a> from nbinit.o(i.nb_qband_run) referenced 10 times from main.o(.data)
 <LI><a href="#[14]">nb_qband_set</a> from nbinit.o(i.nb_qband_set) referenced 10 times from main.o(.data)
 <LI><a href="#[3]">nb_qcfgev_run</a> from nbinit.o(i.nb_qcfgev_run) referenced 10 times from main.o(.data)
 <LI><a href="#[4]">nb_qcfgev_set</a> from nbinit.o(i.nb_qcfgev_set) referenced 10 times from main.o(.data)
 <LI><a href="#[27]">nb_qdns_get</a> from nbinit.o(i.nb_qdns_get) referenced 10 times from main.o(.data)
 <LI><a href="#[25]">nb_qdns_run</a> from nbinit.o(i.nb_qdns_run) referenced 10 times from main.o(.data)
 <LI><a href="#[26]">nb_qdns_set</a> from nbinit.o(i.nb_qdns_set) referenced 10 times from main.o(.data)
 <LI><a href="#[23]">nb_qdnscfg_run</a> from nbinit.o(i.nb_qdnscfg_run) referenced 10 times from main.o(.data)
 <LI><a href="#[24]">nb_qdnscfg_set</a> from nbinit.o(i.nb_qdnscfg_set) referenced 10 times from main.o(.data)
 <LI><a href="#[9]">nb_qicfg_get</a> from nbinit.o(i.nb_qicfg_get) referenced 10 times from main.o(.data)
 <LI><a href="#[7]">nb_qicfg_run</a> from nbinit.o(i.nb_qicfg_run) referenced 10 times from main.o(.data)
 <LI><a href="#[8]">nb_qicfg_set</a> from nbinit.o(i.nb_qicfg_set) referenced 10 times from main.o(.data)
 <LI><a href="#[57]">nb_qrst2_run</a> from nbinit.o(i.nb_qrst2_run) referenced 10 times from main.o(.data)
 <LI><a href="#[56]">nb_qrst_run</a> from nbinit.o(i.nb_qrst_run) referenced 10 times from main.o(.data)
 <LI><a href="#[f]">nb_qsclk_get</a> from nbinit.o(i.nb_qsclk_get) referenced 10 times from main.o(.data)
 <LI><a href="#[d]">nb_qsclk_run</a> from nbinit.o(i.nb_qsclk_run) referenced 10 times from main.o(.data)
 <LI><a href="#[e]">nb_qsclk_set</a> from nbinit.o(i.nb_qsclk_set) referenced 10 times from main.o(.data)
 <LI><a href="#[12]">nb_qsclkoff_get</a> from nbinit.o(i.nb_qsclkoff_get) referenced 10 times from main.o(.data)
 <LI><a href="#[10]">nb_qsclkoff_run</a> from nbinit.o(i.nb_qsclkoff_run) referenced 10 times from main.o(.data)
 <LI><a href="#[11]">nb_qsclkoff_set</a> from nbinit.o(i.nb_qsclkoff_set) referenced 10 times from main.o(.data)
</UL>
<P>
<H3>
Global Symbols
</H3>
<P><STRONG><a name="[7e]"></a>__main</STRONG> (Thumb, 0 bytes, Stack size unknown bytes, entry.o(.ARM.Collect$$$$00000000))
<BR>[Address Reference Count : 1]<UL><LI> startup_stm32l072xx.o(.text)
</UL>
<P><STRONG><a name="[1f8]"></a>_main_stk</STRONG> (Thumb, 0 bytes, Stack size unknown bytes, entry2.o(.ARM.Collect$$$$00000001))

<P><STRONG><a name="[c8]"></a>_main_scatterload</STRONG> (Thumb, 0 bytes, Stack size unknown bytes, entry5.o(.ARM.Collect$$$$00000004))
<BR><BR>[Calls]<UL><LI><a href="#[c9]">&gt;&gt;</a>&nbsp;&nbsp;&nbsp;__scatterload
</UL>

<P><STRONG><a name="[f2]"></a>__main_after_scatterload</STRONG> (Thumb, 0 bytes, Stack size unknown bytes, entry5.o(.ARM.Collect$$$$00000004))
<BR><BR>[Called By]<UL><LI><a href="#[c9]">&gt;&gt;</a>&nbsp;&nbsp;&nbsp;__scatterload
</UL>

<P><STRONG><a name="[1f9]"></a>_main_clock</STRONG> (Thumb, 0 bytes, Stack size unknown bytes, entry7b.o(.ARM.Collect$$$$00000008))

<P><STRONG><a name="[1fa]"></a>_main_cpp_init</STRONG> (Thumb, 0 bytes, Stack size unknown bytes, entry8b.o(.ARM.Collect$$$$0000000A))

<P><STRONG><a name="[1fb]"></a>_main_init</STRONG> (Thumb, 0 bytes, Stack size unknown bytes, entry9a.o(.ARM.Collect$$$$0000000B))

<P><STRONG><a name="[1fc]"></a>__rt_final_cpp</STRONG> (Thumb, 0 bytes, Stack size unknown bytes, entry10a.o(.ARM.Collect$$$$0000000D))

<P><STRONG><a name="[1fd]"></a>__rt_final_exit</STRONG> (Thumb, 0 bytes, Stack size unknown bytes, entry11a.o(.ARM.Collect$$$$0000000F))

<P><STRONG><a name="[58]"></a>Reset_Handler</STRONG> (Thumb, 8 bytes, Stack size 0 bytes, startup_stm32l072xx.o(.text))
<BR>[Address Reference Count : 1]<UL><LI> startup_stm32l072xx.o(RESET)
</UL>
<P><STRONG><a name="[6a]"></a>ADC1_COMP_IRQHandler</STRONG> (Thumb, 0 bytes, Stack size 0 bytes, startup_stm32l072xx.o(.text))
<BR><BR>[Calls]<UL><LI><a href="#[6a]">&gt;&gt;</a>&nbsp;&nbsp;&nbsp;ADC1_COMP_IRQHandler
</UL>
<BR>[Called By]<UL><LI><a href="#[6a]">&gt;&gt;</a>&nbsp;&nbsp;&nbsp;ADC1_COMP_IRQHandler
</UL>
<BR>[Address Reference Count : 1]<UL><LI> startup_stm32l072xx.o(RESET)
</UL>
<P><STRONG><a name="[67]"></a>DMA1_Channel1_IRQHandler</STRONG> (Thumb, 0 bytes, Stack size 0 bytes, startup_stm32l072xx.o(.text))
<BR>[Address Reference Count : 1]<UL><LI> startup_stm32l072xx.o(RESET)
</UL>
<P><STRONG><a name="[69]"></a>DMA1_Channel4_5_6_7_IRQHandler</STRONG> (Thumb, 0 bytes, Stack size 0 bytes, startup_stm32l072xx.o(.text))
<BR>[Address Reference Count : 1]<UL><LI> startup_stm32l072xx.o(RESET)
</UL>
<P><STRONG><a name="[63]"></a>EXTI0_1_IRQHandler</STRONG> (Thumb, 0 bytes, Stack size 0 bytes, startup_stm32l072xx.o(.text))
<BR>[Address Reference Count : 1]<UL><LI> startup_stm32l072xx.o(RESET)
</UL>
<P><STRONG><a name="[64]"></a>EXTI2_3_IRQHandler</STRONG> (Thumb, 0 bytes, Stack size 0 bytes, startup_stm32l072xx.o(.text))
<BR>[Address Reference Count : 1]<UL><LI> startup_stm32l072xx.o(RESET)
</UL>
<P><STRONG><a name="[61]"></a>FLASH_IRQHandler</STRONG> (Thumb, 0 bytes, Stack size 0 bytes, startup_stm32l072xx.o(.text))
<BR>[Address Reference Count : 1]<UL><LI> startup_stm32l072xx.o(RESET)
</UL>
<P><STRONG><a name="[74]"></a>I2C1_IRQHandler</STRONG> (Thumb, 0 bytes, Stack size 0 bytes, startup_stm32l072xx.o(.text))
<BR>[Address Reference Count : 1]<UL><LI> startup_stm32l072xx.o(RESET)
</UL>
<P><STRONG><a name="[75]"></a>I2C2_IRQHandler</STRONG> (Thumb, 0 bytes, Stack size 0 bytes, startup_stm32l072xx.o(.text))
<BR>[Address Reference Count : 1]<UL><LI> startup_stm32l072xx.o(RESET)
</UL>
<P><STRONG><a name="[72]"></a>I2C3_IRQHandler</STRONG> (Thumb, 0 bytes, Stack size 0 bytes, startup_stm32l072xx.o(.text))
<BR>[Address Reference Count : 1]<UL><LI> startup_stm32l072xx.o(RESET)
</UL>
<P><STRONG><a name="[6b]"></a>LPTIM1_IRQHandler</STRONG> (Thumb, 0 bytes, Stack size 0 bytes, startup_stm32l072xx.o(.text))
<BR>[Address Reference Count : 1]<UL><LI> startup_stm32l072xx.o(RESET)
</UL>
<P><STRONG><a name="[5f]"></a>PVD_IRQHandler</STRONG> (Thumb, 0 bytes, Stack size 0 bytes, startup_stm32l072xx.o(.text))
<BR>[Address Reference Count : 1]<UL><LI> startup_stm32l072xx.o(RESET)
</UL>
<P><STRONG><a name="[62]"></a>RCC_CRS_IRQHandler</STRONG> (Thumb, 0 bytes, Stack size 0 bytes, startup_stm32l072xx.o(.text))
<BR>[Address Reference Count : 1]<UL><LI> startup_stm32l072xx.o(RESET)
</UL>
<P><STRONG><a name="[76]"></a>SPI1_IRQHandler</STRONG> (Thumb, 0 bytes, Stack size 0 bytes, startup_stm32l072xx.o(.text))
<BR>[Address Reference Count : 1]<UL><LI> startup_stm32l072xx.o(RESET)
</UL>
<P><STRONG><a name="[77]"></a>SPI2_IRQHandler</STRONG> (Thumb, 0 bytes, Stack size 0 bytes, startup_stm32l072xx.o(.text))
<BR>[Address Reference Count : 1]<UL><LI> startup_stm32l072xx.o(RESET)
</UL>
<P><STRONG><a name="[71]"></a>TIM21_IRQHandler</STRONG> (Thumb, 0 bytes, Stack size 0 bytes, startup_stm32l072xx.o(.text))
<BR>[Address Reference Count : 1]<UL><LI> startup_stm32l072xx.o(RESET)
</UL>
<P><STRONG><a name="[73]"></a>TIM22_IRQHandler</STRONG> (Thumb, 0 bytes, Stack size 0 bytes, startup_stm32l072xx.o(.text))
<BR>[Address Reference Count : 1]<UL><LI> startup_stm32l072xx.o(RESET)
</UL>
<P><STRONG><a name="[6d]"></a>TIM2_IRQHandler</STRONG> (Thumb, 0 bytes, Stack size 0 bytes, startup_stm32l072xx.o(.text))
<BR>[Address Reference Count : 1]<UL><LI> startup_stm32l072xx.o(RESET)
</UL>
<P><STRONG><a name="[6e]"></a>TIM3_IRQHandler</STRONG> (Thumb, 0 bytes, Stack size 0 bytes, startup_stm32l072xx.o(.text))
<BR>[Address Reference Count : 1]<UL><LI> startup_stm32l072xx.o(RESET)
</UL>
<P><STRONG><a name="[6f]"></a>TIM6_DAC_IRQHandler</STRONG> (Thumb, 0 bytes, Stack size 0 bytes, startup_stm32l072xx.o(.text))
<BR>[Address Reference Count : 1]<UL><LI> startup_stm32l072xx.o(RESET)
</UL>
<P><STRONG><a name="[70]"></a>TIM7_IRQHandler</STRONG> (Thumb, 0 bytes, Stack size 0 bytes, startup_stm32l072xx.o(.text))
<BR>[Address Reference Count : 1]<UL><LI> startup_stm32l072xx.o(RESET)
</UL>
<P><STRONG><a name="[66]"></a>TSC_IRQHandler</STRONG> (Thumb, 0 bytes, Stack size 0 bytes, startup_stm32l072xx.o(.text))
<BR>[Address Reference Count : 1]<UL><LI> startup_stm32l072xx.o(RESET)
</UL>
<P><STRONG><a name="[6c]"></a>USART4_5_IRQHandler</STRONG> (Thumb, 0 bytes, Stack size 0 bytes, startup_stm32l072xx.o(.text))
<BR>[Address Reference Count : 1]<UL><LI> startup_stm32l072xx.o(RESET)
</UL>
<P><STRONG><a name="[7b]"></a>USB_IRQHandler</STRONG> (Thumb, 0 bytes, Stack size 0 bytes, startup_stm32l072xx.o(.text))
<BR>[Address Reference Count : 1]<UL><LI> startup_stm32l072xx.o(RESET)
</UL>
<P><STRONG><a name="[5e]"></a>WWDG_IRQHandler</STRONG> (Thumb, 0 bytes, Stack size 0 bytes, startup_stm32l072xx.o(.text))
<BR>[Address Reference Count : 1]<UL><LI> startup_stm32l072xx.o(RESET)
</UL>
<P><STRONG><a name="[1fe]"></a>__aeabi_uidiv</STRONG> (Thumb, 0 bytes, Stack size 12 bytes, uidiv.o(.text), UNUSED)

<P><STRONG><a name="[cb]"></a>__aeabi_uidivmod</STRONG> (Thumb, 44 bytes, Stack size 12 bytes, uidiv.o(.text))
<BR><BR>[Stack]<UL><LI>Max Depth = 12<LI>Call Chain = __aeabi_uidivmod
</UL>
<BR>[Called By]<UL><LI><a href="#[1e2]">&gt;&gt;</a>&nbsp;&nbsp;&nbsp;config_Get
<LI><a href="#[1c9]">&gt;&gt;</a>&nbsp;&nbsp;&nbsp;ULT_distance
<LI><a href="#[160]">&gt;&gt;</a>&nbsp;&nbsp;&nbsp;My_AlarmInit
<LI><a href="#[1cb]">&gt;&gt;</a>&nbsp;&nbsp;&nbsp;USERTASK
<LI><a href="#[194]">&gt;&gt;</a>&nbsp;&nbsp;&nbsp;HW_RTC_StartWakeUpAlarm
<LI><a href="#[13e]">&gt;&gt;</a>&nbsp;&nbsp;&nbsp;HAL_DMA_Init
<LI><a href="#[fd]">&gt;&gt;</a>&nbsp;&nbsp;&nbsp;ADC_DelayMicroSecond
<LI><a href="#[1e6]">&gt;&gt;</a>&nbsp;&nbsp;&nbsp;getVoltage
<LI><a href="#[b9]">&gt;&gt;</a>&nbsp;&nbsp;&nbsp;at_tr_set
<LI><a href="#[155]">&gt;&gt;</a>&nbsp;&nbsp;&nbsp;HAL_InitTick
<LI><a href="#[17d]">&gt;&gt;</a>&nbsp;&nbsp;&nbsp;UART_SetConfig
<LI><a href="#[ca]">&gt;&gt;</a>&nbsp;&nbsp;&nbsp;__aeabi_idivmod
<LI><a href="#[d0]">&gt;&gt;</a>&nbsp;&nbsp;&nbsp;_localtime
<LI><a href="#[1d3]">&gt;&gt;</a>&nbsp;&nbsp;&nbsp;_printf_core
</UL>

<P><STRONG><a name="[1ff]"></a>__aeabi_idiv</STRONG> (Thumb, 0 bytes, Stack size 16 bytes, idiv.o(.text), UNUSED)

<P><STRONG><a name="[ca]"></a>__aeabi_idivmod</STRONG> (Thumb, 40 bytes, Stack size 16 bytes, idiv.o(.text))
<BR><BR>[Stack]<UL><LI>Max Depth = 28<LI>Call Chain = __aeabi_idivmod &rArr; __aeabi_uidivmod
</UL>
<BR>[Calls]<UL><LI><a href="#[cb]">&gt;&gt;</a>&nbsp;&nbsp;&nbsp;__aeabi_uidivmod
</UL>
<BR>[Called By]<UL><LI><a href="#[d3]">&gt;&gt;</a>&nbsp;&nbsp;&nbsp;strftime
<LI><a href="#[d2]">&gt;&gt;</a>&nbsp;&nbsp;&nbsp;_yeardays
<LI><a href="#[d1]">&gt;&gt;</a>&nbsp;&nbsp;&nbsp;_isoweek
<LI><a href="#[cf]">&gt;&gt;</a>&nbsp;&nbsp;&nbsp;mktime
</UL>

<P><STRONG><a name="[cc]"></a>__aeabi_uldivmod</STRONG> (Thumb, 96 bytes, Stack size 48 bytes, uldiv.o(.text))
<BR><BR>[Stack]<UL><LI>Max Depth = 56<LI>Call Chain = __aeabi_uldivmod &rArr; __aeabi_llsr
</UL>
<BR>[Calls]<UL><LI><a href="#[cd]">&gt;&gt;</a>&nbsp;&nbsp;&nbsp;__aeabi_llsr
<LI><a href="#[ce]">&gt;&gt;</a>&nbsp;&nbsp;&nbsp;__aeabi_llsl
</UL>
<BR>[Called By]<UL><LI><a href="#[199]">&gt;&gt;</a>&nbsp;&nbsp;&nbsp;HW_RTC_ms2Tick
<LI><a href="#[17d]">&gt;&gt;</a>&nbsp;&nbsp;&nbsp;UART_SetConfig
<LI><a href="#[15b]">&gt;&gt;</a>&nbsp;&nbsp;&nbsp;HAL_RCC_GetSysClockFreq
<LI><a href="#[1d3]">&gt;&gt;</a>&nbsp;&nbsp;&nbsp;_printf_core
<LI><a href="#[1d5]">&gt;&gt;</a>&nbsp;&nbsp;&nbsp;_fp_digits
</UL>

<P><STRONG><a name="[ee]"></a>__rt_ctype_table</STRONG> (Thumb, 4 bytes, Stack size 0 bytes, ctype_o.o(.text))
<BR><BR>[Called By]<UL><LI><a href="#[1dc]">&gt;&gt;</a>&nbsp;&nbsp;&nbsp;hexDetection
<LI><a href="#[dd]">&gt;&gt;</a>&nbsp;&nbsp;&nbsp;strtol
</UL>

<P><STRONG><a name="[1bb]"></a>toupper</STRONG> (Thumb, 12 bytes, Stack size 0 bytes, toupper.o(.text))
<BR><BR>[Called By]<UL><LI><a href="#[1ba]">&gt;&gt;</a>&nbsp;&nbsp;&nbsp;StrToHex
</UL>

<P><STRONG><a name="[cf]"></a>mktime</STRONG> (Thumb, 124 bytes, Stack size 16 bytes, mktime.o(.text))
<BR><BR>[Stack]<UL><LI>Max Depth = 44<LI>Call Chain = mktime &rArr; __aeabi_idivmod &rArr; __aeabi_uidivmod
</UL>
<BR>[Calls]<UL><LI><a href="#[ca]">&gt;&gt;</a>&nbsp;&nbsp;&nbsp;__aeabi_idivmod
<LI><a href="#[d0]">&gt;&gt;</a>&nbsp;&nbsp;&nbsp;_localtime
</UL>
<BR>[Called By]<UL><LI><a href="#[133]">&gt;&gt;</a>&nbsp;&nbsp;&nbsp;GetTick
</UL>

<P><STRONG><a name="[d3]"></a>strftime</STRONG> (Thumb, 592 bytes, Stack size 72 bytes, strftime.o(.text))
<BR><BR>[Stack]<UL><LI>Max Depth = 124<LI>Call Chain = strftime &rArr; _isoweek &rArr; _yeardays &rArr; __aeabi_idivmod &rArr; __aeabi_uidivmod
</UL>
<BR>[Calls]<UL><LI><a href="#[d4]">&gt;&gt;</a>&nbsp;&nbsp;&nbsp;__ARM_common_switch8
<LI><a href="#[d1]">&gt;&gt;</a>&nbsp;&nbsp;&nbsp;_isoweek
<LI><a href="#[ca]">&gt;&gt;</a>&nbsp;&nbsp;&nbsp;__aeabi_idivmod
</UL>
<BR>[Called By]<UL><LI><a href="#[1f2]">&gt;&gt;</a>&nbsp;&nbsp;&nbsp;pro_data
<LI><a href="#[1f1]">&gt;&gt;</a>&nbsp;&nbsp;&nbsp;pro_data2
<LI><a href="#[d5]">&gt;&gt;</a>&nbsp;&nbsp;&nbsp;asctime
</UL>

<P><STRONG><a name="[d5]"></a>asctime</STRONG> (Thumb, 30 bytes, Stack size 8 bytes, asctime_s.o(.text))
<BR><BR>[Stack]<UL><LI>Max Depth = 132<LI>Call Chain = asctime &rArr; strftime &rArr; _isoweek &rArr; _yeardays &rArr; __aeabi_idivmod &rArr; __aeabi_uidivmod
</UL>
<BR>[Calls]<UL><LI><a href="#[d3]">&gt;&gt;</a>&nbsp;&nbsp;&nbsp;strftime
</UL>
<BR>[Called By]<UL><LI><a href="#[d6]">&gt;&gt;</a>&nbsp;&nbsp;&nbsp;ctime
</UL>

<P><STRONG><a name="[d6]"></a>ctime</STRONG> (Thumb, 12 bytes, Stack size 8 bytes, ctime.o(.text))
<BR><BR>[Stack]<UL><LI>Max Depth = 140<LI>Call Chain = ctime &rArr; asctime &rArr; strftime &rArr; _isoweek &rArr; _yeardays &rArr; __aeabi_idivmod &rArr; __aeabi_uidivmod
</UL>
<BR>[Calls]<UL><LI><a href="#[d5]">&gt;&gt;</a>&nbsp;&nbsp;&nbsp;asctime
<LI><a href="#[d7]">&gt;&gt;</a>&nbsp;&nbsp;&nbsp;localtime
</UL>
<BR>[Called By]<UL><LI><a href="#[134]">&gt;&gt;</a>&nbsp;&nbsp;&nbsp;GetTime
</UL>

<P><STRONG><a name="[1b5]"></a>__aeabi_memcpy</STRONG> (Thumb, 36 bytes, Stack size 0 bytes, memcpya.o(.text))
<BR><BR>[Called By]<UL><LI><a href="#[26]">&gt;&gt;</a>&nbsp;&nbsp;&nbsp;nb_qdns_set
<LI><a href="#[27]">&gt;&gt;</a>&nbsp;&nbsp;&nbsp;nb_qdns_get
<LI><a href="#[19]">&gt;&gt;</a>&nbsp;&nbsp;&nbsp;nb_cclk_get
<LI><a href="#[1b]">&gt;&gt;</a>&nbsp;&nbsp;&nbsp;nb_cclk2_get
<LI><a href="#[2b]">&gt;&gt;</a>&nbsp;&nbsp;&nbsp;nb_UDP_send_set
<LI><a href="#[2d]">&gt;&gt;</a>&nbsp;&nbsp;&nbsp;nb_UDP_read_get
<LI><a href="#[29]">&gt;&gt;</a>&nbsp;&nbsp;&nbsp;nb_UDP_open_set
<LI><a href="#[52]">&gt;&gt;</a>&nbsp;&nbsp;&nbsp;nb_TCP_read_get
<LI><a href="#[4e]">&gt;&gt;</a>&nbsp;&nbsp;&nbsp;nb_TCP_open_set
<LI><a href="#[37]">&gt;&gt;</a>&nbsp;&nbsp;&nbsp;nb_MQTT_open_set
<LI><a href="#[49]">&gt;&gt;</a>&nbsp;&nbsp;&nbsp;nb_MQTT_data_read_set
<LI><a href="#[1e2]">&gt;&gt;</a>&nbsp;&nbsp;&nbsp;config_Get
<LI><a href="#[1b4]">&gt;&gt;</a>&nbsp;&nbsp;&nbsp;NBTASK
<LI><a href="#[1b7]">&gt;&gt;</a>&nbsp;&nbsp;&nbsp;is_ipv4_addr
<LI><a href="#[9d]">&gt;&gt;</a>&nbsp;&nbsp;&nbsp;at_uname_set
<LI><a href="#[a3]">&gt;&gt;</a>&nbsp;&nbsp;&nbsp;at_subtopic_set
<LI><a href="#[99]">&gt;&gt;</a>&nbsp;&nbsp;&nbsp;at_servaddr_set
<LI><a href="#[95]">&gt;&gt;</a>&nbsp;&nbsp;&nbsp;at_pword_set
<LI><a href="#[9f]">&gt;&gt;</a>&nbsp;&nbsp;&nbsp;at_pwd_set
<LI><a href="#[a1]">&gt;&gt;</a>&nbsp;&nbsp;&nbsp;at_pubtopic_set
<LI><a href="#[c1]">&gt;&gt;</a>&nbsp;&nbsp;&nbsp;at_dnscfg_set
<LI><a href="#[93]">&gt;&gt;</a>&nbsp;&nbsp;&nbsp;at_deui_set
<LI><a href="#[9b]">&gt;&gt;</a>&nbsp;&nbsp;&nbsp;at_client_set
<LI><a href="#[a9]">&gt;&gt;</a>&nbsp;&nbsp;&nbsp;at_apn_set
</UL>

<P><STRONG><a name="[196]"></a>__aeabi_memcpy4</STRONG> (Thumb, 0 bytes, Stack size 0 bytes, memcpya.o(.text))
<BR><BR>[Called By]<UL><LI><a href="#[194]">&gt;&gt;</a>&nbsp;&nbsp;&nbsp;HW_RTC_StartWakeUpAlarm
</UL>

<P><STRONG><a name="[200]"></a>__aeabi_memcpy8</STRONG> (Thumb, 0 bytes, Stack size 0 bytes, memcpya.o(.text), UNUSED)

<P><STRONG><a name="[d9]"></a>__aeabi_memset</STRONG> (Thumb, 14 bytes, Stack size 0 bytes, memseta.o(.text))
<BR><BR>[Called By]<UL><LI><a href="#[da]">&gt;&gt;</a>&nbsp;&nbsp;&nbsp;_memset$wrapper
<LI><a href="#[d8]">&gt;&gt;</a>&nbsp;&nbsp;&nbsp;__aeabi_memclr
</UL>

<P><STRONG><a name="[201]"></a>__aeabi_memset4</STRONG> (Thumb, 0 bytes, Stack size 0 bytes, memseta.o(.text), UNUSED)

<P><STRONG><a name="[202]"></a>__aeabi_memset8</STRONG> (Thumb, 0 bytes, Stack size 0 bytes, memseta.o(.text), UNUSED)

<P><STRONG><a name="[d8]"></a>__aeabi_memclr</STRONG> (Thumb, 4 bytes, Stack size 0 bytes, memseta.o(.text))
<BR><BR>[Calls]<UL><LI><a href="#[d9]">&gt;&gt;</a>&nbsp;&nbsp;&nbsp;__aeabi_memset
</UL>
<BR>[Called By]<UL><LI><a href="#[11]">&gt;&gt;</a>&nbsp;&nbsp;&nbsp;nb_qsclkoff_set
<LI><a href="#[e]">&gt;&gt;</a>&nbsp;&nbsp;&nbsp;nb_qsclk_set
<LI><a href="#[8]">&gt;&gt;</a>&nbsp;&nbsp;&nbsp;nb_qicfg_set
<LI><a href="#[24]">&gt;&gt;</a>&nbsp;&nbsp;&nbsp;nb_qdnscfg_set
<LI><a href="#[26]">&gt;&gt;</a>&nbsp;&nbsp;&nbsp;nb_qdns_set
<LI><a href="#[27]">&gt;&gt;</a>&nbsp;&nbsp;&nbsp;nb_qdns_get
<LI><a href="#[4]">&gt;&gt;</a>&nbsp;&nbsp;&nbsp;nb_qcfgev_set
<LI><a href="#[14]">&gt;&gt;</a>&nbsp;&nbsp;&nbsp;nb_qband_set
<LI><a href="#[20]">&gt;&gt;</a>&nbsp;&nbsp;&nbsp;nb_cpsms_set
<LI><a href="#[1d]">&gt;&gt;</a>&nbsp;&nbsp;&nbsp;nb_cgdcont_set
<LI><a href="#[b]">&gt;&gt;</a>&nbsp;&nbsp;&nbsp;nb_cfunoff_set
<LI><a href="#[2b]">&gt;&gt;</a>&nbsp;&nbsp;&nbsp;nb_UDP_send_set
<LI><a href="#[2d]">&gt;&gt;</a>&nbsp;&nbsp;&nbsp;nb_UDP_read_get
<LI><a href="#[29]">&gt;&gt;</a>&nbsp;&nbsp;&nbsp;nb_UDP_open_set
<LI><a href="#[50]">&gt;&gt;</a>&nbsp;&nbsp;&nbsp;nb_TCP_send_set
<LI><a href="#[52]">&gt;&gt;</a>&nbsp;&nbsp;&nbsp;nb_TCP_read_get
<LI><a href="#[4e]">&gt;&gt;</a>&nbsp;&nbsp;&nbsp;nb_TCP_open_set
<LI><a href="#[32]">&gt;&gt;</a>&nbsp;&nbsp;&nbsp;nb_QSSLCFG_set
<LI><a href="#[34]">&gt;&gt;</a>&nbsp;&nbsp;&nbsp;nb_QMTCFGSSL_set
<LI><a href="#[3b]">&gt;&gt;</a>&nbsp;&nbsp;&nbsp;nb_MQTT_sub_set
<LI><a href="#[3d]">&gt;&gt;</a>&nbsp;&nbsp;&nbsp;nb_MQTT_pub_set
<LI><a href="#[45]">&gt;&gt;</a>&nbsp;&nbsp;&nbsp;nb_MQTT_pub5_set
<LI><a href="#[43]">&gt;&gt;</a>&nbsp;&nbsp;&nbsp;nb_MQTT_pub3_set
<LI><a href="#[41]">&gt;&gt;</a>&nbsp;&nbsp;&nbsp;nb_MQTT_pub2_set
<LI><a href="#[3f]">&gt;&gt;</a>&nbsp;&nbsp;&nbsp;nb_MQTT_pub1_set
<LI><a href="#[37]">&gt;&gt;</a>&nbsp;&nbsp;&nbsp;nb_MQTT_open_set
<LI><a href="#[49]">&gt;&gt;</a>&nbsp;&nbsp;&nbsp;nb_MQTT_data_read_set
<LI><a href="#[39]">&gt;&gt;</a>&nbsp;&nbsp;&nbsp;nb_MQTT_conn_set
<LI><a href="#[1c8]">&gt;&gt;</a>&nbsp;&nbsp;&nbsp;ULT_Rest
<LI><a href="#[1b4]">&gt;&gt;</a>&nbsp;&nbsp;&nbsp;NBTASK
<LI><a href="#[1cb]">&gt;&gt;</a>&nbsp;&nbsp;&nbsp;USERTASK
<LI><a href="#[1ef]">&gt;&gt;</a>&nbsp;&nbsp;&nbsp;nb_at_send
<LI><a href="#[1b8]">&gt;&gt;</a>&nbsp;&nbsp;&nbsp;txPayLoadDeal
<LI><a href="#[1e1]">&gt;&gt;</a>&nbsp;&nbsp;&nbsp;txPayLoadDeal2
<LI><a href="#[9d]">&gt;&gt;</a>&nbsp;&nbsp;&nbsp;at_uname_set
<LI><a href="#[a3]">&gt;&gt;</a>&nbsp;&nbsp;&nbsp;at_subtopic_set
<LI><a href="#[99]">&gt;&gt;</a>&nbsp;&nbsp;&nbsp;at_servaddr_set
<LI><a href="#[95]">&gt;&gt;</a>&nbsp;&nbsp;&nbsp;at_pword_set
<LI><a href="#[9f]">&gt;&gt;</a>&nbsp;&nbsp;&nbsp;at_pwd_set
<LI><a href="#[a1]">&gt;&gt;</a>&nbsp;&nbsp;&nbsp;at_pubtopic_set
<LI><a href="#[c1]">&gt;&gt;</a>&nbsp;&nbsp;&nbsp;at_dnscfg_set
<LI><a href="#[93]">&gt;&gt;</a>&nbsp;&nbsp;&nbsp;at_deui_set
<LI><a href="#[9b]">&gt;&gt;</a>&nbsp;&nbsp;&nbsp;at_client_set
<LI><a href="#[a9]">&gt;&gt;</a>&nbsp;&nbsp;&nbsp;at_apn_set
</UL>

<P><STRONG><a name="[f5]"></a>__aeabi_memclr4</STRONG> (Thumb, 0 bytes, Stack size 0 bytes, memseta.o(.text))
<BR><BR>[Called By]<UL><LI><a href="#[147]">&gt;&gt;</a>&nbsp;&nbsp;&nbsp;HAL_I2C_MspInit
<LI><a href="#[1d0]">&gt;&gt;</a>&nbsp;&nbsp;&nbsp;uart1_IoDeInit
<LI><a href="#[1cf]">&gt;&gt;</a>&nbsp;&nbsp;&nbsp;uart1_Init
<LI><a href="#[6]">&gt;&gt;</a>&nbsp;&nbsp;&nbsp;nb_cimi_get
<LI><a href="#[5]">&gt;&gt;</a>&nbsp;&nbsp;&nbsp;nb_cgsn_get
<LI><a href="#[19]">&gt;&gt;</a>&nbsp;&nbsp;&nbsp;nb_cclk_get
<LI><a href="#[1b]">&gt;&gt;</a>&nbsp;&nbsp;&nbsp;nb_cclk2_get
<LI><a href="#[43]">&gt;&gt;</a>&nbsp;&nbsp;&nbsp;nb_MQTT_pub3_set
<LI><a href="#[3f]">&gt;&gt;</a>&nbsp;&nbsp;&nbsp;nb_MQTT_pub1_set
<LI><a href="#[112]">&gt;&gt;</a>&nbsp;&nbsp;&nbsp;WEIGHT_SCK_Init
<LI><a href="#[115]">&gt;&gt;</a>&nbsp;&nbsp;&nbsp;WEIGHT_SCK_DeInit
<LI><a href="#[113]">&gt;&gt;</a>&nbsp;&nbsp;&nbsp;WEIGHT_DOUT_Init
<LI><a href="#[116]">&gt;&gt;</a>&nbsp;&nbsp;&nbsp;WEIGHT_DOUT_DeInit
<LI><a href="#[160]">&gt;&gt;</a>&nbsp;&nbsp;&nbsp;My_AlarmInit
<LI><a href="#[1ab]">&gt;&gt;</a>&nbsp;&nbsp;&nbsp;MX_GPIO_Init
<LI><a href="#[10f]">&gt;&gt;</a>&nbsp;&nbsp;&nbsp;GPIO_ULT_OUTPUT_DeInit
<LI><a href="#[10e]">&gt;&gt;</a>&nbsp;&nbsp;&nbsp;GPIO_ULT_INPUT_DeInit
<LI><a href="#[f4]">&gt;&gt;</a>&nbsp;&nbsp;&nbsp;ADCModel
<LI><a href="#[1ee]">&gt;&gt;</a>&nbsp;&nbsp;&nbsp;user_key_event
<LI><a href="#[1e9]">&gt;&gt;</a>&nbsp;&nbsp;&nbsp;rename_ble
<LI><a href="#[8a]">&gt;&gt;</a>&nbsp;&nbsp;&nbsp;SystemClock_Config
<LI><a href="#[132]">&gt;&gt;</a>&nbsp;&nbsp;&nbsp;GPIO_BLE_STATUS_Ioinit
<LI><a href="#[1cb]">&gt;&gt;</a>&nbsp;&nbsp;&nbsp;USERTASK
<LI><a href="#[18e]">&gt;&gt;</a>&nbsp;&nbsp;&nbsp;HW_RTC_SetConfig
<LI><a href="#[17c]">&gt;&gt;</a>&nbsp;&nbsp;&nbsp;HAL_UART_MspInit
<LI><a href="#[1f2]">&gt;&gt;</a>&nbsp;&nbsp;&nbsp;pro_data
<LI><a href="#[1f1]">&gt;&gt;</a>&nbsp;&nbsp;&nbsp;pro_data2
<LI><a href="#[133]">&gt;&gt;</a>&nbsp;&nbsp;&nbsp;GetTick
<LI><a href="#[10b]">&gt;&gt;</a>&nbsp;&nbsp;&nbsp;GPIO_ULT_OUTPUT_Init
<LI><a href="#[10a]">&gt;&gt;</a>&nbsp;&nbsp;&nbsp;GPIO_ULT_INPUT_Init
<LI><a href="#[1b7]">&gt;&gt;</a>&nbsp;&nbsp;&nbsp;is_ipv4_addr
<LI><a href="#[126]">&gt;&gt;</a>&nbsp;&nbsp;&nbsp;EX_GPIO_Init
<LI><a href="#[104]">&gt;&gt;</a>&nbsp;&nbsp;&nbsp;config_Set
</UL>

<P><STRONG><a name="[203]"></a>__aeabi_memclr8</STRONG> (Thumb, 0 bytes, Stack size 0 bytes, memseta.o(.text), UNUSED)

<P><STRONG><a name="[da]"></a>_memset$wrapper</STRONG> (Thumb, 18 bytes, Stack size 8 bytes, memseta.o(.text), UNUSED)
<BR><BR>[Calls]<UL><LI><a href="#[d9]">&gt;&gt;</a>&nbsp;&nbsp;&nbsp;__aeabi_memset
</UL>

<P><STRONG><a name="[189]"></a>strcat</STRONG> (Thumb, 24 bytes, Stack size 0 bytes, strcat.o(.text))
<BR><BR>[Called By]<UL><LI><a href="#[11]">&gt;&gt;</a>&nbsp;&nbsp;&nbsp;nb_qsclkoff_set
<LI><a href="#[e]">&gt;&gt;</a>&nbsp;&nbsp;&nbsp;nb_qsclk_set
<LI><a href="#[8]">&gt;&gt;</a>&nbsp;&nbsp;&nbsp;nb_qicfg_set
<LI><a href="#[24]">&gt;&gt;</a>&nbsp;&nbsp;&nbsp;nb_qdnscfg_set
<LI><a href="#[26]">&gt;&gt;</a>&nbsp;&nbsp;&nbsp;nb_qdns_set
<LI><a href="#[4]">&gt;&gt;</a>&nbsp;&nbsp;&nbsp;nb_qcfgev_set
<LI><a href="#[14]">&gt;&gt;</a>&nbsp;&nbsp;&nbsp;nb_qband_set
<LI><a href="#[20]">&gt;&gt;</a>&nbsp;&nbsp;&nbsp;nb_cpsms_set
<LI><a href="#[b]">&gt;&gt;</a>&nbsp;&nbsp;&nbsp;nb_cfunoff_set
<LI><a href="#[19]">&gt;&gt;</a>&nbsp;&nbsp;&nbsp;nb_cclk_get
<LI><a href="#[1b]">&gt;&gt;</a>&nbsp;&nbsp;&nbsp;nb_cclk2_get
<LI><a href="#[2b]">&gt;&gt;</a>&nbsp;&nbsp;&nbsp;nb_UDP_send_set
<LI><a href="#[29]">&gt;&gt;</a>&nbsp;&nbsp;&nbsp;nb_UDP_open_set
<LI><a href="#[50]">&gt;&gt;</a>&nbsp;&nbsp;&nbsp;nb_TCP_send_set
<LI><a href="#[4e]">&gt;&gt;</a>&nbsp;&nbsp;&nbsp;nb_TCP_open_set
<LI><a href="#[32]">&gt;&gt;</a>&nbsp;&nbsp;&nbsp;nb_QSSLCFG_set
<LI><a href="#[34]">&gt;&gt;</a>&nbsp;&nbsp;&nbsp;nb_QMTCFGSSL_set
<LI><a href="#[3b]">&gt;&gt;</a>&nbsp;&nbsp;&nbsp;nb_MQTT_sub_set
<LI><a href="#[3d]">&gt;&gt;</a>&nbsp;&nbsp;&nbsp;nb_MQTT_pub_set
<LI><a href="#[45]">&gt;&gt;</a>&nbsp;&nbsp;&nbsp;nb_MQTT_pub5_set
<LI><a href="#[43]">&gt;&gt;</a>&nbsp;&nbsp;&nbsp;nb_MQTT_pub3_set
<LI><a href="#[41]">&gt;&gt;</a>&nbsp;&nbsp;&nbsp;nb_MQTT_pub2_set
<LI><a href="#[3f]">&gt;&gt;</a>&nbsp;&nbsp;&nbsp;nb_MQTT_pub1_set
<LI><a href="#[37]">&gt;&gt;</a>&nbsp;&nbsp;&nbsp;nb_MQTT_open_set
<LI><a href="#[39]">&gt;&gt;</a>&nbsp;&nbsp;&nbsp;nb_MQTT_conn_set
<LI><a href="#[187]">&gt;&gt;</a>&nbsp;&nbsp;&nbsp;HW_GetUniqueId
<LI><a href="#[1f2]">&gt;&gt;</a>&nbsp;&nbsp;&nbsp;pro_data
<LI><a href="#[1f1]">&gt;&gt;</a>&nbsp;&nbsp;&nbsp;pro_data2
</UL>

<P><STRONG><a name="[102]"></a>strstr</STRONG> (Thumb, 40 bytes, Stack size 12 bytes, strstr.o(.text))
<BR><BR>[Stack]<UL><LI>Max Depth = 12<LI>Call Chain = strstr
</UL>
<BR>[Called By]<UL><LI><a href="#[17]">&gt;&gt;</a>&nbsp;&nbsp;&nbsp;nb_cgmm_get
<LI><a href="#[19]">&gt;&gt;</a>&nbsp;&nbsp;&nbsp;nb_cclk_get
<LI><a href="#[1b]">&gt;&gt;</a>&nbsp;&nbsp;&nbsp;nb_cclk2_get
<LI><a href="#[30]">&gt;&gt;</a>&nbsp;&nbsp;&nbsp;nb_UDP_uri_run
<LI><a href="#[55]">&gt;&gt;</a>&nbsp;&nbsp;&nbsp;nb_TCP_uri_run
<LI><a href="#[4c]">&gt;&gt;</a>&nbsp;&nbsp;&nbsp;nb_MQTT_uri_run
<LI><a href="#[49]">&gt;&gt;</a>&nbsp;&nbsp;&nbsp;nb_MQTT_data_read_set
<LI><a href="#[39]">&gt;&gt;</a>&nbsp;&nbsp;&nbsp;nb_MQTT_conn_set
<LI><a href="#[1b4]">&gt;&gt;</a>&nbsp;&nbsp;&nbsp;NBTASK
<LI><a href="#[ff]">&gt;&gt;</a>&nbsp;&nbsp;&nbsp;ATInsPro
<LI><a href="#[1ef]">&gt;&gt;</a>&nbsp;&nbsp;&nbsp;nb_at_send
<LI><a href="#[1b7]">&gt;&gt;</a>&nbsp;&nbsp;&nbsp;is_ipv4_addr
<LI><a href="#[98]">&gt;&gt;</a>&nbsp;&nbsp;&nbsp;at_servaddr_get
</UL>

<P><STRONG><a name="[1f3]"></a>strncpy</STRONG> (Thumb, 26 bytes, Stack size 8 bytes, strncpy.o(.text))
<BR><BR>[Stack]<UL><LI>Max Depth = 8<LI>Call Chain = strncpy
</UL>
<BR>[Called By]<UL><LI><a href="#[6]">&gt;&gt;</a>&nbsp;&nbsp;&nbsp;nb_cimi_get
<LI><a href="#[5]">&gt;&gt;</a>&nbsp;&nbsp;&nbsp;nb_cgsn_get
</UL>

<P><STRONG><a name="[1d9]"></a>strchr</STRONG> (Thumb, 20 bytes, Stack size 0 bytes, strchr.o(.text))
<BR><BR>[Called By]<UL><LI><a href="#[27]">&gt;&gt;</a>&nbsp;&nbsp;&nbsp;nb_qdns_get
<LI><a href="#[15]">&gt;&gt;</a>&nbsp;&nbsp;&nbsp;nb_qband_get
<LI><a href="#[22]">&gt;&gt;</a>&nbsp;&nbsp;&nbsp;nb_csq_get
<LI><a href="#[6]">&gt;&gt;</a>&nbsp;&nbsp;&nbsp;nb_cimi_get
<LI><a href="#[5]">&gt;&gt;</a>&nbsp;&nbsp;&nbsp;nb_cgsn_get
<LI><a href="#[2b]">&gt;&gt;</a>&nbsp;&nbsp;&nbsp;nb_UDP_send_set
<LI><a href="#[29]">&gt;&gt;</a>&nbsp;&nbsp;&nbsp;nb_UDP_open_set
<LI><a href="#[4e]">&gt;&gt;</a>&nbsp;&nbsp;&nbsp;nb_TCP_open_set
<LI><a href="#[37]">&gt;&gt;</a>&nbsp;&nbsp;&nbsp;nb_MQTT_open_set
<LI><a href="#[49]">&gt;&gt;</a>&nbsp;&nbsp;&nbsp;nb_MQTT_data_read_set
<LI><a href="#[1e2]">&gt;&gt;</a>&nbsp;&nbsp;&nbsp;config_Get
<LI><a href="#[b3]">&gt;&gt;</a>&nbsp;&nbsp;&nbsp;at_weight_GapValue_set
<LI><a href="#[9d]">&gt;&gt;</a>&nbsp;&nbsp;&nbsp;at_uname_set
<LI><a href="#[b9]">&gt;&gt;</a>&nbsp;&nbsp;&nbsp;at_tr_set
<LI><a href="#[c7]">&gt;&gt;</a>&nbsp;&nbsp;&nbsp;at_tlsmod_set
<LI><a href="#[a5]">&gt;&gt;</a>&nbsp;&nbsp;&nbsp;at_tdc_set
<LI><a href="#[a3]">&gt;&gt;</a>&nbsp;&nbsp;&nbsp;at_subtopic_set
<LI><a href="#[99]">&gt;&gt;</a>&nbsp;&nbsp;&nbsp;at_servaddr_set
<LI><a href="#[b1]">&gt;&gt;</a>&nbsp;&nbsp;&nbsp;at_rxdl_set
<LI><a href="#[95]">&gt;&gt;</a>&nbsp;&nbsp;&nbsp;at_pword_set
<LI><a href="#[9f]">&gt;&gt;</a>&nbsp;&nbsp;&nbsp;at_pwd_set
<LI><a href="#[a1]">&gt;&gt;</a>&nbsp;&nbsp;&nbsp;at_pubtopic_set
<LI><a href="#[ad]">&gt;&gt;</a>&nbsp;&nbsp;&nbsp;at_pro_set
<LI><a href="#[bd]">&gt;&gt;</a>&nbsp;&nbsp;&nbsp;at_noud_set
<LI><a href="#[91]">&gt;&gt;</a>&nbsp;&nbsp;&nbsp;at_mod_set
<LI><a href="#[a7]">&gt;&gt;</a>&nbsp;&nbsp;&nbsp;at_inmod_set
<LI><a href="#[bf]">&gt;&gt;</a>&nbsp;&nbsp;&nbsp;at_getsensorvalue_set
<LI><a href="#[b7]">&gt;&gt;</a>&nbsp;&nbsp;&nbsp;at_ext_set
<LI><a href="#[c5]">&gt;&gt;</a>&nbsp;&nbsp;&nbsp;at_dnstimer_set
<LI><a href="#[c1]">&gt;&gt;</a>&nbsp;&nbsp;&nbsp;at_dnscfg_set
<LI><a href="#[93]">&gt;&gt;</a>&nbsp;&nbsp;&nbsp;at_deui_set
<LI><a href="#[c3]">&gt;&gt;</a>&nbsp;&nbsp;&nbsp;at_csqtime_set
<LI><a href="#[9b]">&gt;&gt;</a>&nbsp;&nbsp;&nbsp;at_client_set
<LI><a href="#[af]">&gt;&gt;</a>&nbsp;&nbsp;&nbsp;at_cfm_set
<LI><a href="#[ba]">&gt;&gt;</a>&nbsp;&nbsp;&nbsp;at_cdp_set
<LI><a href="#[a9]">&gt;&gt;</a>&nbsp;&nbsp;&nbsp;at_apn_set
<LI><a href="#[ab]">&gt;&gt;</a>&nbsp;&nbsp;&nbsp;at_5vt_set
</UL>

<P><STRONG><a name="[1cc]"></a>strlen</STRONG> (Thumb, 14 bytes, Stack size 0 bytes, strlen.o(.text))
<BR><BR>[Called By]<UL><LI><a href="#[1cd]">&gt;&gt;</a>&nbsp;&nbsp;&nbsp;sht20Data
<LI><a href="#[100]">&gt;&gt;</a>&nbsp;&nbsp;&nbsp;rtrim
<LI><a href="#[11]">&gt;&gt;</a>&nbsp;&nbsp;&nbsp;nb_qsclkoff_set
<LI><a href="#[e]">&gt;&gt;</a>&nbsp;&nbsp;&nbsp;nb_qsclk_set
<LI><a href="#[8]">&gt;&gt;</a>&nbsp;&nbsp;&nbsp;nb_qicfg_set
<LI><a href="#[24]">&gt;&gt;</a>&nbsp;&nbsp;&nbsp;nb_qdnscfg_set
<LI><a href="#[26]">&gt;&gt;</a>&nbsp;&nbsp;&nbsp;nb_qdns_set
<LI><a href="#[27]">&gt;&gt;</a>&nbsp;&nbsp;&nbsp;nb_qdns_get
<LI><a href="#[4]">&gt;&gt;</a>&nbsp;&nbsp;&nbsp;nb_qcfgev_set
<LI><a href="#[14]">&gt;&gt;</a>&nbsp;&nbsp;&nbsp;nb_qband_set
<LI><a href="#[22]">&gt;&gt;</a>&nbsp;&nbsp;&nbsp;nb_csq_get
<LI><a href="#[20]">&gt;&gt;</a>&nbsp;&nbsp;&nbsp;nb_cpsms_set
<LI><a href="#[1d]">&gt;&gt;</a>&nbsp;&nbsp;&nbsp;nb_cgdcont_set
<LI><a href="#[b]">&gt;&gt;</a>&nbsp;&nbsp;&nbsp;nb_cfunoff_set
<LI><a href="#[2b]">&gt;&gt;</a>&nbsp;&nbsp;&nbsp;nb_UDP_send_set
<LI><a href="#[29]">&gt;&gt;</a>&nbsp;&nbsp;&nbsp;nb_UDP_open_set
<LI><a href="#[50]">&gt;&gt;</a>&nbsp;&nbsp;&nbsp;nb_TCP_send_set
<LI><a href="#[4e]">&gt;&gt;</a>&nbsp;&nbsp;&nbsp;nb_TCP_open_set
<LI><a href="#[32]">&gt;&gt;</a>&nbsp;&nbsp;&nbsp;nb_QSSLCFG_set
<LI><a href="#[34]">&gt;&gt;</a>&nbsp;&nbsp;&nbsp;nb_QMTCFGSSL_set
<LI><a href="#[3b]">&gt;&gt;</a>&nbsp;&nbsp;&nbsp;nb_MQTT_sub_set
<LI><a href="#[3d]">&gt;&gt;</a>&nbsp;&nbsp;&nbsp;nb_MQTT_pub_set
<LI><a href="#[45]">&gt;&gt;</a>&nbsp;&nbsp;&nbsp;nb_MQTT_pub5_set
<LI><a href="#[43]">&gt;&gt;</a>&nbsp;&nbsp;&nbsp;nb_MQTT_pub3_set
<LI><a href="#[41]">&gt;&gt;</a>&nbsp;&nbsp;&nbsp;nb_MQTT_pub2_set
<LI><a href="#[3f]">&gt;&gt;</a>&nbsp;&nbsp;&nbsp;nb_MQTT_pub1_set
<LI><a href="#[37]">&gt;&gt;</a>&nbsp;&nbsp;&nbsp;nb_MQTT_open_set
<LI><a href="#[39]">&gt;&gt;</a>&nbsp;&nbsp;&nbsp;nb_MQTT_conn_set
<LI><a href="#[1e2]">&gt;&gt;</a>&nbsp;&nbsp;&nbsp;config_Get
<LI><a href="#[1cb]">&gt;&gt;</a>&nbsp;&nbsp;&nbsp;USERTASK
<LI><a href="#[1f2]">&gt;&gt;</a>&nbsp;&nbsp;&nbsp;pro_data
<LI><a href="#[1f1]">&gt;&gt;</a>&nbsp;&nbsp;&nbsp;pro_data2
<LI><a href="#[1f6]">&gt;&gt;</a>&nbsp;&nbsp;&nbsp;sht31LowPower
<LI><a href="#[1f5]">&gt;&gt;</a>&nbsp;&nbsp;&nbsp;sht31Init
<LI><a href="#[1b8]">&gt;&gt;</a>&nbsp;&nbsp;&nbsp;txPayLoadDeal
<LI><a href="#[1f0]">&gt;&gt;</a>&nbsp;&nbsp;&nbsp;rxPayLoadDeal
<LI><a href="#[1b7]">&gt;&gt;</a>&nbsp;&nbsp;&nbsp;is_ipv4_addr
<LI><a href="#[1dc]">&gt;&gt;</a>&nbsp;&nbsp;&nbsp;hexDetection
<LI><a href="#[104]">&gt;&gt;</a>&nbsp;&nbsp;&nbsp;config_Set
<LI><a href="#[9d]">&gt;&gt;</a>&nbsp;&nbsp;&nbsp;at_uname_set
<LI><a href="#[a3]">&gt;&gt;</a>&nbsp;&nbsp;&nbsp;at_subtopic_set
<LI><a href="#[99]">&gt;&gt;</a>&nbsp;&nbsp;&nbsp;at_servaddr_set
<LI><a href="#[98]">&gt;&gt;</a>&nbsp;&nbsp;&nbsp;at_servaddr_get
<LI><a href="#[95]">&gt;&gt;</a>&nbsp;&nbsp;&nbsp;at_pword_set
<LI><a href="#[9f]">&gt;&gt;</a>&nbsp;&nbsp;&nbsp;at_pwd_set
<LI><a href="#[a1]">&gt;&gt;</a>&nbsp;&nbsp;&nbsp;at_pubtopic_set
<LI><a href="#[be]">&gt;&gt;</a>&nbsp;&nbsp;&nbsp;at_ldata_get
<LI><a href="#[c1]">&gt;&gt;</a>&nbsp;&nbsp;&nbsp;at_dnscfg_set
<LI><a href="#[93]">&gt;&gt;</a>&nbsp;&nbsp;&nbsp;at_deui_set
<LI><a href="#[9b]">&gt;&gt;</a>&nbsp;&nbsp;&nbsp;at_client_set
<LI><a href="#[a9]">&gt;&gt;</a>&nbsp;&nbsp;&nbsp;at_apn_set
</UL>

<P><STRONG><a name="[101]"></a>strcmp</STRONG> (Thumb, 28 bytes, Stack size 8 bytes, strcmp.o(.text))
<BR><BR>[Stack]<UL><LI>Max Depth = 8<LI>Call Chain = strcmp
</UL>
<BR>[Called By]<UL><LI><a href="#[ff]">&gt;&gt;</a>&nbsp;&nbsp;&nbsp;ATInsPro
<LI><a href="#[1cb]">&gt;&gt;</a>&nbsp;&nbsp;&nbsp;USERTASK
</UL>

<P><STRONG><a name="[1e7]"></a>strrchr</STRONG> (Thumb, 32 bytes, Stack size 0 bytes, strrchr.o(.text))
<BR><BR>[Called By]<UL><LI><a href="#[26]">&gt;&gt;</a>&nbsp;&nbsp;&nbsp;nb_qdns_set
<LI><a href="#[27]">&gt;&gt;</a>&nbsp;&nbsp;&nbsp;nb_qdns_get
<LI><a href="#[2d]">&gt;&gt;</a>&nbsp;&nbsp;&nbsp;nb_UDP_read_get
<LI><a href="#[52]">&gt;&gt;</a>&nbsp;&nbsp;&nbsp;nb_TCP_read_get
<LI><a href="#[1b7]">&gt;&gt;</a>&nbsp;&nbsp;&nbsp;is_ipv4_addr
</UL>

<P><STRONG><a name="[1e4]"></a>__aeabi_uread4</STRONG> (Thumb, 20 bytes, Stack size 0 bytes, uread4.o(.text))
<BR><BR>[Called By]<UL><LI><a href="#[104]">&gt;&gt;</a>&nbsp;&nbsp;&nbsp;config_Set
</UL>

<P><STRONG><a name="[204]"></a>__rt_uread4</STRONG> (Thumb, 0 bytes, Stack size 0 bytes, uread4.o(.text), UNUSED)

<P><STRONG><a name="[205]"></a>_uread4</STRONG> (Thumb, 0 bytes, Stack size 0 bytes, uread4.o(.text), UNUSED)

<P><STRONG><a name="[db]"></a>atoi</STRONG> (Thumb, 26 bytes, Stack size 16 bytes, atoi.o(.text))
<BR><BR>[Stack]<UL><LI>Max Depth = 88<LI>Call Chain = atoi &rArr; strtol &rArr; _strtoul
</UL>
<BR>[Calls]<UL><LI><a href="#[dd]">&gt;&gt;</a>&nbsp;&nbsp;&nbsp;strtol
<LI><a href="#[dc]">&gt;&gt;</a>&nbsp;&nbsp;&nbsp;__aeabi_errno_addr
</UL>
<BR>[Called By]<UL><LI><a href="#[22]">&gt;&gt;</a>&nbsp;&nbsp;&nbsp;nb_csq_get
<LI><a href="#[133]">&gt;&gt;</a>&nbsp;&nbsp;&nbsp;GetTick
<LI><a href="#[1f4]">&gt;&gt;</a>&nbsp;&nbsp;&nbsp;string_touint
<LI><a href="#[b3]">&gt;&gt;</a>&nbsp;&nbsp;&nbsp;at_weight_GapValue_set
<LI><a href="#[b9]">&gt;&gt;</a>&nbsp;&nbsp;&nbsp;at_tr_set
<LI><a href="#[c7]">&gt;&gt;</a>&nbsp;&nbsp;&nbsp;at_tlsmod_set
<LI><a href="#[a5]">&gt;&gt;</a>&nbsp;&nbsp;&nbsp;at_tdc_set
<LI><a href="#[b1]">&gt;&gt;</a>&nbsp;&nbsp;&nbsp;at_rxdl_set
<LI><a href="#[ad]">&gt;&gt;</a>&nbsp;&nbsp;&nbsp;at_pro_set
<LI><a href="#[bd]">&gt;&gt;</a>&nbsp;&nbsp;&nbsp;at_noud_set
<LI><a href="#[b7]">&gt;&gt;</a>&nbsp;&nbsp;&nbsp;at_ext_set
<LI><a href="#[c5]">&gt;&gt;</a>&nbsp;&nbsp;&nbsp;at_dnstimer_set
<LI><a href="#[c3]">&gt;&gt;</a>&nbsp;&nbsp;&nbsp;at_csqtime_set
<LI><a href="#[ab]">&gt;&gt;</a>&nbsp;&nbsp;&nbsp;at_5vt_set
</UL>

<P><STRONG><a name="[1e5]"></a>__aeabi_fmul</STRONG> (Thumb, 122 bytes, Stack size 16 bytes, fmul.o(.text))
<BR><BR>[Stack]<UL><LI>Max Depth = 16<LI>Call Chain = __aeabi_fmul
</UL>
<BR>[Called By]<UL><LI><a href="#[1ce]">&gt;&gt;</a>&nbsp;&nbsp;&nbsp;sht31Data
<LI><a href="#[1cd]">&gt;&gt;</a>&nbsp;&nbsp;&nbsp;sht20Data
<LI><a href="#[1b8]">&gt;&gt;</a>&nbsp;&nbsp;&nbsp;txPayLoadDeal
<LI><a href="#[1e1]">&gt;&gt;</a>&nbsp;&nbsp;&nbsp;txPayLoadDeal2
<LI><a href="#[104]">&gt;&gt;</a>&nbsp;&nbsp;&nbsp;config_Set
</UL>

<P><STRONG><a name="[de]"></a>__aeabi_fdiv</STRONG> (Thumb, 124 bytes, Stack size 16 bytes, fdiv.o(.text))
<BR><BR>[Stack]<UL><LI>Max Depth = 16<LI>Call Chain = __aeabi_fdiv
</UL>
<BR>[Calls]<UL><LI><a href="#[df]">&gt;&gt;</a>&nbsp;&nbsp;&nbsp;_float_round
</UL>
<BR>[Called By]<UL><LI><a href="#[136]">&gt;&gt;</a>&nbsp;&nbsp;&nbsp;Get_Weight
</UL>

<P><STRONG><a name="[e0]"></a>__aeabi_dadd</STRONG> (Thumb, 328 bytes, Stack size 48 bytes, dadd.o(.text))
<BR><BR>[Stack]<UL><LI>Max Depth = 104<LI>Call Chain = __aeabi_dadd &rArr; _double_epilogue &rArr; __aeabi_llsr
</UL>
<BR>[Calls]<UL><LI><a href="#[e1]">&gt;&gt;</a>&nbsp;&nbsp;&nbsp;__aeabi_lasr
<LI><a href="#[ce]">&gt;&gt;</a>&nbsp;&nbsp;&nbsp;__aeabi_llsl
<LI><a href="#[e3]">&gt;&gt;</a>&nbsp;&nbsp;&nbsp;_double_round
<LI><a href="#[e2]">&gt;&gt;</a>&nbsp;&nbsp;&nbsp;_double_epilogue
</UL>
<BR>[Called By]<UL><LI><a href="#[e4]">&gt;&gt;</a>&nbsp;&nbsp;&nbsp;__aeabi_dsub
<LI><a href="#[b3]">&gt;&gt;</a>&nbsp;&nbsp;&nbsp;at_weight_GapValue_set
<LI><a href="#[e5]">&gt;&gt;</a>&nbsp;&nbsp;&nbsp;__aeabi_drsub
<LI><a href="#[1d5]">&gt;&gt;</a>&nbsp;&nbsp;&nbsp;_fp_digits
</UL>

<P><STRONG><a name="[e4]"></a>__aeabi_dsub</STRONG> (Thumb, 12 bytes, Stack size 8 bytes, dadd.o(.text))
<BR><BR>[Stack]<UL><LI>Max Depth = 112<LI>Call Chain = __aeabi_dsub &rArr; __aeabi_dadd &rArr; _double_epilogue &rArr; __aeabi_llsr
</UL>
<BR>[Calls]<UL><LI><a href="#[e0]">&gt;&gt;</a>&nbsp;&nbsp;&nbsp;__aeabi_dadd
</UL>
<BR>[Called By]<UL><LI><a href="#[1ce]">&gt;&gt;</a>&nbsp;&nbsp;&nbsp;sht31Data
<LI><a href="#[1cd]">&gt;&gt;</a>&nbsp;&nbsp;&nbsp;sht20Data
</UL>

<P><STRONG><a name="[e5]"></a>__aeabi_drsub</STRONG> (Thumb, 12 bytes, Stack size 8 bytes, dadd.o(.text), UNUSED)
<BR><BR>[Calls]<UL><LI><a href="#[e0]">&gt;&gt;</a>&nbsp;&nbsp;&nbsp;__aeabi_dadd
</UL>

<P><STRONG><a name="[e6]"></a>__aeabi_dmul</STRONG> (Thumb, 202 bytes, Stack size 72 bytes, dmul.o(.text))
<BR><BR>[Stack]<UL><LI>Max Depth = 128<LI>Call Chain = __aeabi_dmul &rArr; _double_epilogue &rArr; __aeabi_llsr
</UL>
<BR>[Calls]<UL><LI><a href="#[e2]">&gt;&gt;</a>&nbsp;&nbsp;&nbsp;_double_epilogue
</UL>
<BR>[Called By]<UL><LI><a href="#[1ce]">&gt;&gt;</a>&nbsp;&nbsp;&nbsp;sht31Data
<LI><a href="#[1cd]">&gt;&gt;</a>&nbsp;&nbsp;&nbsp;sht20Data
<LI><a href="#[118]">&gt;&gt;</a>&nbsp;&nbsp;&nbsp;DS18B20_GetTemp_SkipRom
<LI><a href="#[1d5]">&gt;&gt;</a>&nbsp;&nbsp;&nbsp;_fp_digits
</UL>

<P><STRONG><a name="[e7]"></a>__aeabi_ddiv</STRONG> (Thumb, 234 bytes, Stack size 40 bytes, ddiv.o(.text))
<BR><BR>[Stack]<UL><LI>Max Depth = 48<LI>Call Chain = __aeabi_ddiv &rArr; _double_round
</UL>
<BR>[Calls]<UL><LI><a href="#[e3]">&gt;&gt;</a>&nbsp;&nbsp;&nbsp;_double_round
</UL>
<BR>[Called By]<UL><LI><a href="#[1ce]">&gt;&gt;</a>&nbsp;&nbsp;&nbsp;sht31Data
<LI><a href="#[43]">&gt;&gt;</a>&nbsp;&nbsp;&nbsp;nb_MQTT_pub3_set
<LI><a href="#[3f]">&gt;&gt;</a>&nbsp;&nbsp;&nbsp;nb_MQTT_pub1_set
<LI><a href="#[1e2]">&gt;&gt;</a>&nbsp;&nbsp;&nbsp;config_Get
<LI><a href="#[1f2]">&gt;&gt;</a>&nbsp;&nbsp;&nbsp;pro_data
<LI><a href="#[1f1]">&gt;&gt;</a>&nbsp;&nbsp;&nbsp;pro_data2
<LI><a href="#[1da]">&gt;&gt;</a>&nbsp;&nbsp;&nbsp;shtDataPrint
<LI><a href="#[b3]">&gt;&gt;</a>&nbsp;&nbsp;&nbsp;at_weight_GapValue_set
<LI><a href="#[1d5]">&gt;&gt;</a>&nbsp;&nbsp;&nbsp;_fp_digits
</UL>

<P><STRONG><a name="[11c]"></a>__ARM_scalbn</STRONG> (Thumb, 44 bytes, Stack size 16 bytes, dscalb.o(.text))
<BR><BR>[Stack]<UL><LI>Max Depth = 16<LI>Call Chain = __ARM_scalbn
</UL>
<BR>[Called By]<UL><LI><a href="#[1cd]">&gt;&gt;</a>&nbsp;&nbsp;&nbsp;sht20Data
<LI><a href="#[118]">&gt;&gt;</a>&nbsp;&nbsp;&nbsp;DS18B20_GetTemp_SkipRom
</UL>

<P><STRONG><a name="[206]"></a>scalbn</STRONG> (Thumb, 0 bytes, Stack size 16 bytes, dscalb.o(.text), UNUSED)

<P><STRONG><a name="[e8]"></a>__aeabi_i2f</STRONG> (Thumb, 22 bytes, Stack size 8 bytes, fflti.o(.text))
<BR><BR>[Stack]<UL><LI>Max Depth = 20<LI>Call Chain = __aeabi_i2f &rArr; _float_epilogue
</UL>
<BR>[Calls]<UL><LI><a href="#[e9]">&gt;&gt;</a>&nbsp;&nbsp;&nbsp;_float_epilogue
</UL>
<BR>[Called By]<UL><LI><a href="#[136]">&gt;&gt;</a>&nbsp;&nbsp;&nbsp;Get_Weight
<LI><a href="#[f4]">&gt;&gt;</a>&nbsp;&nbsp;&nbsp;ADCModel
<LI><a href="#[b4]">&gt;&gt;</a>&nbsp;&nbsp;&nbsp;at_weight_get
</UL>

<P><STRONG><a name="[ea]"></a>__aeabi_ui2f</STRONG> (Thumb, 14 bytes, Stack size 8 bytes, ffltui.o(.text))
<BR><BR>[Stack]<UL><LI>Max Depth = 20<LI>Call Chain = __aeabi_ui2f &rArr; _float_epilogue
</UL>
<BR>[Calls]<UL><LI><a href="#[e9]">&gt;&gt;</a>&nbsp;&nbsp;&nbsp;_float_epilogue
</UL>
<BR>[Called By]<UL><LI><a href="#[f4]">&gt;&gt;</a>&nbsp;&nbsp;&nbsp;ADCModel
</UL>

<P><STRONG><a name="[eb]"></a>__aeabi_i2d</STRONG> (Thumb, 34 bytes, Stack size 16 bytes, dflti.o(.text))
<BR><BR>[Stack]<UL><LI>Max Depth = 72<LI>Call Chain = __aeabi_i2d &rArr; _double_epilogue &rArr; __aeabi_llsr
</UL>
<BR>[Calls]<UL><LI><a href="#[e2]">&gt;&gt;</a>&nbsp;&nbsp;&nbsp;_double_epilogue
</UL>
<BR>[Called By]<UL><LI><a href="#[118]">&gt;&gt;</a>&nbsp;&nbsp;&nbsp;DS18B20_GetTemp_SkipRom
<LI><a href="#[1f2]">&gt;&gt;</a>&nbsp;&nbsp;&nbsp;pro_data
<LI><a href="#[1f1]">&gt;&gt;</a>&nbsp;&nbsp;&nbsp;pro_data2
<LI><a href="#[1da]">&gt;&gt;</a>&nbsp;&nbsp;&nbsp;shtDataPrint
</UL>

<P><STRONG><a name="[ec]"></a>__aeabi_ui2d</STRONG> (Thumb, 24 bytes, Stack size 16 bytes, dfltui.o(.text))
<BR><BR>[Stack]<UL><LI>Max Depth = 72<LI>Call Chain = __aeabi_ui2d &rArr; _double_epilogue &rArr; __aeabi_llsr
</UL>
<BR>[Calls]<UL><LI><a href="#[e2]">&gt;&gt;</a>&nbsp;&nbsp;&nbsp;_double_epilogue
</UL>
<BR>[Called By]<UL><LI><a href="#[1ce]">&gt;&gt;</a>&nbsp;&nbsp;&nbsp;sht31Data
<LI><a href="#[1cd]">&gt;&gt;</a>&nbsp;&nbsp;&nbsp;sht20Data
<LI><a href="#[43]">&gt;&gt;</a>&nbsp;&nbsp;&nbsp;nb_MQTT_pub3_set
<LI><a href="#[3f]">&gt;&gt;</a>&nbsp;&nbsp;&nbsp;nb_MQTT_pub1_set
<LI><a href="#[1e2]">&gt;&gt;</a>&nbsp;&nbsp;&nbsp;config_Get
<LI><a href="#[1f2]">&gt;&gt;</a>&nbsp;&nbsp;&nbsp;pro_data
<LI><a href="#[1f1]">&gt;&gt;</a>&nbsp;&nbsp;&nbsp;pro_data2
<LI><a href="#[b3]">&gt;&gt;</a>&nbsp;&nbsp;&nbsp;at_weight_GapValue_set
</UL>

<P><STRONG><a name="[137]"></a>__aeabi_f2iz</STRONG> (Thumb, 50 bytes, Stack size 0 bytes, ffixi.o(.text))
<BR><BR>[Called By]<UL><LI><a href="#[1ce]">&gt;&gt;</a>&nbsp;&nbsp;&nbsp;sht31Data
<LI><a href="#[1cd]">&gt;&gt;</a>&nbsp;&nbsp;&nbsp;sht20Data
<LI><a href="#[136]">&gt;&gt;</a>&nbsp;&nbsp;&nbsp;Get_Weight
<LI><a href="#[1b8]">&gt;&gt;</a>&nbsp;&nbsp;&nbsp;txPayLoadDeal
<LI><a href="#[1e1]">&gt;&gt;</a>&nbsp;&nbsp;&nbsp;txPayLoadDeal2
<LI><a href="#[104]">&gt;&gt;</a>&nbsp;&nbsp;&nbsp;config_Set
</UL>

<P><STRONG><a name="[f7]"></a>__aeabi_f2uiz</STRONG> (Thumb, 40 bytes, Stack size 0 bytes, ffixui.o(.text))
<BR><BR>[Called By]<UL><LI><a href="#[1d1]">&gt;&gt;</a>&nbsp;&nbsp;&nbsp;shtDataWrite
<LI><a href="#[f4]">&gt;&gt;</a>&nbsp;&nbsp;&nbsp;ADCModel
</UL>

<P><STRONG><a name="[fa]"></a>__aeabi_f2d</STRONG> (Thumb, 40 bytes, Stack size 0 bytes, f2d.o(.text))
<BR><BR>[Called By]<UL><LI><a href="#[1ce]">&gt;&gt;</a>&nbsp;&nbsp;&nbsp;sht31Data
<LI><a href="#[1cd]">&gt;&gt;</a>&nbsp;&nbsp;&nbsp;sht20Data
<LI><a href="#[43]">&gt;&gt;</a>&nbsp;&nbsp;&nbsp;nb_MQTT_pub3_set
<LI><a href="#[3f]">&gt;&gt;</a>&nbsp;&nbsp;&nbsp;nb_MQTT_pub1_set
<LI><a href="#[118]">&gt;&gt;</a>&nbsp;&nbsp;&nbsp;DS18B20_GetTemp_SkipRom
<LI><a href="#[f4]">&gt;&gt;</a>&nbsp;&nbsp;&nbsp;ADCModel
<LI><a href="#[1f2]">&gt;&gt;</a>&nbsp;&nbsp;&nbsp;pro_data
<LI><a href="#[1f1]">&gt;&gt;</a>&nbsp;&nbsp;&nbsp;pro_data2
<LI><a href="#[b4]">&gt;&gt;</a>&nbsp;&nbsp;&nbsp;at_weight_get
<LI><a href="#[b2]">&gt;&gt;</a>&nbsp;&nbsp;&nbsp;at_weight_GapValue_get
</UL>

<P><STRONG><a name="[ed]"></a>__aeabi_d2f</STRONG> (Thumb, 56 bytes, Stack size 8 bytes, d2f.o(.text))
<BR><BR>[Stack]<UL><LI>Max Depth = 8<LI>Call Chain = __aeabi_d2f
</UL>
<BR>[Calls]<UL><LI><a href="#[df]">&gt;&gt;</a>&nbsp;&nbsp;&nbsp;_float_round
</UL>
<BR>[Called By]<UL><LI><a href="#[1ce]">&gt;&gt;</a>&nbsp;&nbsp;&nbsp;sht31Data
<LI><a href="#[1cd]">&gt;&gt;</a>&nbsp;&nbsp;&nbsp;sht20Data
<LI><a href="#[1e2]">&gt;&gt;</a>&nbsp;&nbsp;&nbsp;config_Get
<LI><a href="#[118]">&gt;&gt;</a>&nbsp;&nbsp;&nbsp;DS18B20_GetTemp_SkipRom
<LI><a href="#[b3]">&gt;&gt;</a>&nbsp;&nbsp;&nbsp;at_weight_GapValue_set
</UL>

<P><STRONG><a name="[ce]"></a>__aeabi_llsl</STRONG> (Thumb, 32 bytes, Stack size 8 bytes, llshl.o(.text))
<BR><BR>[Stack]<UL><LI>Max Depth = 8<LI>Call Chain = __aeabi_llsl
</UL>
<BR>[Called By]<UL><LI><a href="#[e0]">&gt;&gt;</a>&nbsp;&nbsp;&nbsp;__aeabi_dadd
<LI><a href="#[cc]">&gt;&gt;</a>&nbsp;&nbsp;&nbsp;__aeabi_uldivmod
<LI><a href="#[e2]">&gt;&gt;</a>&nbsp;&nbsp;&nbsp;_double_epilogue
<LI><a href="#[f1]">&gt;&gt;</a>&nbsp;&nbsp;&nbsp;__aeabi_d2ulz
</UL>

<P><STRONG><a name="[207]"></a>_ll_shift_l</STRONG> (Thumb, 0 bytes, Stack size 8 bytes, llshl.o(.text), UNUSED)

<P><STRONG><a name="[cd]"></a>__aeabi_llsr</STRONG> (Thumb, 34 bytes, Stack size 8 bytes, llushr.o(.text))
<BR><BR>[Stack]<UL><LI>Max Depth = 8<LI>Call Chain = __aeabi_llsr
</UL>
<BR>[Called By]<UL><LI><a href="#[cc]">&gt;&gt;</a>&nbsp;&nbsp;&nbsp;__aeabi_uldivmod
<LI><a href="#[e2]">&gt;&gt;</a>&nbsp;&nbsp;&nbsp;_double_epilogue
<LI><a href="#[f1]">&gt;&gt;</a>&nbsp;&nbsp;&nbsp;__aeabi_d2ulz
</UL>

<P><STRONG><a name="[208]"></a>_ll_ushift_r</STRONG> (Thumb, 0 bytes, Stack size 8 bytes, llushr.o(.text), UNUSED)

<P><STRONG><a name="[e1]"></a>__aeabi_lasr</STRONG> (Thumb, 38 bytes, Stack size 8 bytes, llsshr.o(.text))
<BR><BR>[Stack]<UL><LI>Max Depth = 8<LI>Call Chain = __aeabi_lasr
</UL>
<BR>[Called By]<UL><LI><a href="#[e0]">&gt;&gt;</a>&nbsp;&nbsp;&nbsp;__aeabi_dadd
</UL>

<P><STRONG><a name="[209]"></a>_ll_sshift_r</STRONG> (Thumb, 0 bytes, Stack size 8 bytes, llsshr.o(.text), UNUSED)

<P><STRONG><a name="[d7]"></a>localtime</STRONG> (Thumb, 10 bytes, Stack size 8 bytes, localtime_w.o(.text))
<BR><BR>[Stack]<UL><LI>Max Depth = 36<LI>Call Chain = localtime &rArr; _localtime &rArr; __aeabi_uidivmod
</UL>
<BR>[Calls]<UL><LI><a href="#[d0]">&gt;&gt;</a>&nbsp;&nbsp;&nbsp;_localtime
</UL>
<BR>[Called By]<UL><LI><a href="#[1f2]">&gt;&gt;</a>&nbsp;&nbsp;&nbsp;pro_data
<LI><a href="#[1f1]">&gt;&gt;</a>&nbsp;&nbsp;&nbsp;pro_data2
<LI><a href="#[d6]">&gt;&gt;</a>&nbsp;&nbsp;&nbsp;ctime
</UL>

<P><STRONG><a name="[d0]"></a>_localtime</STRONG> (Thumb, 104 bytes, Stack size 16 bytes, localtime_i.o(.text))
<BR><BR>[Stack]<UL><LI>Max Depth = 28<LI>Call Chain = _localtime &rArr; __aeabi_uidivmod
</UL>
<BR>[Calls]<UL><LI><a href="#[cb]">&gt;&gt;</a>&nbsp;&nbsp;&nbsp;__aeabi_uidivmod
</UL>
<BR>[Called By]<UL><LI><a href="#[cf]">&gt;&gt;</a>&nbsp;&nbsp;&nbsp;mktime
<LI><a href="#[d7]">&gt;&gt;</a>&nbsp;&nbsp;&nbsp;localtime
</UL>

<P><STRONG><a name="[dd]"></a>strtol</STRONG> (Thumb, 108 bytes, Stack size 32 bytes, strtol.o(.text))
<BR><BR>[Stack]<UL><LI>Max Depth = 72<LI>Call Chain = strtol &rArr; _strtoul
</UL>
<BR>[Calls]<UL><LI><a href="#[ee]">&gt;&gt;</a>&nbsp;&nbsp;&nbsp;__rt_ctype_table
<LI><a href="#[ef]">&gt;&gt;</a>&nbsp;&nbsp;&nbsp;_strtoul
<LI><a href="#[dc]">&gt;&gt;</a>&nbsp;&nbsp;&nbsp;__aeabi_errno_addr
</UL>
<BR>[Called By]<UL><LI><a href="#[db]">&gt;&gt;</a>&nbsp;&nbsp;&nbsp;atoi
</UL>

<P><STRONG><a name="[20a]"></a>__I$use$fp</STRONG> (Thumb, 0 bytes, Stack size 0 bytes, iusefp.o(.text), UNUSED)

<P><STRONG><a name="[df]"></a>_float_round</STRONG> (Thumb, 16 bytes, Stack size 0 bytes, fepilogue.o(.text))
<BR><BR>[Called By]<UL><LI><a href="#[de]">&gt;&gt;</a>&nbsp;&nbsp;&nbsp;__aeabi_fdiv
<LI><a href="#[ed]">&gt;&gt;</a>&nbsp;&nbsp;&nbsp;__aeabi_d2f
</UL>

<P><STRONG><a name="[e9]"></a>_float_epilogue</STRONG> (Thumb, 114 bytes, Stack size 12 bytes, fepilogue.o(.text))
<BR><BR>[Stack]<UL><LI>Max Depth = 12<LI>Call Chain = _float_epilogue
</UL>
<BR>[Called By]<UL><LI><a href="#[ea]">&gt;&gt;</a>&nbsp;&nbsp;&nbsp;__aeabi_ui2f
<LI><a href="#[e8]">&gt;&gt;</a>&nbsp;&nbsp;&nbsp;__aeabi_i2f
</UL>

<P><STRONG><a name="[e3]"></a>_double_round</STRONG> (Thumb, 26 bytes, Stack size 8 bytes, depilogue.o(.text))
<BR><BR>[Stack]<UL><LI>Max Depth = 8<LI>Call Chain = _double_round
</UL>
<BR>[Called By]<UL><LI><a href="#[e7]">&gt;&gt;</a>&nbsp;&nbsp;&nbsp;__aeabi_ddiv
<LI><a href="#[e0]">&gt;&gt;</a>&nbsp;&nbsp;&nbsp;__aeabi_dadd
<LI><a href="#[e2]">&gt;&gt;</a>&nbsp;&nbsp;&nbsp;_double_epilogue
</UL>

<P><STRONG><a name="[e2]"></a>_double_epilogue</STRONG> (Thumb, 164 bytes, Stack size 48 bytes, depilogue.o(.text))
<BR><BR>[Stack]<UL><LI>Max Depth = 56<LI>Call Chain = _double_epilogue &rArr; __aeabi_llsr
</UL>
<BR>[Calls]<UL><LI><a href="#[f0]">&gt;&gt;</a>&nbsp;&nbsp;&nbsp;__ARM_clz
<LI><a href="#[cd]">&gt;&gt;</a>&nbsp;&nbsp;&nbsp;__aeabi_llsr
<LI><a href="#[ce]">&gt;&gt;</a>&nbsp;&nbsp;&nbsp;__aeabi_llsl
<LI><a href="#[e3]">&gt;&gt;</a>&nbsp;&nbsp;&nbsp;_double_round
</UL>
<BR>[Called By]<UL><LI><a href="#[e6]">&gt;&gt;</a>&nbsp;&nbsp;&nbsp;__aeabi_dmul
<LI><a href="#[eb]">&gt;&gt;</a>&nbsp;&nbsp;&nbsp;__aeabi_i2d
<LI><a href="#[ec]">&gt;&gt;</a>&nbsp;&nbsp;&nbsp;__aeabi_ui2d
<LI><a href="#[e0]">&gt;&gt;</a>&nbsp;&nbsp;&nbsp;__aeabi_dadd
</UL>

<P><STRONG><a name="[f1]"></a>__aeabi_d2ulz</STRONG> (Thumb, 54 bytes, Stack size 8 bytes, dfixul.o(.text), UNUSED)
<BR><BR>[Calls]<UL><LI><a href="#[cd]">&gt;&gt;</a>&nbsp;&nbsp;&nbsp;__aeabi_llsr
<LI><a href="#[ce]">&gt;&gt;</a>&nbsp;&nbsp;&nbsp;__aeabi_llsl
</UL>
<BR>[Called By]<UL><LI><a href="#[1d5]">&gt;&gt;</a>&nbsp;&nbsp;&nbsp;_fp_digits
</UL>

<P><STRONG><a name="[1d6]"></a>__aeabi_cdrcmple</STRONG> (Thumb, 38 bytes, Stack size 0 bytes, cdrcmple.o(.text), UNUSED)
<BR><BR>[Called By]<UL><LI><a href="#[1d5]">&gt;&gt;</a>&nbsp;&nbsp;&nbsp;_fp_digits
</UL>

<P><STRONG><a name="[c9]"></a>__scatterload</STRONG> (Thumb, 28 bytes, Stack size 0 bytes, init.o(.text))
<BR><BR>[Calls]<UL><LI><a href="#[f2]">&gt;&gt;</a>&nbsp;&nbsp;&nbsp;__main_after_scatterload
</UL>
<BR>[Called By]<UL><LI><a href="#[c8]">&gt;&gt;</a>&nbsp;&nbsp;&nbsp;_main_scatterload
</UL>

<P><STRONG><a name="[20b]"></a>__scatterload_rt2</STRONG> (Thumb, 0 bytes, Stack size 0 bytes, init.o(.text), UNUSED)

<P><STRONG><a name="[ef]"></a>_strtoul</STRONG> (Thumb, 166 bytes, Stack size 40 bytes, _strtoul.o(.text))
<BR><BR>[Stack]<UL><LI>Max Depth = 40<LI>Call Chain = _strtoul
</UL>
<BR>[Calls]<UL><LI><a href="#[f3]">&gt;&gt;</a>&nbsp;&nbsp;&nbsp;_chval
<LI><a href="#[dc]">&gt;&gt;</a>&nbsp;&nbsp;&nbsp;__aeabi_errno_addr
</UL>
<BR>[Called By]<UL><LI><a href="#[dd]">&gt;&gt;</a>&nbsp;&nbsp;&nbsp;strtol
</UL>

<P><STRONG><a name="[f3]"></a>_chval</STRONG> (Thumb, 30 bytes, Stack size 0 bytes, _chval.o(.text))
<BR><BR>[Called By]<UL><LI><a href="#[ef]">&gt;&gt;</a>&nbsp;&nbsp;&nbsp;_strtoul
</UL>

<P><STRONG><a name="[20c]"></a>__decompress</STRONG> (Thumb, 0 bytes, Stack size unknown bytes, __dczerorl2.o(.text), UNUSED)

<P><STRONG><a name="[20d]"></a>__decompress1</STRONG> (Thumb, 86 bytes, Stack size unknown bytes, __dczerorl2.o(.text), UNUSED)

<P><STRONG><a name="[f4]"></a>ADCModel</STRONG> (Thumb, 200 bytes, Stack size 40 bytes, battery_read.o(i.ADCModel))
<BR><BR>[Stack]<UL><LI>Max Depth = 132<LI>Call Chain = ADCModel &rArr; HW_AdcReadChannel &rArr; HAL_ADC_Start &rArr; ADC_Enable &rArr; ADC_DelayMicroSecond &rArr; __aeabi_uidivmod
</UL>
<BR>[Calls]<UL><LI><a href="#[fb]">&gt;&gt;</a>&nbsp;&nbsp;&nbsp;HAL_GetTick
<LI><a href="#[f8]">&gt;&gt;</a>&nbsp;&nbsp;&nbsp;HAL_Delay
<LI><a href="#[ea]">&gt;&gt;</a>&nbsp;&nbsp;&nbsp;__aeabi_ui2f
<LI><a href="#[f7]">&gt;&gt;</a>&nbsp;&nbsp;&nbsp;__aeabi_f2uiz
<LI><a href="#[f9]">&gt;&gt;</a>&nbsp;&nbsp;&nbsp;stob
<LI><a href="#[f6]">&gt;&gt;</a>&nbsp;&nbsp;&nbsp;HW_AdcReadChannel
<LI><a href="#[e8]">&gt;&gt;</a>&nbsp;&nbsp;&nbsp;__aeabi_i2f
<LI><a href="#[fa]">&gt;&gt;</a>&nbsp;&nbsp;&nbsp;__aeabi_f2d
<LI><a href="#[f5]">&gt;&gt;</a>&nbsp;&nbsp;&nbsp;__aeabi_memclr4
<LI><a href="#[fc]">&gt;&gt;</a>&nbsp;&nbsp;&nbsp;__2printf
</UL>
<BR>[Called By]<UL><LI><a href="#[1cb]">&gt;&gt;</a>&nbsp;&nbsp;&nbsp;USERTASK
<LI><a href="#[1b8]">&gt;&gt;</a>&nbsp;&nbsp;&nbsp;txPayLoadDeal
<LI><a href="#[1e1]">&gt;&gt;</a>&nbsp;&nbsp;&nbsp;txPayLoadDeal2
</UL>

<P><STRONG><a name="[ff]"></a>ATInsPro</STRONG> (Thumb, 182 bytes, Stack size 16 bytes, at.o(i.ATInsPro))
<BR><BR>[Stack]<UL><LI>Max Depth = 112<LI>Call Chain = ATInsPro &rArr; config_Set &rArr; FLASH_program &rArr; HAL_FLASH_Program &rArr; FLASH_WaitForLastOperation &rArr; FLASH_SetErrorCode
</UL>
<BR>[Calls]<UL><LI><a href="#[100]">&gt;&gt;</a>&nbsp;&nbsp;&nbsp;rtrim
<LI><a href="#[fb]">&gt;&gt;</a>&nbsp;&nbsp;&nbsp;HAL_GetTick
<LI><a href="#[104]">&gt;&gt;</a>&nbsp;&nbsp;&nbsp;config_Set
<LI><a href="#[103]">&gt;&gt;</a>&nbsp;&nbsp;&nbsp;at_que
<LI><a href="#[101]">&gt;&gt;</a>&nbsp;&nbsp;&nbsp;strcmp
<LI><a href="#[102]">&gt;&gt;</a>&nbsp;&nbsp;&nbsp;strstr
<LI><a href="#[fc]">&gt;&gt;</a>&nbsp;&nbsp;&nbsp;__2printf
</UL>
<BR>[Called By]<UL><LI><a href="#[1cb]">&gt;&gt;</a>&nbsp;&nbsp;&nbsp;USERTASK
</UL>

<P><STRONG><a name="[105]"></a>BSP_sensor_Init</STRONG> (Thumb, 290 bytes, Stack size 24 bytes, common.o(i.BSP_sensor_Init))
<BR><BR>[Stack]<UL><LI>Max Depth = 184<LI>Call Chain = BSP_sensor_Init &rArr; waitbusy &rArr; HAL_I2C_Mem_Read &rArr; I2C_RequestMemoryRead &rArr; I2C_WaitOnTXISFlagUntilTimeout &rArr; I2C_IsAcknowledgeFailed
</UL>
<BR>[Calls]<UL><LI><a href="#[112]">&gt;&gt;</a>&nbsp;&nbsp;&nbsp;WEIGHT_SCK_Init
<LI><a href="#[115]">&gt;&gt;</a>&nbsp;&nbsp;&nbsp;WEIGHT_SCK_DeInit
<LI><a href="#[113]">&gt;&gt;</a>&nbsp;&nbsp;&nbsp;WEIGHT_DOUT_Init
<LI><a href="#[116]">&gt;&gt;</a>&nbsp;&nbsp;&nbsp;WEIGHT_DOUT_DeInit
<LI><a href="#[107]">&gt;&gt;</a>&nbsp;&nbsp;&nbsp;MX_I2C1_Init
<LI><a href="#[111]">&gt;&gt;</a>&nbsp;&nbsp;&nbsp;HAL_I2C_MspDeInit
<LI><a href="#[106]">&gt;&gt;</a>&nbsp;&nbsp;&nbsp;HAL_GPIO_WritePin
<LI><a href="#[10c]">&gt;&gt;</a>&nbsp;&nbsp;&nbsp;HAL_GPIO_ReadPin
<LI><a href="#[f8]">&gt;&gt;</a>&nbsp;&nbsp;&nbsp;HAL_Delay
<LI><a href="#[10f]">&gt;&gt;</a>&nbsp;&nbsp;&nbsp;GPIO_ULT_OUTPUT_DeInit
<LI><a href="#[10e]">&gt;&gt;</a>&nbsp;&nbsp;&nbsp;GPIO_ULT_INPUT_DeInit
<LI><a href="#[10d]">&gt;&gt;</a>&nbsp;&nbsp;&nbsp;waitbusy
<LI><a href="#[109]">&gt;&gt;</a>&nbsp;&nbsp;&nbsp;sht3x_Detect
<LI><a href="#[108]">&gt;&gt;</a>&nbsp;&nbsp;&nbsp;sht2x_Detect
<LI><a href="#[110]">&gt;&gt;</a>&nbsp;&nbsp;&nbsp;ULT_Connection_Test
<LI><a href="#[10b]">&gt;&gt;</a>&nbsp;&nbsp;&nbsp;GPIO_ULT_OUTPUT_Init
<LI><a href="#[10a]">&gt;&gt;</a>&nbsp;&nbsp;&nbsp;GPIO_ULT_INPUT_Init
<LI><a href="#[114]">&gt;&gt;</a>&nbsp;&nbsp;&nbsp;Get_Maopi
<LI><a href="#[fc]">&gt;&gt;</a>&nbsp;&nbsp;&nbsp;__2printf
</UL>
<BR>[Called By]<UL><LI><a href="#[7c]">&gt;&gt;</a>&nbsp;&nbsp;&nbsp;main
</UL>

<P><STRONG><a name="[68]"></a>DMA1_Channel2_3_IRQHandler</STRONG> (Thumb, 10 bytes, Stack size 8 bytes, stm32l0xx_it.o(i.DMA1_Channel2_3_IRQHandler))
<BR><BR>[Stack]<UL><LI>Max Depth = 24<LI>Call Chain = DMA1_Channel2_3_IRQHandler &rArr; HAL_DMA_IRQHandler
</UL>
<BR>[Calls]<UL><LI><a href="#[117]">&gt;&gt;</a>&nbsp;&nbsp;&nbsp;HAL_DMA_IRQHandler
</UL>
<BR>[Address Reference Count : 1]<UL><LI> startup_stm32l072xx.o(RESET)
</UL>
<P><STRONG><a name="[118]"></a>DS18B20_GetTemp_SkipRom</STRONG> (Thumb, 208 bytes, Stack size 32 bytes, ds18b20.o(i.DS18B20_GetTemp_SkipRom))
<BR><BR>[Stack]<UL><LI>Max Depth = 160<LI>Call Chain = DS18B20_GetTemp_SkipRom &rArr; __aeabi_dmul &rArr; _double_epilogue &rArr; __aeabi_llsr
</UL>
<BR>[Calls]<UL><LI><a href="#[fb]">&gt;&gt;</a>&nbsp;&nbsp;&nbsp;HAL_GetTick
<LI><a href="#[f8]">&gt;&gt;</a>&nbsp;&nbsp;&nbsp;HAL_Delay
<LI><a href="#[11a]">&gt;&gt;</a>&nbsp;&nbsp;&nbsp;DS18B20_WriteByte
<LI><a href="#[119]">&gt;&gt;</a>&nbsp;&nbsp;&nbsp;DS18B20_SkipRom
<LI><a href="#[11b]">&gt;&gt;</a>&nbsp;&nbsp;&nbsp;DS18B20_ReadByte
<LI><a href="#[e6]">&gt;&gt;</a>&nbsp;&nbsp;&nbsp;__aeabi_dmul
<LI><a href="#[11c]">&gt;&gt;</a>&nbsp;&nbsp;&nbsp;__ARM_scalbn
<LI><a href="#[eb]">&gt;&gt;</a>&nbsp;&nbsp;&nbsp;__aeabi_i2d
<LI><a href="#[fa]">&gt;&gt;</a>&nbsp;&nbsp;&nbsp;__aeabi_f2d
<LI><a href="#[ed]">&gt;&gt;</a>&nbsp;&nbsp;&nbsp;__aeabi_d2f
<LI><a href="#[fc]">&gt;&gt;</a>&nbsp;&nbsp;&nbsp;__2printf
</UL>
<BR>[Called By]<UL><LI><a href="#[1cb]">&gt;&gt;</a>&nbsp;&nbsp;&nbsp;USERTASK
<LI><a href="#[1b8]">&gt;&gt;</a>&nbsp;&nbsp;&nbsp;txPayLoadDeal
<LI><a href="#[1e1]">&gt;&gt;</a>&nbsp;&nbsp;&nbsp;txPayLoadDeal2
</UL>

<P><STRONG><a name="[11d]"></a>DS18B20_IoDeInit</STRONG> (Thumb, 108 bytes, Stack size 40 bytes, ds18b20.o(i.DS18B20_IoDeInit))
<BR><BR>[Stack]<UL><LI>Max Depth = 68<LI>Call Chain = DS18B20_IoDeInit &rArr; HAL_GPIO_Init
</UL>
<BR>[Calls]<UL><LI><a href="#[11e]">&gt;&gt;</a>&nbsp;&nbsp;&nbsp;HAL_GPIO_Init
</UL>
<BR>[Called By]<UL><LI><a href="#[1cb]">&gt;&gt;</a>&nbsp;&nbsp;&nbsp;USERTASK
<LI><a href="#[1b8]">&gt;&gt;</a>&nbsp;&nbsp;&nbsp;txPayLoadDeal
<LI><a href="#[1e1]">&gt;&gt;</a>&nbsp;&nbsp;&nbsp;txPayLoadDeal2
</UL>

<P><STRONG><a name="[11f]"></a>DS18B20_Mode_IPU</STRONG> (Thumb, 106 bytes, Stack size 32 bytes, ds18b20.o(i.DS18B20_Mode_IPU))
<BR><BR>[Stack]<UL><LI>Max Depth = 60<LI>Call Chain = DS18B20_Mode_IPU &rArr; HAL_GPIO_Init
</UL>
<BR>[Calls]<UL><LI><a href="#[11e]">&gt;&gt;</a>&nbsp;&nbsp;&nbsp;HAL_GPIO_Init
</UL>
<BR>[Called By]<UL><LI><a href="#[123]">&gt;&gt;</a>&nbsp;&nbsp;&nbsp;DS18B20_ReadBit
<LI><a href="#[121]">&gt;&gt;</a>&nbsp;&nbsp;&nbsp;DS18B20_Presence
</UL>

<P><STRONG><a name="[120]"></a>DS18B20_Mode_Out_PP</STRONG> (Thumb, 104 bytes, Stack size 32 bytes, ds18b20.o(i.DS18B20_Mode_Out_PP))
<BR><BR>[Stack]<UL><LI>Max Depth = 60<LI>Call Chain = DS18B20_Mode_Out_PP &rArr; HAL_GPIO_Init
</UL>
<BR>[Calls]<UL><LI><a href="#[11e]">&gt;&gt;</a>&nbsp;&nbsp;&nbsp;HAL_GPIO_Init
</UL>
<BR>[Called By]<UL><LI><a href="#[11a]">&gt;&gt;</a>&nbsp;&nbsp;&nbsp;DS18B20_WriteByte
<LI><a href="#[124]">&gt;&gt;</a>&nbsp;&nbsp;&nbsp;DS18B20_Rst
<LI><a href="#[123]">&gt;&gt;</a>&nbsp;&nbsp;&nbsp;DS18B20_ReadBit
</UL>

<P><STRONG><a name="[121]"></a>DS18B20_Presence</STRONG> (Thumb, 260 bytes, Stack size 16 bytes, ds18b20.o(i.DS18B20_Presence))
<BR><BR>[Stack]<UL><LI>Max Depth = 76<LI>Call Chain = DS18B20_Presence &rArr; DS18B20_Mode_IPU &rArr; HAL_GPIO_Init
</UL>
<BR>[Calls]<UL><LI><a href="#[10c]">&gt;&gt;</a>&nbsp;&nbsp;&nbsp;HAL_GPIO_ReadPin
<LI><a href="#[122]">&gt;&gt;</a>&nbsp;&nbsp;&nbsp;DS18B20_delay
<LI><a href="#[11f]">&gt;&gt;</a>&nbsp;&nbsp;&nbsp;DS18B20_Mode_IPU
</UL>
<BR>[Called By]<UL><LI><a href="#[119]">&gt;&gt;</a>&nbsp;&nbsp;&nbsp;DS18B20_SkipRom
</UL>

<P><STRONG><a name="[123]"></a>DS18B20_ReadBit</STRONG> (Thumb, 146 bytes, Stack size 16 bytes, ds18b20.o(i.DS18B20_ReadBit))
<BR><BR>[Stack]<UL><LI>Max Depth = 76<LI>Call Chain = DS18B20_ReadBit &rArr; DS18B20_Mode_Out_PP &rArr; HAL_GPIO_Init
</UL>
<BR>[Calls]<UL><LI><a href="#[106]">&gt;&gt;</a>&nbsp;&nbsp;&nbsp;HAL_GPIO_WritePin
<LI><a href="#[10c]">&gt;&gt;</a>&nbsp;&nbsp;&nbsp;HAL_GPIO_ReadPin
<LI><a href="#[122]">&gt;&gt;</a>&nbsp;&nbsp;&nbsp;DS18B20_delay
<LI><a href="#[120]">&gt;&gt;</a>&nbsp;&nbsp;&nbsp;DS18B20_Mode_Out_PP
<LI><a href="#[11f]">&gt;&gt;</a>&nbsp;&nbsp;&nbsp;DS18B20_Mode_IPU
</UL>
<BR>[Called By]<UL><LI><a href="#[11b]">&gt;&gt;</a>&nbsp;&nbsp;&nbsp;DS18B20_ReadByte
</UL>

<P><STRONG><a name="[11b]"></a>DS18B20_ReadByte</STRONG> (Thumb, 32 bytes, Stack size 16 bytes, ds18b20.o(i.DS18B20_ReadByte))
<BR><BR>[Stack]<UL><LI>Max Depth = 92<LI>Call Chain = DS18B20_ReadByte &rArr; DS18B20_ReadBit &rArr; DS18B20_Mode_Out_PP &rArr; HAL_GPIO_Init
</UL>
<BR>[Calls]<UL><LI><a href="#[123]">&gt;&gt;</a>&nbsp;&nbsp;&nbsp;DS18B20_ReadBit
</UL>
<BR>[Called By]<UL><LI><a href="#[118]">&gt;&gt;</a>&nbsp;&nbsp;&nbsp;DS18B20_GetTemp_SkipRom
</UL>

<P><STRONG><a name="[124]"></a>DS18B20_Rst</STRONG> (Thumb, 106 bytes, Stack size 16 bytes, ds18b20.o(i.DS18B20_Rst))
<BR><BR>[Stack]<UL><LI>Max Depth = 76<LI>Call Chain = DS18B20_Rst &rArr; DS18B20_Mode_Out_PP &rArr; HAL_GPIO_Init
</UL>
<BR>[Calls]<UL><LI><a href="#[106]">&gt;&gt;</a>&nbsp;&nbsp;&nbsp;HAL_GPIO_WritePin
<LI><a href="#[122]">&gt;&gt;</a>&nbsp;&nbsp;&nbsp;DS18B20_delay
<LI><a href="#[120]">&gt;&gt;</a>&nbsp;&nbsp;&nbsp;DS18B20_Mode_Out_PP
</UL>
<BR>[Called By]<UL><LI><a href="#[119]">&gt;&gt;</a>&nbsp;&nbsp;&nbsp;DS18B20_SkipRom
</UL>

<P><STRONG><a name="[119]"></a>DS18B20_SkipRom</STRONG> (Thumb, 24 bytes, Stack size 8 bytes, ds18b20.o(i.DS18B20_SkipRom))
<BR><BR>[Stack]<UL><LI>Max Depth = 92<LI>Call Chain = DS18B20_SkipRom &rArr; DS18B20_WriteByte &rArr; DS18B20_Mode_Out_PP &rArr; HAL_GPIO_Init
</UL>
<BR>[Calls]<UL><LI><a href="#[11a]">&gt;&gt;</a>&nbsp;&nbsp;&nbsp;DS18B20_WriteByte
<LI><a href="#[124]">&gt;&gt;</a>&nbsp;&nbsp;&nbsp;DS18B20_Rst
<LI><a href="#[121]">&gt;&gt;</a>&nbsp;&nbsp;&nbsp;DS18B20_Presence
</UL>
[...]
<LI><a href="#[113]">&gt;&gt;</a>&nbsp;&nbsp;&nbsp;WEIGHT_DOUT_Init
<LI><a href="#[116]">&gt;&gt;</a>&nbsp;&nbsp;&nbsp;WEIGHT_DOUT_DeInit
<LI><a href="#[1ca]">&gt;&gt;</a>&nbsp;&nbsp;&nbsp;ULT_getData
<LI><a href="#[1c9]">&gt;&gt;</a>&nbsp;&nbsp;&nbsp;ULT_distance
<LI><a href="#[1c8]">&gt;&gt;</a>&nbsp;&nbsp;&nbsp;ULT_Rest
<LI><a href="#[1c6]">&gt;&gt;</a>&nbsp;&nbsp;&nbsp;ULT_Data_processing
<LI><a href="#[1b0]">&gt;&gt;</a>&nbsp;&nbsp;&nbsp;MX_USART1_UART_Init
<LI><a href="#[107]">&gt;&gt;</a>&nbsp;&nbsp;&nbsp;MX_I2C1_Init
<LI><a href="#[1a4]">&gt;&gt;</a>&nbsp;&nbsp;&nbsp;LidarLite
<LI><a href="#[184]">&gt;&gt;</a>&nbsp;&nbsp;&nbsp;HAL_UART_Transmit_DMA
<LI><a href="#[180]">&gt;&gt;</a>&nbsp;&nbsp;&nbsp;HAL_UART_Receive_IT
<LI><a href="#[15f]">&gt;&gt;</a>&nbsp;&nbsp;&nbsp;HAL_IWDG_Refresh
<LI><a href="#[111]">&gt;&gt;</a>&nbsp;&nbsp;&nbsp;HAL_I2C_MspDeInit
<LI><a href="#[fb]">&gt;&gt;</a>&nbsp;&nbsp;&nbsp;HAL_GetTick
<LI><a href="#[f8]">&gt;&gt;</a>&nbsp;&nbsp;&nbsp;HAL_Delay
<LI><a href="#[136]">&gt;&gt;</a>&nbsp;&nbsp;&nbsp;Get_Weight
<LI><a href="#[10f]">&gt;&gt;</a>&nbsp;&nbsp;&nbsp;GPIO_ULT_OUTPUT_DeInit
<LI><a href="#[10e]">&gt;&gt;</a>&nbsp;&nbsp;&nbsp;GPIO_ULT_INPUT_DeInit
<LI><a href="#[11d]">&gt;&gt;</a>&nbsp;&nbsp;&nbsp;DS18B20_IoDeInit
<LI><a href="#[118]">&gt;&gt;</a>&nbsp;&nbsp;&nbsp;DS18B20_GetTemp_SkipRom
<LI><a href="#[ff]">&gt;&gt;</a>&nbsp;&nbsp;&nbsp;ATInsPro
<LI><a href="#[f4]">&gt;&gt;</a>&nbsp;&nbsp;&nbsp;ADCModel
<LI><a href="#[101]">&gt;&gt;</a>&nbsp;&nbsp;&nbsp;strcmp
<LI><a href="#[1cc]">&gt;&gt;</a>&nbsp;&nbsp;&nbsp;strlen
<LI><a href="#[f5]">&gt;&gt;</a>&nbsp;&nbsp;&nbsp;__aeabi_memclr4
<LI><a href="#[d8]">&gt;&gt;</a>&nbsp;&nbsp;&nbsp;__aeabi_memclr
<LI><a href="#[cb]">&gt;&gt;</a>&nbsp;&nbsp;&nbsp;__aeabi_uidivmod
<LI><a href="#[fc]">&gt;&gt;</a>&nbsp;&nbsp;&nbsp;__2printf
</UL>
<BR>[Called By]<UL><LI><a href="#[7c]">&gt;&gt;</a>&nbsp;&nbsp;&nbsp;main
</UL>

<P><STRONG><a name="[1ed]"></a>__NVIC_SystemReset</STRONG> (Thumb, 18 bytes, Stack size 0 bytes, main.o(i.__NVIC_SystemReset))
<BR><BR>[Called By]<UL><LI><a href="#[1ee]">&gt;&gt;</a>&nbsp;&nbsp;&nbsp;user_key_event
<LI><a href="#[7c]">&gt;&gt;</a>&nbsp;&nbsp;&nbsp;main
</UL>

<P><STRONG><a name="[18a]"></a>HW_RTC_GetCalendarValue</STRONG> (Thumb, 140 bytes, Stack size 16 bytes, hw_rtc.o(i.HW_RTC_GetCalendarValue))
<BR><BR>[Stack]<UL><LI>Max Depth = 28<LI>Call Chain = HW_RTC_GetCalendarValue &rArr; HAL_RTC_GetTime
</UL>
<BR>[Calls]<UL><LI><a href="#[167]">&gt;&gt;</a>&nbsp;&nbsp;&nbsp;HAL_RTC_GetTime
<LI><a href="#[165]">&gt;&gt;</a>&nbsp;&nbsp;&nbsp;HAL_RTC_GetDate
</UL>
<BR>[Called By]<UL><LI><a href="#[18f]">&gt;&gt;</a>&nbsp;&nbsp;&nbsp;HW_RTC_SetTimerContext
<LI><a href="#[18c]">&gt;&gt;</a>&nbsp;&nbsp;&nbsp;HW_RTC_GetTimerValue
<LI><a href="#[18b]">&gt;&gt;</a>&nbsp;&nbsp;&nbsp;HW_RTC_GetTimerElapsedTime
</UL>

<P><STRONG><a name="[18e]"></a>HW_RTC_SetConfig</STRONG> (Thumb, 150 bytes, Stack size 80 bytes, hw_rtc.o(i.HW_RTC_SetConfig))
<BR><BR>[Stack]<UL><LI>Max Depth = 304<LI>Call Chain = HW_RTC_SetConfig &rArr; HAL_RTC_Init &rArr; HAL_RTC_MspInit &rArr; HAL_RCC_OscConfig &rArr; HAL_RCC_GetSysClockFreq &rArr; __aeabi_uldivmod &rArr; __aeabi_llsr
</UL>
<BR>[Calls]<UL><LI><a href="#[170]">&gt;&gt;</a>&nbsp;&nbsp;&nbsp;HAL_RTC_SetTime
<LI><a href="#[16f]">&gt;&gt;</a>&nbsp;&nbsp;&nbsp;HAL_RTC_SetDate
<LI><a href="#[16d]">&gt;&gt;</a>&nbsp;&nbsp;&nbsp;HAL_RTC_SetAlarm_IT
<LI><a href="#[168]">&gt;&gt;</a>&nbsp;&nbsp;&nbsp;HAL_RTC_Init
<LI><a href="#[195]">&gt;&gt;</a>&nbsp;&nbsp;&nbsp;HAL_RTCEx_EnableBypassShadow
<LI><a href="#[f5]">&gt;&gt;</a>&nbsp;&nbsp;&nbsp;__aeabi_memclr4
</UL>
<BR>[Called By]<UL><LI><a href="#[18d]">&gt;&gt;</a>&nbsp;&nbsp;&nbsp;HW_RTC_Init
</UL>

<P><STRONG><a name="[194]"></a>HW_RTC_StartWakeUpAlarm</STRONG> (Thumb, 264 bytes, Stack size 48 bytes, hw_rtc.o(i.HW_RTC_StartWakeUpAlarm))
<BR><BR>[Stack]<UL><LI>Max Depth = 80<LI>Call Chain = HW_RTC_StartWakeUpAlarm &rArr; HAL_RTC_SetAlarm_IT
</UL>
<BR>[Calls]<UL><LI><a href="#[16d]">&gt;&gt;</a>&nbsp;&nbsp;&nbsp;HAL_RTC_SetAlarm_IT
<LI><a href="#[197]">&gt;&gt;</a>&nbsp;&nbsp;&nbsp;HW_RTC_StopAlarm
<LI><a href="#[196]">&gt;&gt;</a>&nbsp;&nbsp;&nbsp;__aeabi_memcpy4
<LI><a href="#[cb]">&gt;&gt;</a>&nbsp;&nbsp;&nbsp;__aeabi_uidivmod
</UL>
<BR>[Called By]<UL><LI><a href="#[192]">&gt;&gt;</a>&nbsp;&nbsp;&nbsp;HW_RTC_SetAlarm
</UL>

<P><STRONG><a name="[1e0]"></a>__NVIC_SystemReset</STRONG> (Thumb, 18 bytes, Stack size 0 bytes, at.o(i.__NVIC_SystemReset))
<BR><BR>[Called By]<UL><LI><a href="#[8f]">&gt;&gt;</a>&nbsp;&nbsp;&nbsp;at_reset_run
<LI><a href="#[96]">&gt;&gt;</a>&nbsp;&nbsp;&nbsp;at_fdr_run
</UL>

<P><STRONG><a name="[1be]"></a>TimerInsertNewHeadTimer</STRONG> (Thumb, 24 bytes, Stack size 8 bytes, time_server.o(i.TimerInsertNewHeadTimer))
<BR><BR>[Stack]<UL><LI>Max Depth = 120<LI>Call Chain = TimerInsertNewHeadTimer &rArr; TimerSetTimeout &rArr; HW_RTC_SetAlarm &rArr; HW_RTC_StartWakeUpAlarm &rArr; HAL_RTC_SetAlarm_IT
</UL>
<BR>[Calls]<UL><LI><a href="#[1bf]">&gt;&gt;</a>&nbsp;&nbsp;&nbsp;TimerSetTimeout
</UL>
<BR>[Called By]<UL><LI><a href="#[1a8]">&gt;&gt;</a>&nbsp;&nbsp;&nbsp;TimerStart
</UL>

<P><STRONG><a name="[1bf]"></a>TimerSetTimeout</STRONG> (Thumb, 44 bytes, Stack size 16 bytes, time_server.o(i.TimerSetTimeout))
<BR><BR>[Stack]<UL><LI>Max Depth = 112<LI>Call Chain = TimerSetTimeout &rArr; HW_RTC_SetAlarm &rArr; HW_RTC_StartWakeUpAlarm &rArr; HAL_RTC_SetAlarm_IT
</UL>
<BR>[Calls]<UL><LI><a href="#[192]">&gt;&gt;</a>&nbsp;&nbsp;&nbsp;HW_RTC_SetAlarm
<LI><a href="#[18b]">&gt;&gt;</a>&nbsp;&nbsp;&nbsp;HW_RTC_GetTimerElapsedTime
<LI><a href="#[1c1]">&gt;&gt;</a>&nbsp;&nbsp;&nbsp;HW_RTC_GetMinimumTimeout
</UL>
<BR>[Called By]<UL><LI><a href="#[1b9]">&gt;&gt;</a>&nbsp;&nbsp;&nbsp;TimerStop
<LI><a href="#[162]">&gt;&gt;</a>&nbsp;&nbsp;&nbsp;TimerIrqHandler
<LI><a href="#[1be]">&gt;&gt;</a>&nbsp;&nbsp;&nbsp;TimerInsertNewHeadTimer
</UL>

<P><STRONG><a name="[fd]"></a>ADC_DelayMicroSecond</STRONG> (Thumb, 28 bytes, Stack size 16 bytes, stm32l0xx_hal_adc.o(i.ADC_DelayMicroSecond))
<BR><BR>[Stack]<UL><LI>Max Depth = 28<LI>Call Chain = ADC_DelayMicroSecond &rArr; __aeabi_uidivmod
</UL>
<BR>[Calls]<UL><LI><a href="#[cb]">&gt;&gt;</a>&nbsp;&nbsp;&nbsp;__aeabi_uidivmod
</UL>
<BR>[Called By]<UL><LI><a href="#[139]">&gt;&gt;</a>&nbsp;&nbsp;&nbsp;HAL_ADC_ConfigChannel
<LI><a href="#[fe]">&gt;&gt;</a>&nbsp;&nbsp;&nbsp;ADC_Enable
</UL>

<P><STRONG><a name="[fe]"></a>ADC_Enable</STRONG> (Thumb, 96 bytes, Stack size 24 bytes, stm32l0xx_hal_adc.o(i.ADC_Enable))
<BR><BR>[Stack]<UL><LI>Max Depth = 52<LI>Call Chain = ADC_Enable &rArr; ADC_DelayMicroSecond &rArr; __aeabi_uidivmod
</UL>
<BR>[Calls]<UL><LI><a href="#[fb]">&gt;&gt;</a>&nbsp;&nbsp;&nbsp;HAL_GetTick
<LI><a href="#[fd]">&gt;&gt;</a>&nbsp;&nbsp;&nbsp;ADC_DelayMicroSecond
</UL>
<BR>[Called By]<UL><LI><a href="#[13d]">&gt;&gt;</a>&nbsp;&nbsp;&nbsp;HAL_ADC_Start
</UL>

<P><STRONG><a name="[19d]"></a>I2C_Flush_TXDR</STRONG> (Thumb, 34 bytes, Stack size 0 bytes, stm32l0xx_hal_i2c.o(i.I2C_Flush_TXDR))
<BR><BR>[Called By]<UL><LI><a href="#[19c]">&gt;&gt;</a>&nbsp;&nbsp;&nbsp;I2C_IsAcknowledgeFailed
</UL>

<P><STRONG><a name="[19c]"></a>I2C_IsAcknowledgeFailed</STRONG> (Thumb, 108 bytes, Stack size 32 bytes, stm32l0xx_hal_i2c.o(i.I2C_IsAcknowledgeFailed))
<BR><BR>[Stack]<UL><LI>Max Depth = 32<LI>Call Chain = I2C_IsAcknowledgeFailed
</UL>
<BR>[Calls]<UL><LI><a href="#[fb]">&gt;&gt;</a>&nbsp;&nbsp;&nbsp;HAL_GetTick
<LI><a href="#[19d]">&gt;&gt;</a>&nbsp;&nbsp;&nbsp;I2C_Flush_TXDR
</UL>
<BR>[Called By]<UL><LI><a href="#[14e]">&gt;&gt;</a>&nbsp;&nbsp;&nbsp;I2C_WaitOnTXISFlagUntilTimeout
<LI><a href="#[14c]">&gt;&gt;</a>&nbsp;&nbsp;&nbsp;I2C_WaitOnSTOPFlagUntilTimeout
<LI><a href="#[14b]">&gt;&gt;</a>&nbsp;&nbsp;&nbsp;I2C_WaitOnRXNEFlagUntilTimeout
</UL>

<P><STRONG><a name="[150]"></a>I2C_RequestMemoryRead</STRONG> (Thumb, 92 bytes, Stack size 24 bytes, stm32l0xx_hal_i2c.o(i.I2C_RequestMemoryRead))
<BR><BR>[Stack]<UL><LI>Max Depth = 72<LI>Call Chain = I2C_RequestMemoryRead &rArr; I2C_WaitOnTXISFlagUntilTimeout &rArr; I2C_IsAcknowledgeFailed
</UL>
<BR>[Calls]<UL><LI><a href="#[14e]">&gt;&gt;</a>&nbsp;&nbsp;&nbsp;I2C_WaitOnTXISFlagUntilTimeout
<LI><a href="#[149]">&gt;&gt;</a>&nbsp;&nbsp;&nbsp;I2C_WaitOnFlagUntilTimeout
<LI><a href="#[14a]">&gt;&gt;</a>&nbsp;&nbsp;&nbsp;I2C_TransferConfig
</UL>
<BR>[Called By]<UL><LI><a href="#[14f]">&gt;&gt;</a>&nbsp;&nbsp;&nbsp;HAL_I2C_Mem_Read
</UL>

<P><STRONG><a name="[152]"></a>I2C_RequestMemoryWrite</STRONG> (Thumb, 92 bytes, Stack size 24 bytes, stm32l0xx_hal_i2c.o(i.I2C_RequestMemoryWrite))
<BR><BR>[Stack]<UL><LI>Max Depth = 72<LI>Call Chain = I2C_RequestMemoryWrite &rArr; I2C_WaitOnTXISFlagUntilTimeout &rArr; I2C_IsAcknowledgeFailed
</UL>
<BR>[Calls]<UL><LI><a href="#[14e]">&gt;&gt;</a>&nbsp;&nbsp;&nbsp;I2C_WaitOnTXISFlagUntilTimeout
<LI><a href="#[149]">&gt;&gt;</a>&nbsp;&nbsp;&nbsp;I2C_WaitOnFlagUntilTimeout
<LI><a href="#[14a]">&gt;&gt;</a>&nbsp;&nbsp;&nbsp;I2C_TransferConfig
</UL>
<BR>[Called By]<UL><LI><a href="#[151]">&gt;&gt;</a>&nbsp;&nbsp;&nbsp;HAL_I2C_Mem_Write
</UL>

<P><STRONG><a name="[14a]"></a>I2C_TransferConfig</STRONG> (Thumb, 34 bytes, Stack size 20 bytes, stm32l0xx_hal_i2c.o(i.I2C_TransferConfig))
<BR><BR>[Stack]<UL><LI>Max Depth = 20<LI>Call Chain = I2C_TransferConfig
</UL>
<BR>[Called By]<UL><LI><a href="#[151]">&gt;&gt;</a>&nbsp;&nbsp;&nbsp;HAL_I2C_Mem_Write
<LI><a href="#[14f]">&gt;&gt;</a>&nbsp;&nbsp;&nbsp;HAL_I2C_Mem_Read
<LI><a href="#[14d]">&gt;&gt;</a>&nbsp;&nbsp;&nbsp;HAL_I2C_Master_Transmit
<LI><a href="#[148]">&gt;&gt;</a>&nbsp;&nbsp;&nbsp;HAL_I2C_Master_Receive
<LI><a href="#[152]">&gt;&gt;</a>&nbsp;&nbsp;&nbsp;I2C_RequestMemoryWrite
<LI><a href="#[150]">&gt;&gt;</a>&nbsp;&nbsp;&nbsp;I2C_RequestMemoryRead
</UL>

<P><STRONG><a name="[149]"></a>I2C_WaitOnFlagUntilTimeout</STRONG> (Thumb, 78 bytes, Stack size 24 bytes, stm32l0xx_hal_i2c.o(i.I2C_WaitOnFlagUntilTimeout))
<BR><BR>[Stack]<UL><LI>Max Depth = 24<LI>Call Chain = I2C_WaitOnFlagUntilTimeout
</UL>
<BR>[Calls]<UL><LI><a href="#[fb]">&gt;&gt;</a>&nbsp;&nbsp;&nbsp;HAL_GetTick
</UL>
<BR>[Called By]<UL><LI><a href="#[151]">&gt;&gt;</a>&nbsp;&nbsp;&nbsp;HAL_I2C_Mem_Write
<LI><a href="#[14f]">&gt;&gt;</a>&nbsp;&nbsp;&nbsp;HAL_I2C_Mem_Read
<LI><a href="#[14d]">&gt;&gt;</a>&nbsp;&nbsp;&nbsp;HAL_I2C_Master_Transmit
<LI><a href="#[148]">&gt;&gt;</a>&nbsp;&nbsp;&nbsp;HAL_I2C_Master_Receive
<LI><a href="#[152]">&gt;&gt;</a>&nbsp;&nbsp;&nbsp;I2C_RequestMemoryWrite
<LI><a href="#[150]">&gt;&gt;</a>&nbsp;&nbsp;&nbsp;I2C_RequestMemoryRead
</UL>

<P><STRONG><a name="[14b]"></a>I2C_WaitOnRXNEFlagUntilTimeout</STRONG> (Thumb, 122 bytes, Stack size 32 bytes, stm32l0xx_hal_i2c.o(i.I2C_WaitOnRXNEFlagUntilTimeout))
<BR><BR>[Stack]<UL><LI>Max Depth = 64<LI>Call Chain = I2C_WaitOnRXNEFlagUntilTimeout &rArr; I2C_IsAcknowledgeFailed
</UL>
<BR>[Calls]<UL><LI><a href="#[fb]">&gt;&gt;</a>&nbsp;&nbsp;&nbsp;HAL_GetTick
<LI><a href="#[19c]">&gt;&gt;</a>&nbsp;&nbsp;&nbsp;I2C_IsAcknowledgeFailed
</UL>
<BR>[Called By]<UL><LI><a href="#[148]">&gt;&gt;</a>&nbsp;&nbsp;&nbsp;HAL_I2C_Master_Receive
</UL>

<P><STRONG><a name="[14c]"></a>I2C_WaitOnSTOPFlagUntilTimeout</STRONG> (Thumb, 76 bytes, Stack size 16 bytes, stm32l0xx_hal_i2c.o(i.I2C_WaitOnSTOPFlagUntilTimeout))
<BR><BR>[Stack]<UL><LI>Max Depth = 48<LI>Call Chain = I2C_WaitOnSTOPFlagUntilTimeout &rArr; I2C_IsAcknowledgeFailed
</UL>
<BR>[Calls]<UL><LI><a href="#[fb]">&gt;&gt;</a>&nbsp;&nbsp;&nbsp;HAL_GetTick
<LI><a href="#[19c]">&gt;&gt;</a>&nbsp;&nbsp;&nbsp;I2C_IsAcknowledgeFailed
</UL>
<BR>[Called By]<UL><LI><a href="#[151]">&gt;&gt;</a>&nbsp;&nbsp;&nbsp;HAL_I2C_Mem_Write
<LI><a href="#[14f]">&gt;&gt;</a>&nbsp;&nbsp;&nbsp;HAL_I2C_Mem_Read
<LI><a href="#[14d]">&gt;&gt;</a>&nbsp;&nbsp;&nbsp;HAL_I2C_Master_Transmit
<LI><a href="#[148]">&gt;&gt;</a>&nbsp;&nbsp;&nbsp;HAL_I2C_Master_Receive
</UL>

<P><STRONG><a name="[14e]"></a>I2C_WaitOnTXISFlagUntilTimeout</STRONG> (Thumb, 80 bytes, Stack size 16 bytes, stm32l0xx_hal_i2c.o(i.I2C_WaitOnTXISFlagUntilTimeout))
<BR><BR>[Stack]<UL><LI>Max Depth = 48<LI>Call Chain = I2C_WaitOnTXISFlagUntilTimeout &rArr; I2C_IsAcknowledgeFailed
</UL>
<BR>[Calls]<UL><LI><a href="#[fb]">&gt;&gt;</a>&nbsp;&nbsp;&nbsp;HAL_GetTick
<LI><a href="#[19c]">&gt;&gt;</a>&nbsp;&nbsp;&nbsp;I2C_IsAcknowledgeFailed
</UL>
<BR>[Called By]<UL><LI><a href="#[151]">&gt;&gt;</a>&nbsp;&nbsp;&nbsp;HAL_I2C_Mem_Write
<LI><a href="#[14d]">&gt;&gt;</a>&nbsp;&nbsp;&nbsp;HAL_I2C_Master_Transmit
<LI><a href="#[152]">&gt;&gt;</a>&nbsp;&nbsp;&nbsp;I2C_RequestMemoryWrite
<LI><a href="#[150]">&gt;&gt;</a>&nbsp;&nbsp;&nbsp;I2C_RequestMemoryRead
</UL>

<P><STRONG><a name="[12a]"></a>FLASH_SetErrorCode</STRONG> (Thumb, 134 bytes, Stack size 8 bytes, stm32l0xx_hal_flash.o(i.FLASH_SetErrorCode))
<BR><BR>[Stack]<UL><LI>Max Depth = 8<LI>Call Chain = FLASH_SetErrorCode
</UL>
<BR>[Called By]<UL><LI><a href="#[129]">&gt;&gt;</a>&nbsp;&nbsp;&nbsp;FLASH_WaitForLastOperation
</UL>

<P><STRONG><a name="[140]"></a>DMA_SetConfig</STRONG> (Thumb, 44 bytes, Stack size 12 bytes, stm32l0xx_hal_dma.o(i.DMA_SetConfig))
<BR><BR>[Stack]<UL><LI>Max Depth = 12<LI>Call Chain = DMA_SetConfig
</UL>
<BR>[Called By]<UL><LI><a href="#[13f]">&gt;&gt;</a>&nbsp;&nbsp;&nbsp;HAL_DMA_Start_IT
</UL>

<P><STRONG><a name="[158]"></a>__NVIC_SetPriority</STRONG> (Thumb, 60 bytes, Stack size 0 bytes, stm32l0xx_hal_cortex.o(i.__NVIC_SetPriority))
<BR><BR>[Called By]<UL><LI><a href="#[127]">&gt;&gt;</a>&nbsp;&nbsp;&nbsp;HAL_NVIC_SetPriority
<LI><a href="#[157]">&gt;&gt;</a>&nbsp;&nbsp;&nbsp;HAL_SYSTICK_Config
</UL>

<P><STRONG><a name="[7f]"></a>UART_DMAAbortOnError</STRONG> (Thumb, 20 bytes, Stack size 8 bytes, stm32l0xx_hal_uart.o(i.UART_DMAAbortOnError))
<BR><BR>[Stack]<UL><LI>Max Depth = 8<LI>Call Chain = UART_DMAAbortOnError
</UL>
<BR>[Calls]<UL><LI><a href="#[176]">&gt;&gt;</a>&nbsp;&nbsp;&nbsp;HAL_UART_ErrorCallback
</UL>
<BR>[Address Reference Count : 1]<UL><LI> stm32l0xx_hal_uart.o(i.HAL_UART_IRQHandler)
</UL>
<P><STRONG><a name="[82]"></a>UART_DMAError</STRONG> (Thumb, 76 bytes, Stack size 16 bytes, stm32l0xx_hal_uart.o(i.UART_DMAError))
<BR><BR>[Stack]<UL><LI>Max Depth = 16<LI>Call Chain = UART_DMAError
</UL>
<BR>[Calls]<UL><LI><a href="#[176]">&gt;&gt;</a>&nbsp;&nbsp;&nbsp;HAL_UART_ErrorCallback
<LI><a href="#[1c2]">&gt;&gt;</a>&nbsp;&nbsp;&nbsp;UART_EndTxTransfer
<LI><a href="#[174]">&gt;&gt;</a>&nbsp;&nbsp;&nbsp;UART_EndRxTransfer
</UL>
<BR>[Address Reference Count : 1]<UL><LI> stm32l0xx_hal_uart.o(i.HAL_UART_Transmit_DMA)
</UL>
<P><STRONG><a name="[80]"></a>UART_DMATransmitCplt</STRONG> (Thumb, 48 bytes, Stack size 8 bytes, stm32l0xx_hal_uart.o(i.UART_DMATransmitCplt))
<BR><BR>[Stack]<UL><LI>Max Depth = 8<LI>Call Chain = UART_DMATransmitCplt
</UL>
<BR>[Calls]<UL><LI><a href="#[17a]">&gt;&gt;</a>&nbsp;&nbsp;&nbsp;HAL_UART_TxCpltCallback
</UL>
<BR>[Address Reference Count : 1]<UL><LI> stm32l0xx_hal_uart.o(i.HAL_UART_Transmit_DMA)
</UL>
<P><STRONG><a name="[81]"></a>UART_DMATxHalfCplt</STRONG> (Thumb, 10 bytes, Stack size 8 bytes, stm32l0xx_hal_uart.o(i.UART_DMATxHalfCplt))
<BR><BR>[Stack]<UL><LI>Max Depth = 8<LI>Call Chain = UART_DMATxHalfCplt
</UL>
<BR>[Calls]<UL><LI><a href="#[1c3]">&gt;&gt;</a>&nbsp;&nbsp;&nbsp;HAL_UART_TxHalfCpltCallback
</UL>
<BR>[Address Reference Count : 1]<UL><LI> stm32l0xx_hal_uart.o(i.HAL_UART_Transmit_DMA)
</UL>
<P><STRONG><a name="[174]"></a>UART_EndRxTransfer</STRONG> (Thumb, 50 bytes, Stack size 0 bytes, stm32l0xx_hal_uart.o(i.UART_EndRxTransfer))
<BR><BR>[Called By]<UL><LI><a href="#[173]">&gt;&gt;</a>&nbsp;&nbsp;&nbsp;HAL_UART_IRQHandler
<LI><a href="#[82]">&gt;&gt;</a>&nbsp;&nbsp;&nbsp;UART_DMAError
</UL>

<P><STRONG><a name="[1c2]"></a>UART_EndTxTransfer</STRONG> (Thumb, 16 bytes, Stack size 0 bytes, stm32l0xx_hal_uart.o(i.UART_EndTxTransfer))
<BR><BR>[Called By]<UL><LI><a href="#[82]">&gt;&gt;</a>&nbsp;&nbsp;&nbsp;UART_DMAError
</UL>

<P><STRONG><a name="[87]"></a>UART_RxISR_16BIT</STRONG> (Thumb, 118 bytes, Stack size 16 bytes, stm32l0xx_hal_uart.o(i.UART_RxISR_16BIT))
<BR><BR>[Stack]<UL><LI>Max Depth = 60<LI>Call Chain = UART_RxISR_16BIT &rArr; HAL_UART_RxCpltCallback &rArr; HAL_UART_Receive_IT &rArr; UART_Start_Receive_IT
</UL>
<BR>[Calls]<UL><LI><a href="#[182]">&gt;&gt;</a>&nbsp;&nbsp;&nbsp;HAL_UART_RxCpltCallback
<LI><a href="#[178]">&gt;&gt;</a>&nbsp;&nbsp;&nbsp;HAL_UARTEx_RxEventCallback
</UL>
<BR>[Address Reference Count : 1]<UL><LI> stm32l0xx_hal_uart.o(i.UART_Start_Receive_IT)
</UL>
<P><STRONG><a name="[86]"></a>UART_RxISR_8BIT</STRONG> (Thumb, 118 bytes, Stack size 16 bytes, stm32l0xx_hal_uart.o(i.UART_RxISR_8BIT))
<BR><BR>[Stack]<UL><LI>Max Depth = 60<LI>Call Chain = UART_RxISR_8BIT &rArr; HAL_UART_RxCpltCallback &rArr; HAL_UART_Receive_IT &rArr; UART_Start_Receive_IT
</UL>
<BR>[Calls]<UL><LI><a href="#[182]">&gt;&gt;</a>&nbsp;&nbsp;&nbsp;HAL_UART_RxCpltCallback
<LI><a href="#[178]">&gt;&gt;</a>&nbsp;&nbsp;&nbsp;HAL_UARTEx_RxEventCallback
</UL>
<BR>[Address Reference Count : 1]<UL><LI> stm32l0xx_hal_uart.o(i.UART_Start_Receive_IT)
</UL>
<P><STRONG><a name="[d1]"></a>_isoweek</STRONG> (Thumb, 70 bytes, Stack size 16 bytes, strftime.o(.text))
<BR><BR>[Stack]<UL><LI>Max Depth = 52<LI>Call Chain = _isoweek &rArr; _yeardays &rArr; __aeabi_idivmod &rArr; __aeabi_uidivmod
</UL>
<BR>[Calls]<UL><LI><a href="#[d2]">&gt;&gt;</a>&nbsp;&nbsp;&nbsp;_yeardays
<LI><a href="#[ca]">&gt;&gt;</a>&nbsp;&nbsp;&nbsp;__aeabi_idivmod
</UL>
<BR>[Called By]<UL><LI><a href="#[d3]">&gt;&gt;</a>&nbsp;&nbsp;&nbsp;strftime
</UL>

<P><STRONG><a name="[d2]"></a>_yeardays</STRONG> (Thumb, 44 bytes, Stack size 8 bytes, strftime.o(.text))
<BR><BR>[Stack]<UL><LI>Max Depth = 36<LI>Call Chain = _yeardays &rArr; __aeabi_idivmod &rArr; __aeabi_uidivmod
</UL>
<BR>[Calls]<UL><LI><a href="#[ca]">&gt;&gt;</a>&nbsp;&nbsp;&nbsp;__aeabi_idivmod
</UL>
<BR>[Called By]<UL><LI><a href="#[d1]">&gt;&gt;</a>&nbsp;&nbsp;&nbsp;_isoweek
</UL>

<P><STRONG><a name="[1d5]"></a>_fp_digits</STRONG> (Thumb, 344 bytes, Stack size 64 bytes, printfa.o(i._fp_digits), UNUSED)
<BR><BR>[Calls]<UL><LI><a href="#[e6]">&gt;&gt;</a>&nbsp;&nbsp;&nbsp;__aeabi_dmul
<LI><a href="#[e7]">&gt;&gt;</a>&nbsp;&nbsp;&nbsp;__aeabi_ddiv
<LI><a href="#[e0]">&gt;&gt;</a>&nbsp;&nbsp;&nbsp;__aeabi_dadd
<LI><a href="#[cc]">&gt;&gt;</a>&nbsp;&nbsp;&nbsp;__aeabi_uldivmod
<LI><a href="#[f1]">&gt;&gt;</a>&nbsp;&nbsp;&nbsp;__aeabi_d2ulz
<LI><a href="#[1d6]">&gt;&gt;</a>&nbsp;&nbsp;&nbsp;__aeabi_cdrcmple
</UL>
<BR>[Called By]<UL><LI><a href="#[1d3]">&gt;&gt;</a>&nbsp;&nbsp;&nbsp;_printf_core
</UL>

<P><STRONG><a name="[1d3]"></a>_printf_core</STRONG> (Thumb, 1754 bytes, Stack size 128 bytes, printfa.o(i._printf_core), UNUSED)
<BR><BR>[Calls]<UL><LI><a href="#[cc]">&gt;&gt;</a>&nbsp;&nbsp;&nbsp;__aeabi_uldivmod
<LI><a href="#[cb]">&gt;&gt;</a>&nbsp;&nbsp;&nbsp;__aeabi_uidivmod
<LI><a href="#[1d7]">&gt;&gt;</a>&nbsp;&nbsp;&nbsp;_printf_pre_padding
<LI><a href="#[1d8]">&gt;&gt;</a>&nbsp;&nbsp;&nbsp;_printf_post_padding
<LI><a href="#[1d5]">&gt;&gt;</a>&nbsp;&nbsp;&nbsp;_fp_digits
</UL>
<BR>[Called By]<UL><LI><a href="#[1d4]">&gt;&gt;</a>&nbsp;&nbsp;&nbsp;__0sprintf
<LI><a href="#[1d2]">&gt;&gt;</a>&nbsp;&nbsp;&nbsp;__0printf
</UL>

<P><STRONG><a name="[1d8]"></a>_printf_post_padding</STRONG> (Thumb, 32 bytes, Stack size 24 bytes, printfa.o(i._printf_post_padding), UNUSED)
<BR><BR>[Called By]<UL><LI><a href="#[1d3]">&gt;&gt;</a>&nbsp;&nbsp;&nbsp;_printf_core
</UL>

<P><STRONG><a name="[1d7]"></a>_printf_pre_padding</STRONG> (Thumb, 44 bytes, Stack size 40 bytes, printfa.o(i._printf_pre_padding), UNUSED)
<BR><BR>[Called By]<UL><LI><a href="#[1d3]">&gt;&gt;</a>&nbsp;&nbsp;&nbsp;_printf_core
</UL>

<P><STRONG><a name="[89]"></a>_sputc</STRONG> (Thumb, 10 bytes, Stack size 0 bytes, printfa.o(i._sputc))
<BR><BR>[Called By]<UL><LI><a href="#[1d4]">&gt;&gt;</a>&nbsp;&nbsp;&nbsp;__0sprintf
</UL>
<BR>[Address Reference Count : 1]<UL><LI> printfa.o(i.__0sprintf)
</UL><P>
<H3>
Undefined Global Symbols
</H3><HR></body></html>
