Component: ARM Compiler 5.06 update 6 (build 750) Tool: armlink [4d35ed]

==============================================================================

Section Cross References

    startup_stm32l072xx.o(RESET) refers to startup_stm32l072xx.o(STACK) for __initial_sp
    startup_stm32l072xx.o(RESET) refers to startup_stm32l072xx.o(.text) for Reset_Handler
    startup_stm32l072xx.o(RESET) refers to stm32l0xx_it.o(i.NMI_Handler) for NMI_Handler
    startup_stm32l072xx.o(RESET) refers to stm32l0xx_it.o(i.HardFault_Handler) for HardFault_Handler
    startup_stm32l072xx.o(RESET) refers to stm32l0xx_it.o(i.SVC_Handler) for SVC_Handler
    startup_stm32l072xx.o(RESET) refers to stm32l0xx_it.o(i.PendSV_Handler) for PendSV_Handler
    startup_stm32l072xx.o(RESET) refers to stm32l0xx_it.o(i.SysTick_Handler) for SysTick_Handler
    startup_stm32l072xx.o(RESET) refers to stm32l0xx_it.o(i.RTC_IRQHandler) for RTC_IRQHandler
    startup_stm32l072xx.o(RESET) refers to stm32l0xx_it.o(i.EXTI0_1_IRQHandler) for EXTI0_1_IRQHandler
    startup_stm32l072xx.o(RESET) refers to stm32l0xx_it.o(i.EXTI4_15_IRQHandler) for EXTI4_15_IRQHandler
    startup_stm32l072xx.o(RESET) refers to stm32l0xx_it.o(i.DMA1_Channel2_3_IRQHandler) for DMA1_Channel2_3_IRQHandler
    startup_stm32l072xx.o(RESET) refers to stm32l0xx_it.o(i.USART1_IRQHandler) for USART1_IRQHandler
    startup_stm32l072xx.o(RESET) refers to stm32l0xx_it.o(i.USART2_IRQHandler) for USART2_IRQHandler
    startup_stm32l072xx.o(RESET) refers to stm32l0xx_it.o(i.RNG_LPUART1_IRQHandler) for RNG_LPUART1_IRQHandler
    startup_stm32l072xx.o(.text) refers to system_stm32l0xx.o(i.SystemInit) for SystemInit
    startup_stm32l072xx.o(.text) refers to entry.o(.ARM.Collect$$$$00000000) for __main
    main.o(i.GNSSTimerEvent) refers to main.o(.data) for .data
    main.o(i.GNSS_Start) refers to time_server.o(i.TimerInit) for TimerInit
    main.o(i.GNSS_Start) refers to time_server.o(i.TimerSetValue) for TimerSetValue
    main.o(i.GNSS_Start) refers to time_server.o(i.TimerStart) for TimerStart
    main.o(i.GNSS_Start) refers to main.o(i.GNSS_tdc_TimerEvent) for GNSS_tdc_TimerEvent
    main.o(i.GNSS_Start) refers to main.o(.bss) for .bss
    main.o(i.GNSS_Start) refers to common.o(.data) for sys
    main.o(i.GNSS_tdc_TimerEvent) refers to time_server.o(i.TimerSetValue) for TimerSetValue
    main.o(i.GNSS_tdc_TimerEvent) refers to time_server.o(i.TimerStart) for TimerStart
    main.o(i.GNSS_tdc_TimerEvent) refers to common.o(.data) for sys
    main.o(i.GNSS_tdc_TimerEvent) refers to main.o(.bss) for .bss
    main.o(i.GNSS_tdc_TimerEvent) refers to at.o(.data) for gps_flag
    main.o(i.GNSS_tdc_TimerEvent) refers to main.o(.data) for .data
    main.o(i.GPIO_BLE_STATUS_Ioinit) refers to memseta.o(.text) for __aeabi_memclr4
    main.o(i.GPIO_BLE_STATUS_Ioinit) refers to stm32l0xx_hal_gpio.o(i.HAL_GPIO_Init) for HAL_GPIO_Init
    main.o(i.HAL_GPIO_EXTI_Callback) refers to stm32l0xx_hal_gpio.o(i.HAL_GPIO_ReadPin) for HAL_GPIO_ReadPin
    main.o(i.HAL_GPIO_EXTI_Callback) refers to lowpower.o(i.LPM_DisableStopMode) for LPM_DisableStopMode
    main.o(i.HAL_GPIO_EXTI_Callback) refers to nbinit.o(.data) for nb
    main.o(i.HAL_GPIO_EXTI_Callback) refers to main.o(.data) for .data
    main.o(i.HAL_GPIO_EXTI_Callback) refers to common.o(.data) for sensor
    main.o(i.HAL_RTCEx_AlarmBEventCallback) refers to stm32l0xx_hal_iwdg.o(i.HAL_IWDG_Refresh) for HAL_IWDG_Refresh
    main.o(i.HAL_RTCEx_AlarmBEventCallback) refers to time_server.o(i.My_AlarmInit) for My_AlarmInit
    main.o(i.HAL_RTCEx_AlarmBEventCallback) refers to iwdg.o(.bss) for hiwdg
    main.o(i.HAL_RTCEx_AlarmBEventCallback) refers to common.o(.data) for sys
    main.o(i.HAL_RTCEx_AlarmBEventCallback) refers to main.o(.data) for .data
    main.o(i.HAL_RTCEx_AlarmBEventCallback) refers to nbinit.o(.data) for nb
    main.o(i.HAL_RTC_AlarmAEventCallback) refers to time_server.o(i.TimerIrqHandler) for TimerIrqHandler
    main.o(i.HAL_UART_RxCpltCallback) refers to stm32l0xx_hal_uart.o(i.HAL_UART_Receive_IT) for HAL_UART_Receive_IT
    main.o(i.HAL_UART_RxCpltCallback) refers to usart.o(.bss) for hlpuart1
    main.o(i.HAL_UART_RxCpltCallback) refers to main.o(.data) for .data
    main.o(i.HAL_UART_RxCpltCallback) refers to nbinit.o(.data) for nb
    main.o(i.HAL_UART_RxCpltCallback) refers to main.o(.bss) for .bss
    main.o(i.HW_GetUniqueId) refers to printfa.o(i.__0sprintf) for __2sprintf
    main.o(i.HW_GetUniqueId) refers to strcat.o(.text) for strcat
    main.o(i.HW_GetUniqueId) refers to main.o(.bss) for .bss
    main.o(i.LoraStartCheckBLE) refers to time_server.o(i.TimerInit) for TimerInit
    main.o(i.LoraStartCheckBLE) refers to time_server.o(i.TimerSetValue) for TimerSetValue
    main.o(i.LoraStartCheckBLE) refers to time_server.o(i.TimerStart) for TimerStart
    main.o(i.LoraStartCheckBLE) refers to main.o(i.OnCheckBLETimesEvent) for OnCheckBLETimesEvent
    main.o(i.LoraStartCheckBLE) refers to main.o(.bss) for .bss
[...]
    at_sleep_flag                            0x2000000e   Data           1  main.o(.data)
    OnPressButtonTimeout_status              0x2000000f   Data           1  main.o(.data)
    user_key_duration                        0x20000010   Data           1  main.o(.data)
    join_network_flag                        0x20000011   Data           1  main.o(.data)
    join_network_time                        0x20000012   Data           1  main.o(.data)
    join_network_timer                       0x20000013   Data           1  main.o(.data)
    nb_no_rev                                0x20000014   Data           1  main.o(.data)
    user_key_exti_flag                       0x20000015   Data           1  main.o(.data)
    act_network_flag                         0x20000016   Data           1  main.o(.data)
    first_clock_flag                         0x20000017   Data           1  main.o(.data)
    first_clock_time                         0x20000018   Data           1  main.o(.data)
    nbecho_flag                              0x20000019   Data           1  main.o(.data)
    gnss_tdc_flag                            0x2000001a   Data           1  main.o(.data)
    ble_sleep_flags                          0x2000001c   Data           1  main.o(.data)
    ble_sleep_command                        0x2000001d   Data           1  main.o(.data)
    sleep_status                             0x2000001e   Data           1  main.o(.data)
    tdc_clock_log_flag                       0x2000001f   Data           1  main.o(.data)
    Calibrat_flag                            0x20000020   Data           1  main.o(.data)
    gpstime_flag                             0x20000021   Data           1  main.o(.data)
    MCU_ID                                   0x20000029   Data           8  main.o(.data)
    mqtt_qos_flags                           0x20000042   Data           1  at.o(.data)
    mqtt_qos                                 0x20000043   Data           1  at.o(.data)
    ipv46                                    0x20000044   Data           1  at.o(.data)
    gps_flag                                 0x20000045   Data           1  at.o(.data)
    getsensorvalue_flag                      0x20000046   Data           1  at.o(.data)
    gnss_timer                               0x20000048   Data           2  at.o(.data)
    detect_flags                             0x20000050   Data           1  common.o(.data)
    mode2_flag                               0x20000051   Data           1  common.o(.data)
    debugss                                  0x20000053   Data           1  common.o(.data)
    tmp117_connect_status                    0x20000054   Data           1  common.o(.data)
    fire_version                             0x20000056   Data           2  common.o(.data)
    fire_pro                                 0x20000058   Data           2  common.o(.data)
    hum_store                                0x2000005a   Data           2  common.o(.data)
    tem_store                                0x2000005c   Data           2  common.o(.data)
    adc0_datalog                             0x2000005e   Data           2  common.o(.data)
    adc1_datalog                             0x20000060   Data           2  common.o(.data)
    adc4_datalog                             0x20000062   Data           2  common.o(.data)
    distance_datalog                         0x20000064   Data           2  common.o(.data)
    sys                                      0x20000068   Data          60  common.o(.data)
    sensor                                   0x200000a8   Data          96  common.o(.data)
    PAGEError                                0x20000108   Data           4  flash_eraseprogram.o(.data)
    data32                                   0x2000010c   Data           4  flash_eraseprogram.o(.data)
    hum_value                                0x20000144   Data           4  sht31.o(.data)
    tem_value                                0x20000148   Data           4  sht31.o(.data)
    ds18b20_connect_status                   0x2000014c   Data           1  ds18b20.o(.data)
    ds1820_value                             0x20000150   Data           4  ds18b20.o(.data)
    ds1820_value2                            0x20000154   Data           4  ds18b20.o(.data)
    ds1820_value3                            0x20000158   Data           4  ds18b20.o(.data)
    HX711_Buffer                             0x2000015c   Data           4  weight.o(.data)
    Weight_Maopi                             0x20000160   Data           4  weight.o(.data)
    Weight_Shiwu                             0x20000164   Data           4  weight.o(.data)
    clock_cal_time_flag                      0x20000168   Data           1  nbinit.o(.data)
    reupload_time                            0x2000016a   Data           1  nbinit.o(.data)
    succes_Status                            0x2000016b   Data           1  nbinit.o(.data)
    udp_close_flag                           0x2000016c   Data           1  nbinit.o(.data)
    gnss_time_num                            0x2000016d   Data           1  nbinit.o(.data)
    no_singal_flag                           0x2000016e   Data           1  nbinit.o(.data)
    DNS_RE_FLAG                              0x2000016f   Data           1  nbinit.o(.data)
    first_sample                             0x20000170   Data           1  nbinit.o(.data)
    tcp_close_flag                           0x20000171   Data           1  nbinit.o(.data)
    try_num                                  0x20000174   Data           1  nbinit.o(.data)
    nb_cmd_status                            0x20000175   Data           1  nbinit.o(.data)
    cal_time_difference                      0x20000178   Data           4  nbinit.o(.data)
    ATSendStr                                0x2000017c   Data           4  nbinit.o(.data)
    len_string                               0x20000180   Data           4  nbinit.o(.data)
    nb                                       0x20000184   Data          56  nbinit.o(.data)
    at_downlink_flag                         0x200001bc   Data           1  nb_mqtt.o(.data)
    pro_data_num                             0x200001be   Data           2  nb_udp.o(.data)
    uwTickFreq                               0x200001c0   Data           1  stm32l0xx_hal.o(.data)
    uwTickPrio                               0x200001c4   Data           4  stm32l0xx_hal.o(.data)
    uwTick                                   0x200001c8   Data           4  stm32l0xx_hal.o(.data)
    SystemCoreClock                          0x200001cc   Data           4  system_stm32l0xx.o(.data)
    __stdout                                 0x200001d0   Data           4  stdout.o(.data)
    rxDATA_u1                                0x20000304   Data         100  main.o(.bss)
    MCU_pwd                                  0x20000368   Data          20  main.o(.bss)
    MCU_pwd_tem                              0x2000037c   Data          20  main.o(.bss)
    TxTimer                                  0x20000390   Data          20  main.o(.bss)
    CheckBLETimesTimer                       0x200003a4   Data          20  main.o(.bss)
    PressButtonTimesLedTimer                 0x200003b8   Data          20  main.o(.bss)
    PressButtonTimeoutTimer                  0x200003cc   Data          20  main.o(.bss)
    nb_intTimeoutTimer                       0x200003e0   Data          20  main.o(.bss)
    timesampleTimer                          0x200003f4   Data          20  main.o(.bss)
    CalibrationtimeTimer                     0x20000408   Data          20  main.o(.bss)
    GNSSTimer                                0x2000041c   Data          20  main.o(.bss)
    GNSS_tdc_Timer                           0x20000430   Data          20  main.o(.bss)
    hadc                                     0x20000444   Data          92  adc.o(.bss)
    hi2c1                                    0x200004a0   Data          76  i2c.o(.bss)
    hiwdg                                    0x200004ec   Data          16  iwdg.o(.bss)
    hlpuart1                                 0x200004fc   Data         132  usart.o(.bss)
    huart1                                   0x20000580   Data         132  usart.o(.bss)
    huart2                                   0x20000604   Data         132  usart.o(.bss)
    hdma_lpuart1_tx                          0x20000688   Data          72  usart.o(.bss)
    RtcHandle                                0x200006d0   Data          36  hw_rtc.o(.bss)
    user                                     0x2000158e   Data        2035  common.o(.bss)
    record_log                               0x20001f70   Data         512  nbinit.o(.bss)
    buff                                     0x20002370   Data        2000  nb_mqtt.o(.bss)
    downlink_data                            0x20002b40   Data        1000  nb_mqtt.o(.bss)
    pFlash                                   0x20002f28   Data          24  stm32l0xx_hal_flash.o(.bss)
    __initial_sp                             0x20003388   Data           0  startup_stm32l072xx.o(STACK)



==============================================================================

Memory Map of the image

  Image Entry point : 0x080078c1

  Load Region LR_IROM1 (Base: 0x08007800, Size: 0x0001950c, Max: 0x00028800, ABSOLUTE, COMPRESSED[0x0001935c])

    Execution Region ER_IROM1 (Exec base: 0x08007800, Load base: 0x08007800, Size: 0x00019334, Max: 0x00028800, ABSOLUTE)

    Exec Addr    Load Addr    Size         Type   Attr      Idx    E Section Name        Object

    0x08007800   0x08007800   0x000000c0   Data   RO            3    RESET               startup_stm32l072xx.o
    0x080078c0   0x080078c0   0x00000000   Code   RO         6873  * .ARM.Collect$$$$00000000  mc_p.l(entry.o)
    0x080078c0   0x080078c0   0x00000004   Code   RO         7244    .ARM.Collect$$$$00000001  mc_p.l(entry2.o)
    0x080078c4   0x080078c4   0x00000004   Code   RO         7247    .ARM.Collect$$$$00000004  mc_p.l(entry5.o)
    0x080078c8   0x080078c8   0x00000000   Code   RO         7249    .ARM.Collect$$$$00000008  mc_p.l(entry7b.o)
    0x080078c8   0x080078c8   0x00000000   Code   RO         7251    .ARM.Collect$$$$0000000A  mc_p.l(entry8b.o)
    0x080078c8   0x080078c8   0x00000008   Code   RO         7252    .ARM.Collect$$$$0000000B  mc_p.l(entry9a.o)
    0x080078d0   0x080078d0   0x00000000   Code   RO         7254    .ARM.Collect$$$$0000000D  mc_p.l(entry10a.o)
    0x080078d0   0x080078d0   0x00000000   Code   RO         7256    .ARM.Collect$$$$0000000F  mc_p.l(entry11a.o)
    0x080078d0   0x080078d0   0x00000004   Code   RO         7245    .ARM.Collect$$$$00002712  mc_p.l(entry2.o)
    0x080078d4   0x080078d4   0x0000001c   Code   RO            4    .text               startup_stm32l072xx.o
    0x080078f0   0x080078f0   0x0000002c   Code   RO         6876    .text               mc_p.l(uidiv.o)
    0x0800791c   0x0800791c   0x00000028   Code   RO         6878    .text               mc_p.l(idiv.o)
    0x08007944   0x08007944   0x00000060   Code   RO         6880    .text               mc_p.l(uldiv.o)
    0x080079a4   0x080079a4   0x0000007a   Code   RO         6882    .text               mc_p.l(llmul.o)
    0x08007a1e   0x08007a1e   0x00000002   PAD
    0x08007a20   0x08007a20   0x00000008   Code   RO         6884    .text               mc_p.l(ctype_o.o)
    0x08007a28   0x08007a28   0x00000012   Code   RO         6906    .text               mc_p.l(isspace_o.o)
    0x08007a3a   0x08007a3a   0x0000000c   Code   RO         6912    .text               mc_p.l(toupper.o)
    0x08007a46   0x08007a46   0x00000002   PAD
    0x08007a48   0x08007a48   0x0000008c   Code   RO         6920    .text               mc_p.l(mktime.o)
    0x08007ad4   0x08007ad4   0x000003ac   Code   RO         6923    .text               mc_p.l(strftime.o)
    0x08007e80   0x08007e80   0x0000003c   Code   RO         6926    .text               mc_p.l(asctime_s.o)
    0x08007ebc   0x08007ebc   0x0000000c   Code   RO         6929    .text               mc_p.l(ctime.o)
    0x08007ec8   0x08007ec8   0x00000024   Code   RO         6931    .text               mc_p.l(memcpya.o)
    0x08007eec   0x08007eec   0x00000024   Code   RO         6933    .text               mc_p.l(memseta.o)
    0x08007f10   0x08007f10   0x00000018   Code   RO         6935    .text               mc_p.l(strcat.o)
    0x08007f28   0x08007f28   0x00000028   Code   RO         6937    .text               mc_p.l(strstr.o)
    0x08007f50   0x08007f50   0x0000001a   Code   RO         6939    .text               mc_p.l(strncpy.o)
    0x08007f6a   0x08007f6a   0x00000014   Code   RO         6941    .text               mc_p.l(strchr.o)
    0x08007f7e   0x08007f7e   0x0000000e   Code   RO         6943    .text               mc_p.l(strlen.o)
    0x08007f8c   0x08007f8c   0x0000001c   Code   RO         6945    .text               mc_p.l(strcmp.o)
    0x08007fa8   0x08007fa8   0x00000020   Code   RO         6947    .text               mc_p.l(strrchr.o)
    0x08007fc8   0x08007fc8   0x00000014   Code   RO         7212    .text               mc_p.l(uread4.o)
    0x08007fdc   0x08007fdc   0x0000001a   Code   RO         7214    .text               mc_p.l(atoi.o)
    0x08007ff6   0x08007ff6   0x0000007a   Code   RO         7216    .text               mf_p.l(fmul.o)
    0x08008070   0x08008070   0x0000007c   Code   RO         7218    .text               mf_p.l(fdiv.o)
    0x080080ec   0x080080ec   0x00000164   Code   RO         7220    .text               mf_p.l(dadd.o)
    0x08008250   0x08008250   0x000000d0   Code   RO         7222    .text               mf_p.l(dmul.o)
    0x08008320   0x08008320   0x000000f0   Code   RO         7224    .text               mf_p.l(ddiv.o)
    0x08008410   0x08008410   0x0000002c   Code   RO         7226    .text               mf_p.l(dscalb.o)
    0x0800843c   0x0800843c   0x00000016   Code   RO         7228    .text               mf_p.l(fflti.o)
    0x08008452   0x08008452   0x00000002   PAD
    0x08008454   0x08008454   0x00000028   Code   RO         7230    .text               mf_p.l(dflti.o)
    0x0800847c   0x0800847c   0x0000001c   Code   RO         7232    .text               mf_p.l(dfltui.o)
    0x08008498   0x08008498   0x00000032   Code   RO         7234    .text               mf_p.l(ffixi.o)
    0x080084ca   0x080084ca   0x00000028   Code   RO         7236    .text               mf_p.l(ffixui.o)
    0x080084f2   0x080084f2   0x00000002   PAD
    0x080084f4   0x080084f4   0x00000048   Code   RO         7238    .text               mf_p.l(dfixi.o)
    0x0800853c   0x0800853c   0x00000028   Code   RO         7240    .text               mf_p.l(f2d.o)
    0x08008564   0x08008564   0x00000038   Code   RO         7242    .text               mf_p.l(d2f.o)
    0x0800859c   0x0800859c   0x00000020   Code   RO         7259    .text               mc_p.l(llshl.o)
    0x080085bc   0x080085bc   0x00000022   Code   RO         7261    .text               mc_p.l(llushr.o)
    0x080085de   0x080085de   0x00000026   Code   RO         7263    .text               mc_p.l(llsshr.o)
    0x08008604   0x08008604   0x00000010   Code   RO         7265    .text               mc_p.l(localtime_w.o)
    0x08008614   0x08008614   0x00000074   Code   RO         7268    .text               mc_p.l(localtime_i.o)
    0x08008688   0x08008688   0x000000a4   Code   RO         7282    .text               mc_p.l(strtod.o)
    0x0800872c   0x0800872c   0x00000070   Code   RO         7284    .text               mc_p.l(strtol.o)
    0x0800879c   0x0800879c   0x00000000   Code   RO         7286    .text               mc_p.l(iusefp.o)
    0x0800879c   0x0800879c   0x00000082   Code   RO         7287    .text               mf_p.l(fepilogue.o)
    0x0800881e   0x0800881e   0x000000be   Code   RO         7289    .text               mf_p.l(depilogue.o)
    0x080088dc   0x080088dc   0x00000040   Code   RO         7293    .text               mf_p.l(dfixul.o)
    0x0800891c   0x0800891c   0x00000028   Code   RO         7295    .text               mf_p.l(cdrcmple.o)
    0x08008944   0x08008944   0x00000024   Code   RO         7297    .text               mc_p.l(init.o)
    0x08008968   0x08008968   0x00000374   Code   RO         7301    .text               mc_p.l(scanf_fp.o)
    0x08008cdc   0x08008cdc   0x00000044   Code   RO         7305    .text               mc_p.l(_sgetc.o)
    0x08008d20   0x08008d20   0x000000a6   Code   RO         7307    .text               mc_p.l(_strtoul.o)
    0x08008dc6   0x08008dc6   0x0000001e   Code   RO         7312    .text               mc_p.l(_chval.o)
    0x08008de4   0x08008de4   0x0000001c   Code   RO         7314    .text               mf_p.l(dfltul.o)
    0x08008e00   0x08008e00   0x00000056   Code   RO         7324    .text               mc_p.l(__dczerorl2.o)
    0x08008e56   0x08008e56   0x00000002   PAD
    0x08008e58   0x08008e58   0x000000e4   Code   RO         1934    i.ADCModel          battery_read.o
    0x08008f3c   0x08008f3c   0x00000024   Code   RO         4022    i.ADC_DelayMicroSecond  stm32l0xx_hal_adc.o
    0x08008f60   0x08008f60   0x00000064   Code   RO         4024    i.ADC_Enable        stm32l0xx_hal_adc.o
    0x08008fc4   0x08008fc4   0x000000dc   Code   RO         1281    i.ATInsPro          at.o
    0x080090a0   0x080090a0   0x000002d4   Code   RO         1973    i.BSP_sensor_Init   common.o
    0x08009374   0x08009374   0x00000028   Code   RO         2237    i.CalendarDiv60     time_server.o
    0x0800939c   0x0800939c   0x00000010   Code   RO          640    i.DMA1_Channel2_3_IRQHandler  stm32l0xx_it.o
    0x080093ac   0x080093ac   0x0000002c   Code   RO         5515    i.DMA_SetConfig     stm32l0xx_hal_dma.o
    0x080093d8   0x080093d8   0x00000118   Code   RO         2413    i.DS18B20_GetTemp_SkipRom  ds18b20.o
    0x080094f0   0x080094f0   0x00000044   Code   RO         2414    i.DS18B20_Init      ds18b20.o
    0x08009534   0x08009534   0x00000074   Code   RO         2415    i.DS18B20_IoDeInit  ds18b20.o
    0x080095a8   0x080095a8   0x00000098   Code   RO         2416    i.DS18B20_Mode_IPU  ds18b20.o
    0x08009640   0x08009640   0x00000070   Code   RO         2417    i.DS18B20_Mode_Out_PP  ds18b20.o
    0x080096b0   0x080096b0   0x00000108   Code   RO         2418    i.DS18B20_Presence  ds18b20.o
    0x080097b8   0x080097b8   0x00000098   Code   RO         2420    i.DS18B20_ReadBit   ds18b20.o
    0x08009850   0x08009850   0x00000020   Code   RO         2421    i.DS18B20_ReadByte  ds18b20.o
    0x08009870   0x08009870   0x00000074   Code   RO         2422    i.DS18B20_Rst       ds18b20.o
    0x080098e4   0x080098e4   0x00000018   Code   RO         2423    i.DS18B20_SkipRom   ds18b20.o
    0x080098fc   0x080098fc   0x00000134   Code   RO         2425    i.DS18B20_WriteByte  ds18b20.o
    0x08009a30   0x08009a30   0x00000016   Code   RO         2426    i.DS18B20_delay     ds18b20.o
    0x08009a46   0x08009a46   0x00000002   PAD
    0x08009a48   0x08009a48   0x00000010   Code   RO         1974    i.DatalogClear      common.o
    0x08009a58   0x08009a58   0x0000005c   Code   RO         1975    i.DatalogPrint      common.o
    0x08009ab4   0x08009ab4   0x0000000a   Code   RO          641    i.EXTI0_1_IRQHandler  stm32l0xx_it.o
    0x08009abe   0x08009abe   0x00000020   Code   RO          642    i.EXTI4_15_IRQHandler  stm32l0xx_it.o
    0x08009ade   0x08009ade   0x00000002   PAD
    0x08009ae0   0x08009ae0   0x000000fc   Code   RO         1976    i.EX_GPIO_Init      common.o
    0x08009bdc   0x08009bdc   0x000000b4   Code   RO         1977    i.EX_GPIO_Init_pa0  common.o
    0x08009c90   0x08009c90   0x000000b8   Code   RO         1978    i.EX_GPIO_Init_pa4  common.o
    0x08009d48   0x08009d48   0x0000001c   Code   RO         1979    i.Entersleep_Write  common.o
    0x08009d64   0x08009d64   0x00000002   Code   RO           12    i.Error_Handler     main.o
    0x08009d66   0x08009d66   0x00000002   PAD
    0x08009d68   0x08009d68   0x0000002c   Code   RO         5345    i.FLASH_PageErase   stm32l0xx_hal_flash_ex.o
    0x08009d94   0x08009d94   0x00000090   Code   RO         5250    i.FLASH_SetErrorCode  stm32l0xx_hal_flash.o
    0x08009e24   0x08009e24   0x00000070   Code   RO         5251    i.FLASH_WaitForLastOperation  stm32l0xx_hal_flash.o
    0x08009e94   0x08009e94   0x00000058   Code   RO         2175    i.FLASH_erase       flash_eraseprogram.o
    0x08009eec   0x08009eec   0x00000074   Code   RO         2176    i.FLASH_program     flash_eraseprogram.o
    0x08009f60   0x08009f60   0x00000010   Code   RO         2177    i.FLASH_read        flash_eraseprogram.o
    0x08009f70   0x08009f70   0x0000000c   Code   RO           13    i.GNSSTimerEvent    main.o
    0x08009f7c   0x08009f7c   0x00000030   Code   RO           14    i.GNSS_Start        main.o
    0x08009fac   0x08009fac   0x00000044   Code   RO           15    i.GNSS_tdc_TimerEvent  main.o
    0x08009ff0   0x08009ff0   0x00000038   Code   RO           16    i.GPIO_BLE_STATUS_Ioinit  main.o
    0x0800a028   0x0800a028   0x0000003c   Code   RO         2578    i.GPIO_ULT_INPUT_DeInit  ultrasound.o
    0x0800a064   0x0800a064   0x0000003c   Code   RO         2579    i.GPIO_ULT_INPUT_Init  ultrasound.o
    0x0800a0a0   0x0800a0a0   0x0000003c   Code   RO         2580    i.GPIO_ULT_OUTPUT_DeInit  ultrasound.o
    0x0800a0dc   0x0800a0dc   0x00000040   Code   RO         2581    i.GPIO_ULT_OUTPUT_Init  ultrasound.o
    0x0800a11c   0x0800a11c   0x00000068   Code   RO         2238    i.GetTick           time_server.o
    0x0800a184   0x0800a184   0x00000018   Code   RO         2239    i.GetTime           time_server.o
    0x0800a19c   0x0800a19c   0x00000010   Code   RO         2513    i.Get_Maopi         weight.o
    0x0800a1ac   0x0800a1ac   0x00000048   Code   RO         2514    i.Get_Weight        weight.o
    0x0800a1f4   0x0800a1f4   0x000000aa   Code   RO         4201    i.HAL_ADCEx_Calibration_Start  stm32l0xx_hal_adc_ex.o
    0x0800a29e   0x0800a29e   0x00000002   PAD
    0x0800a2a0   0x0800a2a0   0x00000094   Code   RO         4026    i.HAL_ADC_ConfigChannel  stm32l0xx_hal_adc.o
    0x0800a334   0x0800a334   0x00000006   Code   RO         4033    i.HAL_ADC_GetValue  stm32l0xx_hal_adc.o
    0x0800a33a   0x0800a33a   0x00000002   PAD
    0x0800a33c   0x0800a33c   0x000001c8   Code   RO         4035    i.HAL_ADC_Init      stm32l0xx_hal_adc.o
    0x0800a504   0x0800a504   0x0000001c   Code   RO          436    i.HAL_ADC_MspInit   adc.o
    0x0800a520   0x0800a520   0x000000c0   Code   RO         4039    i.HAL_ADC_PollForConversion  stm32l0xx_hal_adc.o
    0x0800a5e0   0x0800a5e0   0x0000005c   Code   RO         4041    i.HAL_ADC_Start     stm32l0xx_hal_adc.o
    0x0800a63c   0x0800a63c   0x00000044   Code   RO         5516    i.HAL_DMA_Abort     stm32l0xx_hal_dma.o
    0x0800a680   0x0800a680   0x0000004c   Code   RO         5517    i.HAL_DMA_Abort_IT  stm32l0xx_hal_dma.o
    0x0800a6cc   0x0800a6cc   0x000000a8   Code   RO         5521    i.HAL_DMA_IRQHandler  stm32l0xx_hal_dma.o
    0x0800a774   0x0800a774   0x00000090   Code   RO         5522    i.HAL_DMA_Init      stm32l0xx_hal_dma.o
    0x0800a804   0x0800a804   0x00000068   Code   RO         5526    i.HAL_DMA_Start_IT  stm32l0xx_hal_dma.o
    0x0800a86c   0x0800a86c   0x00000024   Code   RO         4264    i.HAL_Delay         stm32l0xx_hal.o
    0x0800a890   0x0800a890   0x00000028   Code   RO         5350    i.HAL_FLASHEx_DATAEEPROM_Erase  stm32l0xx_hal_flash_ex.o
    0x0800a8b8   0x0800a8b8   0x00000014   Code   RO         5351    i.HAL_FLASHEx_DATAEEPROM_Lock  stm32l0xx_hal_flash_ex.o
    0x0800a8cc   0x0800a8cc   0x00000054   Code   RO         5352    i.HAL_FLASHEx_DATAEEPROM_Program  stm32l0xx_hal_flash_ex.o
    0x0800a920   0x0800a920   0x00000034   Code   RO         5353    i.HAL_FLASHEx_DATAEEPROM_Unlock  stm32l0xx_hal_flash_ex.o
    0x0800a954   0x0800a954   0x00000078   Code   RO         5354    i.HAL_FLASHEx_Erase  stm32l0xx_hal_flash_ex.o
    0x0800a9cc   0x0800a9cc   0x0000000c   Code   RO         5253    i.HAL_FLASH_GetError  stm32l0xx_hal_flash.o
    0x0800a9d8   0x0800a9d8   0x0000001c   Code   RO         5255    i.HAL_FLASH_Lock    stm32l0xx_hal_flash.o
    0x0800a9f4   0x0800a9f4   0x0000003c   Code   RO         5260    i.HAL_FLASH_Program  stm32l0xx_hal_flash.o
    0x0800aa30   0x0800aa30   0x0000005c   Code   RO         5262    i.HAL_FLASH_Unlock  stm32l0xx_hal_flash.o
    0x0800aa8c   0x0800aa8c   0x00000138   Code   RO           17    i.HAL_GPIO_EXTI_Callback  main.o
    0x0800abc4   0x0800abc4   0x00000018   Code   RO         5455    i.HAL_GPIO_EXTI_IRQHandler  stm32l0xx_hal_gpio.o
    0x0800abdc   0x0800abdc   0x00000184   Code   RO         5456    i.HAL_GPIO_Init     stm32l0xx_hal_gpio.o
    0x0800ad60   0x0800ad60   0x0000000a   Code   RO         5458    i.HAL_GPIO_ReadPin  stm32l0xx_hal_gpio.o
    0x0800ad6a   0x0800ad6a   0x00000008   Code   RO         5459    i.HAL_GPIO_TogglePin  stm32l0xx_hal_gpio.o
    0x0800ad72   0x0800ad72   0x0000000c   Code   RO         5460    i.HAL_GPIO_WritePin  stm32l0xx_hal_gpio.o
    0x0800ad7e   0x0800ad7e   0x00000002   PAD
    0x0800ad80   0x0800ad80   0x0000000c   Code   RO         4268    i.HAL_GetTick       stm32l0xx_hal.o
    0x0800ad8c   0x0800ad8c   0x0000004a   Code   RO         4919    i.HAL_I2CEx_ConfigAnalogFilter  stm32l0xx_hal_i2c_ex.o
    0x0800add6   0x0800add6   0x00000048   Code   RO         4920    i.HAL_I2CEx_ConfigDigitalFilter  stm32l0xx_hal_i2c_ex.o
    0x0800ae1e   0x0800ae1e   0x00000002   PAD
    0x0800ae20   0x0800ae20   0x000000b4   Code   RO         4472    i.HAL_I2C_Init      stm32l0xx_hal_i2c.o
    0x0800aed4   0x0800aed4   0x00000110   Code   RO         4478    i.HAL_I2C_Master_Receive  stm32l0xx_hal_i2c.o
    0x0800afe4   0x0800afe4   0x00000110   Code   RO         4485    i.HAL_I2C_Master_Transmit  stm32l0xx_hal_i2c.o
    0x0800b0f4   0x0800b0f4   0x00000154   Code   RO         4490    i.HAL_I2C_Mem_Read  stm32l0xx_hal_i2c.o
    0x0800b248   0x0800b248   0x0000014c   Code   RO         4493    i.HAL_I2C_Mem_Write  stm32l0xx_hal_i2c.o
    0x0800b394   0x0800b394   0x00000002   Code   RO         4496    i.HAL_I2C_MspDeInit  stm32l0xx_hal_i2c.o
    0x0800b396   0x0800b396   0x00000002   PAD
    0x0800b398   0x0800b398   0x0000005c   Code   RO          493    i.HAL_I2C_MspInit   i2c.o
    0x0800b3f4   0x0800b3f4   0x00000064   Code   RO         5958    i.HAL_IWDG_Init     stm32l0xx_hal_iwdg.o
    0x0800b458   0x0800b458   0x00000010   Code   RO         5959    i.HAL_IWDG_Refresh  stm32l0xx_hal_iwdg.o
    0x0800b468   0x0800b468   0x00000010   Code   RO         4274    i.HAL_IncTick       stm32l0xx_hal.o
    0x0800b478   0x0800b478   0x00000028   Code   RO         4275    i.HAL_Init          stm32l0xx_hal.o
    0x0800b4a0   0x0800b4a0   0x00000044   Code   RO         4276    i.HAL_InitTick      stm32l0xx_hal.o
    0x0800b4e4   0x0800b4e4   0x00000018   Code   RO          730    i.HAL_MspInit       stm32l0xx_hal_msp.o
    0x0800b4fc   0x0800b4fc   0x00000018   Code   RO         5783    i.HAL_NVIC_EnableIRQ  stm32l0xx_hal_cortex.o
    0x0800b514   0x0800b514   0x00000008   Code   RO         5787    i.HAL_NVIC_SetPriority  stm32l0xx_hal_cortex.o
    0x0800b51c   0x0800b51c   0x00000010   Code   RO         5725    i.HAL_PWREx_EnableFastWakeUp  stm32l0xx_hal_pwr_ex.o
    0x0800b52c   0x0800b52c   0x00000010   Code   RO         5727    i.HAL_PWREx_EnableUltraLowPower  stm32l0xx_hal_pwr_ex.o
    0x0800b53c   0x0800b53c   0x00000010   Code   RO         5613    i.HAL_PWR_EnableBkUpAccess  stm32l0xx_hal_pwr.o
    0x0800b54c   0x0800b54c   0x00000064   Code   RO         5620    i.HAL_PWR_EnterSTOPMode  stm32l0xx_hal_pwr.o
    0x0800b5b0   0x0800b5b0   0x0000018c   Code   RO         5079    i.HAL_RCCEx_PeriphCLKConfig  stm32l0xx_hal_rcc_ex.o
    0x0800b73c   0x0800b73c   0x0000019c   Code   RO         4970    i.HAL_RCC_ClockConfig  stm32l0xx_hal_rcc.o
    0x0800b8d8   0x0800b8d8   0x00000020   Code   RO         4976    i.HAL_RCC_GetPCLK1Freq  stm32l0xx_hal_rcc.o
    0x0800b8f8   0x0800b8f8   0x00000020   Code   RO         4977    i.HAL_RCC_GetPCLK2Freq  stm32l0xx_hal_rcc.o
    0x0800b918   0x0800b918   0x00000078   Code   RO         4978    i.HAL_RCC_GetSysClockFreq  stm32l0xx_hal_rcc.o
    0x0800b990   0x0800b990   0x0000049e   Code   RO         4981    i.HAL_RCC_OscConfig  stm32l0xx_hal_rcc.o
    0x0800be2e   0x0800be2e   0x00000002   PAD
    0x0800be30   0x0800be30   0x00000110   Code   RO           18    i.HAL_RTCEx_AlarmBEventCallback  main.o
    0x0800bf40   0x0800bf40   0x0000000c   Code   RO         6586    i.HAL_RTCEx_BKUPRead  stm32l0xx_hal_rtc_ex.o
    0x0800bf4c   0x0800bf4c   0x0000000c   Code   RO         6587    i.HAL_RTCEx_BKUPWrite  stm32l0xx_hal_rtc_ex.o
    0x0800bf58   0x0800bf58   0x0000003c   Code   RO         6594    i.HAL_RTCEx_EnableBypassShadow  stm32l0xx_hal_rtc_ex.o
    0x0800bf94   0x0800bf94   0x00000008   Code   RO           19    i.HAL_RTC_AlarmAEventCallback  main.o
    0x0800bf9c   0x0800bf9c   0x00000060   Code   RO         6453    i.HAL_RTC_AlarmIRQHandler  stm32l0xx_hal_rtc.o
    0x0800bffc   0x0800bffc   0x000000b8   Code   RO         6455    i.HAL_RTC_DeactivateAlarm  stm32l0xx_hal_rtc.o
    0x0800c0b4   0x0800c0b4   0x00000044   Code   RO         6457    i.HAL_RTC_GetDate   stm32l0xx_hal_rtc.o
    0x0800c0f8   0x0800c0f8   0x0000005c   Code   RO         6459    i.HAL_RTC_GetTime   stm32l0xx_hal_rtc.o
    0x0800c154   0x0800c154   0x000000bc   Code   RO         6460    i.HAL_RTC_Init      stm32l0xx_hal_rtc.o
    0x0800c210   0x0800c210   0x0000005c   Code   RO          732    i.HAL_RTC_MspInit   stm32l0xx_hal_msp.o
    0x0800c26c   0x0800c26c   0x00000190   Code   RO         6465    i.HAL_RTC_SetAlarm_IT  stm32l0xx_hal_rtc.o
    0x0800c3fc   0x0800c3fc   0x000000c4   Code   RO         6466    i.HAL_RTC_SetDate   stm32l0xx_hal_rtc.o
    0x0800c4c0   0x0800c4c0   0x000000e8   Code   RO         6467    i.HAL_RTC_SetTime   stm32l0xx_hal_rtc.o
    0x0800c5a8   0x0800c5a8   0x00000034   Code   RO         6468    i.HAL_RTC_WaitForSynchro  stm32l0xx_hal_rtc.o
    0x0800c5dc   0x0800c5dc   0x00000010   Code   RO         4279    i.HAL_ResumeTick    stm32l0xx_hal.o
    0x0800c5ec   0x0800c5ec   0x00000030   Code   RO         5791    i.HAL_SYSTICK_Config  stm32l0xx_hal_cortex.o
    0x0800c61c   0x0800c61c   0x00000010   Code   RO         4285    i.HAL_SuspendTick   stm32l0xx_hal.o
    0x0800c62c   0x0800c62c   0x00000022   Code   RO         6377    i.HAL_UARTEx_EnableStopMode  stm32l0xx_hal_uart_ex.o
    0x0800c64e   0x0800c64e   0x00000002   Code   RO         5993    i.HAL_UARTEx_RxEventCallback  stm32l0xx_hal_uart.o
    0x0800c650   0x0800c650   0x00000098   Code   RO         6381    i.HAL_UARTEx_StopModeWakeUpSourceConfig  stm32l0xx_hal_uart_ex.o
    0x0800c6e8   0x0800c6e8   0x00000002   Code   RO         6382    i.HAL_UARTEx_WakeupCallback  stm32l0xx_hal_uart_ex.o
    0x0800c6ea   0x0800c6ea   0x00000002   Code   RO           20    i.HAL_UART_ErrorCallback  main.o
    0x0800c6ec   0x0800c6ec   0x00000220   Code   RO         6012    i.HAL_UART_IRQHandler  stm32l0xx_hal_uart.o
    0x0800c90c   0x0800c90c   0x0000006a   Code   RO         6013    i.HAL_UART_Init     stm32l0xx_hal_uart.o
    0x0800c976   0x0800c976   0x00000002   PAD
    0x0800c978   0x0800c978   0x00000130   Code   RO          552    i.HAL_UART_MspInit  usart.o
    0x0800caa8   0x0800caa8   0x00000060   Code   RO         6018    i.HAL_UART_Receive_IT  stm32l0xx_hal_uart.o
    0x0800cb08   0x0800cb08   0x000000a8   Code   RO           21    i.HAL_UART_RxCpltCallback  main.o
    0x0800cbb0   0x0800cbb0   0x000000d2   Code   RO         6022    i.HAL_UART_Transmit  stm32l0xx_hal_uart.o
    0x0800cc82   0x0800cc82   0x00000002   PAD
    0x0800cc84   0x0800cc84   0x000000b0   Code   RO         6023    i.HAL_UART_Transmit_DMA  stm32l0xx_hal_uart.o
    0x0800cd34   0x0800cd34   0x00000002   Code   RO         6025    i.HAL_UART_TxCpltCallback  stm32l0xx_hal_uart.o
    0x0800cd36   0x0800cd36   0x00000002   Code   RO         6026    i.HAL_UART_TxHalfCpltCallback  stm32l0xx_hal_uart.o
    0x0800cd38   0x0800cd38   0x00000084   Code   RO         1935    i.HW_AdcReadChannel  battery_read.o
    0x0800cdbc   0x0800cdbc   0x00000054   Code   RO         2515    i.HW_GPIO_Init      weight.o
    0x0800ce10   0x0800ce10   0x00000070   Code   RO           22    i.HW_GetUniqueId    main.o
    0x0800ce80   0x0800ce80   0x00000020   Code   RO          834    i.HW_RTC_BKUPRead   hw_rtc.o
    0x0800cea0   0x0800cea0   0x00000020   Code   RO          835    i.HW_RTC_BKUPWrite  hw_rtc.o
    0x0800cec0   0x0800cec0   0x00000024   Code   RO          837    i.HW_RTC_GetCalendarTime  hw_rtc.o
    0x0800cee4   0x0800cee4   0x000000ac   Code   RO          838    i.HW_RTC_GetCalendarValue  hw_rtc.o
    0x0800cf90   0x0800cf90   0x00000004   Code   RO          839    i.HW_RTC_GetMinimumTimeout  hw_rtc.o
    0x0800cf94   0x0800cf94   0x0000000c   Code   RO          840    i.HW_RTC_GetTimerContext  hw_rtc.o
    0x0800cfa0   0x0800cfa0   0x0000001c   Code   RO          841    i.HW_RTC_GetTimerElapsedTime  hw_rtc.o
    0x0800cfbc   0x0800cfbc   0x00000010   Code   RO          842    i.HW_RTC_GetTimerValue  hw_rtc.o
    0x0800cfcc   0x0800cfcc   0x0000002c   Code   RO          843    i.HW_RTC_Init       hw_rtc.o
    0x0800cff8   0x0800cff8   0x0000003c   Code   RO          844    i.HW_RTC_IrqHandler  hw_rtc.o
    0x0800d034   0x0800d034   0x0000003c   Code   RO          845    i.HW_RTC_SetAlarm   hw_rtc.o
    0x0800d070   0x0800d070   0x000000bc   Code   RO          846    i.HW_RTC_SetConfig  hw_rtc.o
    0x0800d12c   0x0800d12c   0x00000018   Code   RO          847    i.HW_RTC_SetTimerContext  hw_rtc.o
    0x0800d144   0x0800d144   0x00000118   Code   RO          848    i.HW_RTC_StartWakeUpAlarm  hw_rtc.o
    0x0800d25c   0x0800d25c   0x00000020   Code   RO          849    i.HW_RTC_StopAlarm  hw_rtc.o
    0x0800d27c   0x0800d27c   0x00000010   Code   RO          850    i.HW_RTC_Tick2ms    hw_rtc.o
    0x0800d28c   0x0800d28c   0x00000010   Code   RO          852    i.HW_RTC_ms2Tick    hw_rtc.o
    0x0800d29c   0x0800d29c   0x00000084   Code   RO         2516    i.HX711_Read        weight.o
    0x0800d320   0x0800d320   0x00000002   Code   RO          643    i.HardFault_Handler  stm32l0xx_it.o
    0x0800d322   0x0800d322   0x00000022   Code   RO         4519    i.I2C_Flush_TXDR    stm32l0xx_hal_i2c.o
    0x0800d344   0x0800d344   0x00000070   Code   RO         4527    i.I2C_IsAcknowledgeFailed  stm32l0xx_hal_i2c.o
    0x0800d3b4   0x0800d3b4   0x00000060   Code   RO         4530    i.I2C_RequestMemoryRead  stm32l0xx_hal_i2c.o
    0x0800d414   0x0800d414   0x00000060   Code   RO         4531    i.I2C_RequestMemoryWrite  stm32l0xx_hal_i2c.o
    0x0800d474   0x0800d474   0x00000028   Code   RO         4534    i.I2C_TransferConfig  stm32l0xx_hal_i2c.o
    0x0800d49c   0x0800d49c   0x0000004e   Code   RO         4536    i.I2C_WaitOnFlagUntilTimeout  stm32l0xx_hal_i2c.o
    0x0800d4ea   0x0800d4ea   0x00000002   PAD
    0x0800d4ec   0x0800d4ec   0x00000080   Code   RO         4537    i.I2C_WaitOnRXNEFlagUntilTimeout  stm32l0xx_hal_i2c.o
    0x0800d56c   0x0800d56c   0x0000004c   Code   RO         4538    i.I2C_WaitOnSTOPFlagUntilTimeout  stm32l0xx_hal_i2c.o
    0x0800d5b8   0x0800d5b8   0x00000050   Code   RO         4539    i.I2C_WaitOnTXISFlagUntilTimeout  stm32l0xx_hal_i2c.o
    0x0800d608   0x0800d608   0x00000010   Code   RO         2211    i.LPM_DisableStopMode  lowpower.o
    0x0800d618   0x0800d618   0x00000048   Code   RO         2212    i.LPM_EnterStopMode  lowpower.o
    0x0800d660   0x0800d660   0x00000028   Code   RO         1162    i.LPM_GetMode       low_power_manager.o
    0x0800d688   0x0800d688   0x00000028   Code   RO         1164    i.LPM_SetStopMode   low_power_manager.o
    0x0800d6b0   0x0800d6b0   0x00000138   Code   RO         2745    i.LidarLite         lidar.o
    0x0800d7e8   0x0800d7e8   0x00000028   Code   RO           23    i.LoraStartCheckBLE  main.o
    0x0800d810   0x0800d810   0x00000074   Code   RO          437    i.MX_ADC_Init       adc.o
    0x0800d884   0x0800d884   0x00000028   Code   RO          473    i.MX_DMA_Init       dma.o
    0x0800d8ac   0x0800d8ac   0x0000016c   Code   RO          412    i.MX_GPIO_Init      gpio.o
    0x0800da18   0x0800da18   0x00000058   Code   RO          494    i.MX_I2C1_Init      i2c.o
    0x0800da70   0x0800da70   0x0000002c   Code   RO          525    i.MX_IWDG_Init      iwdg.o
    0x0800da9c   0x0800da9c   0x00000044   Code   RO          553    i.MX_LPUART1_UART_Init  usart.o
    0x0800dae0   0x0800dae0   0x00000038   Code   RO          554    i.MX_USART1_UART_Init  usart.o
    0x0800db18   0x0800db18   0x00000038   Code   RO          555    i.MX_USART2_UART_Init  usart.o
    0x0800db50   0x0800db50   0x000000f8   Code   RO         2240    i.My_AlarmInit      time_server.o
    0x0800dc48   0x0800dc48   0x00000014   Code   RO          556    i.My_UARTEx_StopModeWakeUp  usart.o
    0x0800dc5c   0x0800dc5c   0x00002980   Code   RO         2967    i.NBTASK            nbinit.o
    0x080105dc   0x080105dc   0x00000002   Code   RO          644    i.NMI_Handler       stm32l0xx_it.o
    0x080105de   0x080105de   0x00000002   PAD
    0x080105e0   0x080105e0   0x0000003c   Code   RO           24    i.OnCheckBLETimesEvent  main.o
    0x0801061c   0x0801061c   0x0000001c   Code   RO           25    i.OnPressButtonTimeoutEvent  main.o
    0x08010638   0x08010638   0x00000038   Code   RO           26    i.OnPressButtonTimesLedEvent  main.o
    0x08010670   0x08010670   0x0000002c   Code   RO           27    i.OnTxTimerEvent    main.o
    0x0801069c   0x0801069c   0x000000dc   Code   RO           28    i.OntimesampleEvent  main.o
    0x08010778   0x08010778   0x00000002   Code   RO          645    i.PendSV_Handler    stm32l0xx_it.o
    0x0801077a   0x0801077a   0x00000002   PAD
    0x0801077c   0x0801077c   0x00000010   Code   RO          646    i.RNG_LPUART1_IRQHandler  stm32l0xx_it.o
    0x0801078c   0x0801078c   0x00000010   Code   RO         6469    i.RTC_Bcd2ToByte    stm32l0xx_hal_rtc.o
    0x0801079c   0x0801079c   0x00000018   Code   RO         6470    i.RTC_ByteToBcd2    stm32l0xx_hal_rtc.o
    0x080107b4   0x080107b4   0x00000038   Code   RO         6471    i.RTC_EnterInitMode  stm32l0xx_hal_rtc.o
    0x080107ec   0x080107ec   0x00000014   Code   RO          647    i.RTC_IRQHandler    stm32l0xx_it.o
    0x08010800   0x08010800   0x00000002   Code   RO          648    i.SVC_Handler       stm32l0xx_it.o
    0x08010802   0x08010802   0x0000004a   Code   RO         1981    i.StrToHex          common.o
    0x0801084c   0x0801084c   0x00000008   Code   RO          649    i.SysTick_Handler   stm32l0xx_it.o
    0x08010854   0x08010854   0x00000040   Code   RO          854    i.SysTimeAdd        hw_rtc.o
    0x08010894   0x08010894   0x00000036   Code   RO          855    i.SysTimeGet        hw_rtc.o
    0x080108ca   0x080108ca   0x00000002   PAD
    0x080108cc   0x080108cc   0x000000c0   Code   RO         2241    i.SysTimeLocalTime  time_server.o
    0x0801098c   0x0801098c   0x0000003e   Code   RO          856    i.SysTimeSet        hw_rtc.o
    0x080109ca   0x080109ca   0x00000040   Code   RO          857    i.SysTimeSub        hw_rtc.o
    0x08010a0a   0x08010a0a   0x00000002   PAD
    0x08010a0c   0x08010a0c   0x0000009c   Code   RO           29    i.SystemClock_Config  main.o
    0x08010aa8   0x08010aa8   0x00000058   Code   RO         6838    i.SystemInit        system_stm32l0xx.o
    0x08010b00   0x08010b00   0x00000040   Code   RO         2838    i.TMP117_I2C_Ack    ne117.o
    0x08010b40   0x08010b40   0x0000000e   Code   RO         2839    i.TMP117_I2C_Delay  ne117.o
    0x08010b4e   0x08010b4e   0x00000002   PAD
    0x08010b50   0x08010b50   0x00000040   Code   RO         2840    i.TMP117_I2C_GPIO_MODE_Config  ne117.o
    0x08010b90   0x08010b90   0x00000040   Code   RO         2841    i.TMP117_I2C_NAck   ne117.o
    0x08010bd0   0x08010bd0   0x00000060   Code   RO         2842    i.TMP117_I2C_ReadByte  ne117.o
    0x08010c30   0x08010c30   0x00000064   Code   RO         2844    i.TMP117_I2C_Read_Len  ne117.o
    0x08010c94   0x08010c94   0x00000038   Code   RO         2845    i.TMP117_I2C_SDA_IN  ne117.o
    0x08010ccc   0x08010ccc   0x0000003c   Code   RO         2846    i.TMP117_I2C_SDA_OUT  ne117.o
    0x08010d08   0x08010d08   0x00000060   Code   RO         2847    i.TMP117_I2C_SendByte  ne117.o
    0x08010d68   0x08010d68   0x00000044   Code   RO         2848    i.TMP117_I2C_Start  ne117.o
    0x08010dac   0x08010dac   0x00000040   Code   RO         2849    i.TMP117_I2C_Stop   ne117.o
    0x08010dec   0x08010dec   0x0000005c   Code   RO         2850    i.TMP117_I2C_WaitAck  ne117.o
    0x08010e48   0x08010e48   0x00000052   Code   RO         2852    i.TMP117_I2C_Write_Len  ne117.o
    0x08010e9a   0x08010e9a   0x0000000c   Code   RO         2242    i.TimerGetCurrentTime  time_server.o
    0x08010ea6   0x08010ea6   0x00000018   Code   RO         2243    i.TimerGetElapsedTime  time_server.o
    0x08010ebe   0x08010ebe   0x0000000e   Code   RO         2244    i.TimerInit         time_server.o
    0x08010ecc   0x08010ecc   0x0000001c   Code   RO         2245    i.TimerInsertNewHeadTimer  time_server.o
    0x08010ee8   0x08010ee8   0x00000078   Code   RO         2246    i.TimerIrqHandler   time_server.o
    0x08010f60   0x08010f60   0x0000002c   Code   RO         2248    i.TimerSetTimeout   time_server.o
    0x08010f8c   0x08010f8c   0x00000022   Code   RO         2249    i.TimerSetValue     time_server.o
    0x08010fae   0x08010fae   0x00000002   PAD
    0x08010fb0   0x08010fb0   0x00000070   Code   RO         2250    i.TimerStart        time_server.o
    0x08011020   0x08011020   0x00000060   Code   RO         2251    i.TimerStop         time_server.o
    0x08011080   0x08011080   0x000000ca   Code   RO         6027    i.UART_AdvFeatureConfig  stm32l0xx_hal_uart.o
    0x0801114a   0x0801114a   0x00000002   PAD
    0x0801114c   0x0801114c   0x00000064   Code   RO         6028    i.UART_CheckIdleState  stm32l0xx_hal_uart.o
    0x080111b0   0x080111b0   0x00000014   Code   RO         6029    i.UART_DMAAbortOnError  stm32l0xx_hal_uart.o
    0x080111c4   0x080111c4   0x0000004c   Code   RO         6030    i.UART_DMAError     stm32l0xx_hal_uart.o
    0x08011210   0x08011210   0x00000030   Code   RO         6035    i.UART_DMATransmitCplt  stm32l0xx_hal_uart.o
    0x08011240   0x08011240   0x0000000a   Code   RO         6037    i.UART_DMATxHalfCplt  stm32l0xx_hal_uart.o
    0x0801124a   0x0801124a   0x00000032   Code   RO         6039    i.UART_EndRxTransfer  stm32l0xx_hal_uart.o
    0x0801127c   0x0801127c   0x00000010   Code   RO         6040    i.UART_EndTxTransfer  stm32l0xx_hal_uart.o
    0x0801128c   0x0801128c   0x00000076   Code   RO         6041    i.UART_RxISR_16BIT  stm32l0xx_hal_uart.o
    0x08011302   0x08011302   0x00000076   Code   RO         6042    i.UART_RxISR_8BIT   stm32l0xx_hal_uart.o
    0x08011378   0x08011378   0x00000214   Code   RO         6043    i.UART_SetConfig    stm32l0xx_hal_uart.o
    0x0801158c   0x0801158c   0x00000098   Code   RO         6045    i.UART_Start_Receive_IT  stm32l0xx_hal_uart.o
    0x08011624   0x08011624   0x0000009e   Code   RO         6048    i.UART_WaitOnFlagUntilTimeout  stm32l0xx_hal_uart.o
    0x080116c2   0x080116c2   0x00000002   PAD
    0x080116c4   0x080116c4   0x00000058   Code   RO         2623    i.ULT_Check_Sum     ult.o
    0x0801171c   0x0801171c   0x0000004c   Code   RO         2624    i.ULT_Connection_Test  ult.o
    0x08011768   0x08011768   0x00000048   Code   RO         2626    i.ULT_Data_processing  ult.o
    0x080117b0   0x080117b0   0x0000001c   Code   RO         2629    i.ULT_Rest          ult.o
    0x080117cc   0x080117cc   0x0000012c   Code   RO         2582    i.ULT_distance      ultrasound.o
    0x080118f8   0x080118f8   0x0000000c   Code   RO         2630    i.ULT_getData       ult.o
    0x08011904   0x08011904   0x00000010   Code   RO          650    i.USART1_IRQHandler  stm32l0xx_it.o
    0x08011914   0x08011914   0x00000010   Code   RO          651    i.USART2_IRQHandler  stm32l0xx_it.o
    0x08011924   0x08011924   0x00000204   Code   RO           30    i.USERTASK          main.o
    0x08011b28   0x08011b28   0x00000020   Code   RO         2517    i.WEIGHT_DOUT_DeInit  weight.o
    0x08011b48   0x08011b48   0x0000003c   Code   RO         2518    i.WEIGHT_DOUT_Init  weight.o
    0x08011b84   0x08011b84   0x00000020   Code   RO         2519    i.WEIGHT_SCK_DeInit  weight.o
    0x08011ba4   0x08011ba4   0x00000050   Code   RO         2520    i.WEIGHT_SCK_Init   weight.o
    0x08011bf4   0x08011bf4   0x00000020   Code   RO         7184    i.__0printf         mc_p.l(printfa.o)
    0x08011c14   0x08011c14   0x00000028   Code   RO         7186    i.__0sprintf        mc_p.l(printfa.o)
    0x08011c3c   0x08011c3c   0x0000002e   Code   RO         7291    i.__ARM_clz         mf_p.l(depilogue.o)
    0x08011c6a   0x08011c6a   0x00000030   Code   RO          980    i.__ARM_common_ll_muluu  hw_rtc.o
    0x08011c9a   0x08011c9a   0x0000001a   Code   RO         2821    i.__ARM_common_switch8  tiny_sscanf.o
    0x08011cb4   0x08011cb4   0x00000044   Code   RO         5793    i.__NVIC_SetPriority  stm32l0xx_hal_cortex.o
    0x08011cf8   0x08011cf8   0x0000001c   Code   RO           31    i.__NVIC_SystemReset  main.o
    0x08011d14   0x08011d14   0x0000001c   Code   RO         1282    i.__NVIC_SystemReset  at.o
    0x08011d30   0x08011d30   0x0000001c   Code   RO         1982    i.__NVIC_SystemReset  common.o
    0x08011d4c   0x08011d4c   0x00000008   Code   RO         7275    i.__aeabi_errno_addr  mc_p.l(errno.o)
    0x08011d54   0x08011d54   0x0000000c   Code   RO         7276    i.__read_errno      mc_p.l(errno.o)
    0x08011d60   0x08011d60   0x0000000e   Code   RO         7318    i.__scatterload_copy  mc_p.l(handlers.o)
    0x08011d6e   0x08011d6e   0x00000002   Code   RO         7319    i.__scatterload_null  mc_p.l(handlers.o)
    0x08011d70   0x08011d70   0x0000000e   Code   RO         7320    i.__scatterload_zeroinit  mc_p.l(handlers.o)
    0x08011d7e   0x08011d7e   0x00000002   PAD
    0x08011d80   0x08011d80   0x0000000c   Code   RO         7277    i.__set_errno       mc_p.l(errno.o)
    0x08011d8c   0x08011d8c   0x00000174   Code   RO         7191    i._fp_digits        mc_p.l(printfa.o)
    0x08011f00   0x08011f00   0x0000000e   Code   RO         7303    i._is_digit         mc_p.l(scanf_fp.o)
    0x08011f0e   0x08011f0e   0x00000002   PAD
    0x08011f10   0x08011f10   0x000006ec   Code   RO         7192    i._printf_core      mc_p.l(printfa.o)
    0x080125fc   0x080125fc   0x00000020   Code   RO         7193    i._printf_post_padding  mc_p.l(printfa.o)
    0x0801261c   0x0801261c   0x0000002c   Code   RO         7194    i._printf_pre_padding  mc_p.l(printfa.o)
    0x08012648   0x08012648   0x0000000a   Code   RO         7196    i._sputc            mc_p.l(printfa.o)
    0x08012652   0x08012652   0x00000002   PAD
    0x08012654   0x08012654   0x00000038   Code   RO         1283    i.at_5vt_get        at.o
    0x0801268c   0x0801268c   0x0000001c   Code   RO         1284    i.at_5vt_set        at.o
    0x080126a8   0x080126a8   0x00000034   Code   RO         1285    i.at_apn_get        at.o
    0x080126dc   0x080126dc   0x00000048   Code   RO         1286    i.at_apn_set        at.o
    0x08012724   0x08012724   0x0000000a   Code   RO         1287    i.at_cdp_run        at.o
    0x0801272e   0x0801272e   0x0000001a   Code   RO         1288    i.at_cdp_set        at.o
    0x08012748   0x08012748   0x00000030   Code   RO         1289    i.at_cfg_run        at.o
    0x08012778   0x08012778   0x00000038   Code   RO         1290    i.at_client_get     at.o
    0x080127b0   0x080127b0   0x00000048   Code   RO         1291    i.at_client_set     at.o
    0x080127f8   0x080127f8   0x00000054   Code   RO         1292    i.at_clocklog_get   at.o
    0x0801284c   0x0801284c   0x000000c0   Code   RO         1293    i.at_clocklog_set   at.o
    0x0801290c   0x0801290c   0x0000003c   Code   RO         1294    i.at_csqtime_get    at.o
    0x08012948   0x08012948   0x00000024   Code   RO         1295    i.at_csqtime_set    at.o
    0x0801296c   0x0801296c   0x00000038   Code   RO         1296    i.at_deui_get       at.o
    0x080129a4   0x080129a4   0x00000048   Code   RO         1297    i.at_deui_set       at.o
    0x080129ec   0x080129ec   0x00000038   Code   RO         1298    i.at_dnscfg_get     at.o
    0x08012a24   0x08012a24   0x00000048   Code   RO         1299    i.at_dnscfg_set     at.o
    0x08012a6c   0x08012a6c   0x0000003c   Code   RO         1300    i.at_down1t_get     at.o
    0x08012aa8   0x08012aa8   0x00000048   Code   RO         1301    i.at_down1t_set     at.o
    0x08012af0   0x08012af0   0x00000048   Code   RO         1302    i.at_ext_get        at.o
    0x08012b38   0x08012b38   0x00000078   Code   RO         1303    i.at_ext_set        at.o
    0x08012bb0   0x08012bb0   0x00000098   Code   RO         1304    i.at_fdr1_run       at.o
    0x08012c48   0x08012c48   0x000000a4   Code   RO         1305    i.at_fdr_run        at.o
    0x08012cec   0x08012cec   0x0000003c   Code   RO         1306    i.at_gdns_get       at.o
    0x08012d28   0x08012d28   0x00000024   Code   RO         1307    i.at_gdns_set       at.o
    0x08012d4c   0x08012d4c   0x0000000a   Code   RO         1308    i.at_getlog_run     at.o
    0x08012d56   0x08012d56   0x00000002   PAD
    0x08012d58   0x08012d58   0x00000024   Code   RO         1309    i.at_getlog_set     at.o
    0x08012d7c   0x08012d7c   0x00000030   Code   RO         1310    i.at_getsensorvalue_set  at.o
    0x08012dac   0x08012dac   0x00000034   Code   RO         1311    i.at_gnsst_get      at.o
    0x08012de0   0x08012de0   0x00000030   Code   RO         1312    i.at_gnsst_set      at.o
    0x08012e10   0x08012e10   0x00000030   Code   RO         1313    i.at_gps_get        at.o
    0x08012e40   0x08012e40   0x00000024   Code   RO         1314    i.at_gps_set        at.o
    0x08012e64   0x08012e64   0x0000003c   Code   RO         1315    i.at_gtdc_get       at.o
    0x08012ea0   0x08012ea0   0x0000002c   Code   RO         1316    i.at_gtdc_set       at.o
    0x08012ecc   0x08012ecc   0x0000004c   Code   RO         1317    i.at_inmod_get      at.o
    0x08012f18   0x08012f18   0x00000080   Code   RO         1318    i.at_inmod_set      at.o
    0x08012f98   0x08012f98   0x0000003c   Code   RO         1319    i.at_iotmod_get     at.o
    0x08012fd4   0x08012fd4   0x00000024   Code   RO         1320    i.at_iotmod_set     at.o
    0x08012ff8   0x08012ff8   0x00000034   Code   RO         1321    i.at_iptype_get     at.o
    0x0801302c   0x0801302c   0x00000028   Code   RO         1322    i.at_iptype_set     at.o
    0x08013054   0x08013054   0x00000050   Code   RO         1323    i.at_ldata_get      at.o
    0x080130a4   0x080130a4   0x0000003c   Code   RO         1324    i.at_mod_get        at.o
    0x080130e0   0x080130e0   0x00000188   Code   RO         1325    i.at_mod_set        at.o
    0x08013268   0x08013268   0x00000044   Code   RO         1326    i.at_model_get      at.o
    0x080132ac   0x080132ac   0x00000034   Code   RO         1327    i.at_mqos_get       at.o
    0x080132e0   0x080132e0   0x00000028   Code   RO         1328    i.at_mqos_set       at.o
    0x08013308   0x08013308   0x0000003c   Code   RO         1329    i.at_pro_get        at.o
    0x08013344   0x08013344   0x00000090   Code   RO         1330    i.at_pro_set        at.o
    0x080133d4   0x080133d4   0x0000003c   Code   RO         1331    i.at_pubtopic_get   at.o
    0x08013410   0x08013410   0x00000048   Code   RO         1332    i.at_pubtopic_set   at.o
    0x08013458   0x08013458   0x00000034   Code   RO         1333    i.at_pwd_get        at.o
    0x0801348c   0x0801348c   0x00000048   Code   RO         1334    i.at_pwd_set        at.o
    0x080134d4   0x080134d4   0x0000003c   Code   RO         1335    i.at_pword_get      at.o
    0x08013510   0x08013510   0x000000a4   Code   RO         1336    i.at_pword_set      at.o
    0x080135b4   0x080135b4   0x00000038   Code   RO         1337    i.at_qband_get      at.o
    0x080135ec   0x080135ec   0x00000054   Code   RO         1338    i.at_qband_set      at.o
    0x08013640   0x08013640   0x00000084   Code   RO         1339    i.at_qsw_run        at.o
    0x080136c4   0x080136c4   0x0000003c   Code   RO         1340    i.at_que            at.o
    0x08013700   0x08013700   0x00000010   Code   RO         1341    i.at_reset_run      at.o
    0x08013710   0x08013710   0x00000004   Code   RO         1342    i.at_return_error   at.o
    0x08013714   0x08013714   0x0000003c   Code   RO         1343    i.at_rxdl_get       at.o
    0x08013750   0x08013750   0x0000001c   Code   RO         1344    i.at_rxdl_set       at.o
    0x0801376c   0x0801376c   0x00000078   Code   RO         1345    i.at_servaddr_get   at.o
    0x080137e4   0x080137e4   0x0000007c   Code   RO         1346    i.at_servaddr_set   at.o
    0x08013860   0x08013860   0x0000003c   Code   RO         1347    i.at_sleep_get      at.o
    0x0801389c   0x0801389c   0x00000040   Code   RO         1348    i.at_sleep_set      at.o
    0x080138dc   0x080138dc   0x0000003c   Code   RO         1349    i.at_subtopic_get   at.o
    0x08013918   0x08013918   0x00000048   Code   RO         1350    i.at_subtopic_set   at.o
    0x08013960   0x08013960   0x00000038   Code   RO         1351    i.at_tdc_get        at.o
    0x08013998   0x08013998   0x0000002c   Code   RO         1352    i.at_tdc_set        at.o
    0x080139c4   0x080139c4   0x0000003c   Code   RO         1353    i.at_tlsmod_get     at.o
    0x08013a00   0x08013a00   0x00000050   Code   RO         1354    i.at_tlsmod_set     at.o
    0x08013a50   0x08013a50   0x00000038   Code   RO         1355    i.at_uname_get      at.o
    0x08013a88   0x08013a88   0x00000048   Code   RO         1356    i.at_uname_set      at.o
    0x08013ad0   0x08013ad0   0x00000038   Code   RO         1357    i.at_uri1_get       at.o
    0x08013b08   0x08013b08   0x00000048   Code   RO         1358    i.at_uri1_set       at.o
    0x08013b50   0x08013b50   0x00000038   Code   RO         1359    i.at_uri2_get       at.o
    0x08013b88   0x08013b88   0x00000048   Code   RO         1360    i.at_uri2_set       at.o
    0x08013bd0   0x08013bd0   0x00000038   Code   RO         1361    i.at_uri3_get       at.o
    0x08013c08   0x08013c08   0x00000048   Code   RO         1362    i.at_uri3_set       at.o
    0x08013c50   0x08013c50   0x00000038   Code   RO         1363    i.at_uri4_get       at.o
    0x08013c88   0x08013c88   0x00000048   Code   RO         1364    i.at_uri4_set       at.o
    0x08013cd0   0x08013cd0   0x00000038   Code   RO         1365    i.at_uri5_get       at.o
    0x08013d08   0x08013d08   0x00000048   Code   RO         1366    i.at_uri5_set       at.o
    0x08013d50   0x08013d50   0x00000038   Code   RO         1367    i.at_uri6_get       at.o
    0x08013d88   0x08013d88   0x00000048   Code   RO         1368    i.at_uri6_set       at.o
    0x08013dd0   0x08013dd0   0x00000038   Code   RO         1369    i.at_uri7_get       at.o
    0x08013e08   0x08013e08   0x00000048   Code   RO         1370    i.at_uri7_set       at.o
    0x08013e50   0x08013e50   0x00000038   Code   RO         1371    i.at_uri8_get       at.o
    0x08013e88   0x08013e88   0x00000048   Code   RO         1372    i.at_uri8_set       at.o
    0x08013ed0   0x08013ed0   0x0000002a   Code   RO         6870    i.atof              m_ps.l(atof.o)
    0x08013efa   0x08013efa   0x00000002   PAD
    0x08013efc   0x08013efc   0x00000068   Code   RO         1983    i.bg95module_off    common.o
    0x08013f64   0x08013f64   0x00000074   Code   RO         1984    i.bg95module_on     common.o
    0x08013fd8   0x08013fd8   0x00000048   Code   RO           32    i.compare_time      main.o
    0x08014020   0x08014020   0x00000978   Code   RO         1377    i.config_Get        at.o
    0x08014998   0x08014998   0x0000075c   Code   RO         1378    i.config_Set        at.o
    0x080150f4   0x080150f4   0x0000001a   Code   RO         1985    i.countchar         common.o
    0x0801510e   0x0801510e   0x00000002   PAD
    0x08015110   0x08015110   0x00000020   Code   RO          557    i.fputc             usart.o
    0x08015130   0x08015130   0x00000044   Code   RO         1936    i.getVoltage        battery_read.o
    0x08015174   0x08015174   0x0000020c   Code   RO         1986    i.get_sensorvalue   common.o
    0x08015380   0x08015380   0x000000fc   Code   RO         2855    i.get_tmp117_temp   ne117.o
    0x0801547c   0x0801547c   0x0000002e   Code   RO         1379    i.hexDetection      at.o
    0x080154aa   0x080154aa   0x00000002   PAD
    0x080154ac   0x080154ac   0x00000084   Code   RO         1988    i.is_ipv4_addr      common.o
    0x08015530   0x08015530   0x0000008c   Code   RO         1989    i.is_ipv6_addr      common.o
    0x080155bc   0x080155bc   0x00000030   Code   RO         1990    i.led_on            common.o
    0x080155ec   0x080155ec   0x00000368   Code   RO           33    i.main              main.o
    0x08015954   0x08015954   0x00000744   Code   RO         2772    i.mode_data         nb_payload.o
    0x08016098   0x08016098   0x0000002c   Code   RO         3286    i.nb_CACERT_run     nb_mqtt.o
    0x080160c4   0x080160c4   0x00000060   Code   RO         3287    i.nb_CACERT_set     nb_mqtt.o
    0x08016124   0x08016124   0x0000002c   Code   RO         3288    i.nb_CLICERT_run    nb_mqtt.o
    0x08016150   0x08016150   0x00000064   Code   RO         3289    i.nb_CLICERT_set    nb_mqtt.o
    0x080161b4   0x080161b4   0x0000002c   Code   RO         3290    i.nb_CLIKEY_run     nb_mqtt.o
    0x080161e0   0x080161e0   0x00000064   Code   RO         3291    i.nb_CLIKEY_set     nb_mqtt.o
    0x08016244   0x08016244   0x0000000c   Code   RO         3743    i.nb_COAP_close_get  nb_coap.o
    0x08016250   0x08016250   0x00000040   Code   RO         3744    i.nb_COAP_close_run  nb_coap.o
    0x08016290   0x08016290   0x00000034   Code   RO         3745    i.nb_COAP_close_set  nb_coap.o
    0x080162c4   0x080162c4   0x0000000c   Code   RO         3746    i.nb_COAP_config_get  nb_coap.o
    0x080162d0   0x080162d0   0x00000040   Code   RO         3747    i.nb_COAP_config_run  nb_coap.o
    0x08016310   0x08016310   0x0000003c   Code   RO         3748    i.nb_COAP_config_set  nb_coap.o
    0x0801634c   0x0801634c   0x0000000c   Code   RO         3749    i.nb_COAP_header_get  nb_coap.o
    0x08016358   0x08016358   0x00000040   Code   RO         3750    i.nb_COAP_header_run  nb_coap.o
    0x08016398   0x08016398   0x0000003c   Code   RO         3751    i.nb_COAP_header_set  nb_coap.o
    0x080163d4   0x080163d4   0x0000000c   Code   RO         3752    i.nb_COAP_open_get  nb_coap.o
    0x080163e0   0x080163e0   0x00000040   Code   RO         3753    i.nb_COAP_open_run  nb_coap.o
    0x08016420   0x08016420   0x000000bc   Code   RO         3754    i.nb_COAP_open_set  nb_coap.o
    0x080164dc   0x080164dc   0x0000000c   Code   RO         3755    i.nb_COAP_option1_get  nb_coap.o
    0x080164e8   0x080164e8   0x0000002c   Code   RO         3756    i.nb_COAP_option1_run  nb_coap.o
    0x08016514   0x08016514   0x00000068   Code   RO         3757    i.nb_COAP_option1_set  nb_coap.o
    0x0801657c   0x0801657c   0x0000000c   Code   RO         3758    i.nb_COAP_option2_get  nb_coap.o
    0x08016588   0x08016588   0x0000002c   Code   RO         3759    i.nb_COAP_option2_run  nb_coap.o
    0x080165b4   0x080165b4   0x00000068   Code   RO         3760    i.nb_COAP_option2_set  nb_coap.o
    0x0801661c   0x0801661c   0x0000000c   Code   RO         3761    i.nb_COAP_option3_get  nb_coap.o
    0x08016628   0x08016628   0x0000002c   Code   RO         3762    i.nb_COAP_option3_run  nb_coap.o
    0x08016654   0x08016654   0x00000068   Code   RO         3763    i.nb_COAP_option3_set  nb_coap.o
    0x080166bc   0x080166bc   0x0000000c   Code   RO         3764    i.nb_COAP_option4_get  nb_coap.o
    0x080166c8   0x080166c8   0x0000002c   Code   RO         3765    i.nb_COAP_option4_run  nb_coap.o
    0x080166f4   0x080166f4   0x00000068   Code   RO         3766    i.nb_COAP_option4_set  nb_coap.o
    0x0801675c   0x0801675c   0x0000000c   Code   RO         3767    i.nb_COAP_option5_get  nb_coap.o
    0x08016768   0x08016768   0x0000002c   Code   RO         3768    i.nb_COAP_option5_run  nb_coap.o
    0x08016794   0x08016794   0x00000068   Code   RO         3769    i.nb_COAP_option5_set  nb_coap.o
    0x080167fc   0x080167fc   0x0000000c   Code   RO         3770    i.nb_COAP_option6_get  nb_coap.o
    0x08016808   0x08016808   0x0000002c   Code   RO         3771    i.nb_COAP_option6_run  nb_coap.o
    0x08016834   0x08016834   0x00000068   Code   RO         3772    i.nb_COAP_option6_set  nb_coap.o
    0x0801689c   0x0801689c   0x0000000c   Code   RO         3773    i.nb_COAP_option7_get  nb_coap.o
    0x080168a8   0x080168a8   0x0000002c   Code   RO         3774    i.nb_COAP_option7_run  nb_coap.o
    0x080168d4   0x080168d4   0x00000068   Code   RO         3775    i.nb_COAP_option7_set  nb_coap.o
    0x0801693c   0x0801693c   0x0000000c   Code   RO         3776    i.nb_COAP_option8_get  nb_coap.o
    0x08016948   0x08016948   0x0000002c   Code   RO         3777    i.nb_COAP_option8_run  nb_coap.o
    0x08016974   0x08016974   0x00000068   Code   RO         3778    i.nb_COAP_option8_set  nb_coap.o
    0x080169dc   0x080169dc   0x000000e8   Code   RO         3779    i.nb_COAP_read_get  nb_coap.o
    0x08016ac4   0x08016ac4   0x00000020   Code   RO         3780    i.nb_COAP_read_run  nb_coap.o
    0x08016ae4   0x08016ae4   0x00000030   Code   RO         3781    i.nb_COAP_send_config_run  nb_coap.o
    0x08016b14   0x08016b14   0x00000060   Code   RO         3782    i.nb_COAP_send_config_set  nb_coap.o
    0x08016b74   0x08016b74   0x00000030   Code   RO         3783    i.nb_COAP_send_run  nb_coap.o
    0x08016ba4   0x08016ba4   0x00000058   Code   RO         3784    i.nb_COAP_send_set  nb_coap.o
    0x08016bfc   0x08016bfc   0x00000058   Code   RO         3785    i.nb_COAP_uri_run   nb_coap.o
    0x08016c54   0x08016c54   0x00000060   Code   RO         3292    i.nb_MQTT_close_run  nb_mqtt.o
    0x08016cb4   0x08016cb4   0x0000000c   Code   RO         3293    i.nb_MQTT_close_set  nb_mqtt.o
    0x08016cc0   0x08016cc0   0x00000068   Code   RO         3294    i.nb_MQTT_config_set  nb_mqtt.o
    0x08016d28   0x08016d28   0x0000002c   Code   RO         3295    i.nb_MQTT_conn_run  nb_mqtt.o
    0x08016d54   0x08016d54   0x000000b0   Code   RO         3296    i.nb_MQTT_conn_set  nb_mqtt.o
    0x08016e04   0x08016e04   0x0000000c   Code   RO         3297    i.nb_MQTT_data_read_run  nb_mqtt.o
    0x08016e10   0x08016e10   0x000000d8   Code   RO         3298    i.nb_MQTT_data_read_set  nb_mqtt.o
    0x08016ee8   0x08016ee8   0x00000060   Code   RO         3299    i.nb_MQTT_disc_run  nb_mqtt.o
    0x08016f48   0x08016f48   0x0000000c   Code   RO         3300    i.nb_MQTT_disc_set  nb_mqtt.o
    0x08016f54   0x08016f54   0x0000002c   Code   RO         3301    i.nb_MQTT_open_run  nb_mqtt.o
    0x08016f80   0x08016f80   0x000000c4   Code   RO         3302    i.nb_MQTT_open_set  nb_mqtt.o
    0x08017044   0x08017044   0x00000030   Code   RO         3303    i.nb_MQTT_pub1_run  nb_mqtt.o
    0x08017074   0x08017074   0x000000e4   Code   RO         3304    i.nb_MQTT_pub1_set  nb_mqtt.o
    0x08017158   0x08017158   0x00000030   Code   RO         3305    i.nb_MQTT_pub2_run  nb_mqtt.o
    0x08017188   0x08017188   0x000000ac   Code   RO         3306    i.nb_MQTT_pub2_set  nb_mqtt.o
    0x08017234   0x08017234   0x00000030   Code   RO         3307    i.nb_MQTT_pub3_run  nb_mqtt.o
    0x08017264   0x08017264   0x000000b0   Code   RO         3308    i.nb_MQTT_pub3_set  nb_mqtt.o
    0x08017314   0x08017314   0x00000030   Code   RO         3309    i.nb_MQTT_pub5_run  nb_mqtt.o
    0x08017344   0x08017344   0x000000ac   Code   RO         3310    i.nb_MQTT_pub5_set  nb_mqtt.o
    0x080173f0   0x080173f0   0x00000030   Code   RO         3311    i.nb_MQTT_pub_run   nb_mqtt.o
    0x08017420   0x08017420   0x000000ac   Code   RO         3312    i.nb_MQTT_pub_set   nb_mqtt.o
    0x080174cc   0x080174cc   0x00000030   Code   RO         3313    i.nb_MQTT_send_run  nb_mqtt.o
    0x080174fc   0x080174fc   0x0000007c   Code   RO         3314    i.nb_MQTT_send_set  nb_mqtt.o
    0x08017578   0x08017578   0x00000030   Code   RO         3315    i.nb_MQTT_sub_run   nb_mqtt.o
    0x080175a8   0x080175a8   0x00000110   Code   RO         3316    i.nb_MQTT_sub_set   nb_mqtt.o
    0x080176b8   0x080176b8   0x0000016c   Code   RO         3317    i.nb_MQTT_uri_run   nb_mqtt.o
    0x08017824   0x08017824   0x0000002c   Code   RO         3318    i.nb_QMTCFGSSL_run  nb_mqtt.o
    0x08017850   0x08017850   0x00000050   Code   RO         3319    i.nb_QMTCFGSSL_set  nb_mqtt.o
    0x080178a0   0x080178a0   0x0000002c   Code   RO         3320    i.nb_QSSLCFG_run    nb_mqtt.o
    0x080178cc   0x080178cc   0x00000074   Code   RO         3321    i.nb_QSSLCFG_set    nb_mqtt.o
    0x08017940   0x08017940   0x00000060   Code   RO         3635    i.nb_TCP_close_run  nb_tcp.o
    0x080179a0   0x080179a0   0x0000000c   Code   RO         3636    i.nb_TCP_close_set  nb_tcp.o
    0x080179ac   0x080179ac   0x00000030   Code   RO         3637    i.nb_TCP_data_run   nb_tcp.o
    0x080179dc   0x080179dc   0x0000002c   Code   RO         3638    i.nb_TCP_data_set   nb_tcp.o
    0x08017a08   0x08017a08   0x0000002c   Code   RO         3639    i.nb_TCP_open_run   nb_tcp.o
    0x08017a34   0x08017a34   0x000000cc   Code   RO         3640    i.nb_TCP_open_set   nb_tcp.o
    0x08017b00   0x08017b00   0x0000002c   Code   RO         3641    i.nb_TCP_qird_run   nb_tcp.o
    0x08017b2c   0x08017b2c   0x00000054   Code   RO         3642    i.nb_TCP_qird_set   nb_tcp.o
    0x08017b80   0x08017b80   0x00000134   Code   RO         3643    i.nb_TCP_read_get   nb_tcp.o
    0x08017cb4   0x08017cb4   0x00000020   Code   RO         3644    i.nb_TCP_read_run   nb_tcp.o
    0x08017cd4   0x08017cd4   0x00000040   Code   RO         3645    i.nb_TCP_send_run   nb_tcp.o
    0x08017d14   0x08017d14   0x0000007c   Code   RO         3646    i.nb_TCP_send_set   nb_tcp.o
    0x08017d90   0x08017d90   0x0000002c   Code   RO         3647    i.nb_TCP_sendex_run  nb_tcp.o
    0x08017dbc   0x08017dbc   0x0000007c   Code   RO         3648    i.nb_TCP_sendex_set  nb_tcp.o
    0x08017e38   0x08017e38   0x00000068   Code   RO         3649    i.nb_TCP_uri_run    nb_tcp.o
    0x08017ea0   0x08017ea0   0x00000060   Code   RO         3524    i.nb_UDP_close_run  nb_udp.o
    0x08017f00   0x08017f00   0x0000000c   Code   RO         3525    i.nb_UDP_close_set  nb_udp.o
    0x08017f0c   0x08017f0c   0x00000030   Code   RO         3526    i.nb_UDP_data_run   nb_udp.o
    0x08017f3c   0x08017f3c   0x0000002c   Code   RO         3527    i.nb_UDP_data_set   nb_udp.o
    0x08017f68   0x08017f68   0x0000002c   Code   RO         3528    i.nb_UDP_open_run   nb_udp.o
    0x08017f94   0x08017f94   0x00000150   Code   RO         3529    i.nb_UDP_open_set   nb_udp.o
    0x080180e4   0x080180e4   0x0000002c   Code   RO         3530    i.nb_UDP_qird_run   nb_udp.o
    0x08018110   0x08018110   0x00000070   Code   RO         3531    i.nb_UDP_qird_set   nb_udp.o
    0x08018180   0x08018180   0x00000130   Code   RO         3532    i.nb_UDP_read_get   nb_udp.o
    0x080182b0   0x080182b0   0x00000020   Code   RO         3533    i.nb_UDP_read_run   nb_udp.o
    0x080182d0   0x080182d0   0x0000002c   Code   RO         3534    i.nb_UDP_send_run   nb_udp.o
    0x080182fc   0x080182fc   0x000000e4   Code   RO         3535    i.nb_UDP_send_set   nb_udp.o
    0x080183e0   0x080183e0   0x0000002c   Code   RO         3536    i.nb_UDP_sendex_run  nb_udp.o
    0x0801840c   0x0801840c   0x00000080   Code   RO         3537    i.nb_UDP_sendex_set  nb_udp.o
    0x0801848c   0x0801848c   0x00000068   Code   RO         3538    i.nb_UDP_uri_run    nb_udp.o
    0x080184f4   0x080184f4   0x00000038   Code   RO         2968    i.nb_at_run         nbinit.o
    0x0801852c   0x0801852c   0x00000094   Code   RO         2969    i.nb_at_send        nbinit.o
    0x080185c0   0x080185c0   0x00000038   Code   RO         2970    i.nb_ate_run        nbinit.o
    0x080185f8   0x080185f8   0x000000dc   Code   RO         2971    i.nb_cclk2_get      nbinit.o
    0x080186d4   0x080186d4   0x00000058   Code   RO         2972    i.nb_cclk2_run      nbinit.o
    0x0801872c   0x0801872c   0x000000bc   Code   RO         2973    i.nb_cclk_get       nbinit.o
    0x080187e8   0x080187e8   0x00000058   Code   RO         2974    i.nb_cclk_run       nbinit.o
    0x08018840   0x08018840   0x0000000c   Code   RO         2975    i.nb_cgdcont_get    nbinit.o
    0x0801884c   0x0801884c   0x00000030   Code   RO         2976    i.nb_cgdcont_run    nbinit.o
    0x0801887c   0x0801887c   0x00000050   Code   RO         2977    i.nb_cgdcont_set    nbinit.o
    0x080188cc   0x080188cc   0x00000068   Code   RO         2978    i.nb_cgmm_get       nbinit.o
    0x08018934   0x08018934   0x0000004c   Code   RO         2979    i.nb_cgmm_run       nbinit.o
    0x08018980   0x08018980   0x00000078   Code   RO         2980    i.nb_cgsn_get       nbinit.o
    0x080189f8   0x080189f8   0x00000078   Code   RO         2981    i.nb_cimi_get       nbinit.o
    0x08018a70   0x08018a70   0x00000098   Code   RO         2982    i.nb_csq_get        nbinit.o
    0x08018b08   0x08018b08   0x0000001c   Code   RO           34    i.nb_intTimeoutEvent  main.o
    0x08018b24   0x08018b24   0x0000000c   Code   RO         2983    i.nb_iotm_get       nbinit.o
    0x08018b30   0x08018b30   0x00000030   Code   RO         2984    i.nb_iotm_run       nbinit.o
    0x08018b60   0x08018b60   0x00000050   Code   RO         2985    i.nb_iotm_set       nbinit.o
    0x08018bb0   0x08018bb0   0x00000004   Code   RO         2986    i.nb_null_run       nbinit.o
    0x08018bb4   0x08018bb4   0x0000000c   Code   RO         2987    i.nb_qband_get      nbinit.o
    0x08018bc0   0x08018bc0   0x00000030   Code   RO         2988    i.nb_qband_run      nbinit.o
    0x08018bf0   0x08018bf0   0x0000004c   Code   RO         2989    i.nb_qband_set      nbinit.o
    0x08018c3c   0x08018c3c   0x00000140   Code   RO         2990    i.nb_qdns_get       nbinit.o
    0x08018d7c   0x08018d7c   0x00000038   Code   RO         2991    i.nb_qdns_run       nbinit.o
    0x08018db4   0x08018db4   0x00000084   Code   RO         2992    i.nb_qdns_set       nbinit.o
    0x08018e38   0x08018e38   0x00000044   Code   RO         2993    i.nb_qdnscfg_run    nbinit.o
    0x08018e7c   0x08018e7c   0x00000054   Code   RO         2994    i.nb_qdnscfg_set    nbinit.o
    0x08018ed0   0x08018ed0   0x00000044   Code   RO         2995    i.nb_qgps_run       nbinit.o
    0x08018f14   0x08018f14   0x00000038   Code   RO         2996    i.nb_qgps_set       nbinit.o
    0x08018f4c   0x08018f4c   0x00000118   Code   RO         2997    i.nb_qgpsloc_get    nbinit.o
    0x08019064   0x08019064   0x00000058   Code   RO         2998    i.nb_qgpsloc_run    nbinit.o
    0x080190bc   0x080190bc   0x00000030   Code   RO         2999    i.nb_qgpssend_run   nbinit.o
    0x080190ec   0x080190ec   0x0000003c   Code   RO         3000    i.nb_qgpssend_set   nbinit.o
    0x08019128   0x08019128   0x0000000c   Code   RO         3001    i.nb_qiact_get      nbinit.o
    0x08019134   0x08019134   0x00000030   Code   RO         3002    i.nb_qiact_run      nbinit.o
    0x08019164   0x08019164   0x0000003c   Code   RO         3003    i.nb_qiact_set      nbinit.o
    0x080191a0   0x080191a0   0x0000000c   Code   RO         3004    i.nb_qicfg_get      nbinit.o
    0x080191ac   0x080191ac   0x00000030   Code   RO         3005    i.nb_qicfg_run      nbinit.o
    0x080191dc   0x080191dc   0x0000007c   Code   RO         3006    i.nb_qicfg_set      nbinit.o
    0x08019258   0x08019258   0x0000000c   Code   RO         3007    i.nb_qicsgp_get     nbinit.o
    0x08019264   0x08019264   0x00000030   Code   RO         3008    i.nb_qicsgp_run     nbinit.o
    0x08019294   0x08019294   0x00000098   Code   RO         3009    i.nb_qicsgp_set     nbinit.o
    0x0801932c   0x0801932c   0x0000000c   Code   RO         3010    i.nb_qideact_get    nbinit.o
    0x08019338   0x08019338   0x00000030   Code   RO         3011    i.nb_qideact_run    nbinit.o
    0x08019368   0x08019368   0x0000003c   Code   RO         3012    i.nb_qideact_set    nbinit.o
    0x080193a4   0x080193a4   0x00000088   Code   RO         3013    i.nb_qnwinfo_get    nbinit.o
    0x0801942c   0x0801942c   0x00000054   Code   RO         3014    i.nb_qnwinfo_run    nbinit.o
    0x08019480   0x08019480   0x00000044   Code   RO         1991    i.new_firmware_update  common.o
    0x080194c4   0x080194c4   0x00000024   Code   RO           35    i.onCalibrationtimeEvent  main.o
    0x080194e8   0x080194e8   0x0000067c   Code   RO         2773    i.pro_data          nb_payload.o
    0x08019b64   0x08019b64   0x000005d4   Code   RO         2774    i.pro_data_thingspeak  nb_payload.o
    0x0801a138   0x0801a138   0x00000080   Code   RO         1992    i.product_information_print  common.o
    0x0801a1b8   0x0801a1b8   0x00000168   Code   RO         1993    i.reboot_information_print  common.o
    0x0801a320   0x0801a320   0x00000094   Code   RO           36    i.rename_ble        main.o
    0x0801a3b4   0x0801a3b4   0x00000026   Code   RO         1380    i.rtrim             at.o
    0x0801a3da   0x0801a3da   0x00000002   PAD
    0x0801a3dc   0x0801a3dc   0x000008bc   Code   RO         1994    i.rxPayLoadDeal     common.o
    0x0801ac98   0x0801ac98   0x00000218   Code   RO         2346    i.sht20Data         sht20.o
    0x0801aeb0   0x0801aeb0   0x00000048   Code   RO         2347    i.sht2x_Detect      sht20.o
    0x0801aef8   0x0801aef8   0x000001a4   Code   RO         2373    i.sht31Data         sht31.o
    0x0801b09c   0x0801b09c   0x0000002c   Code   RO         2374    i.sht31Init         sht31.o
    0x0801b0c8   0x0801b0c8   0x0000002c   Code   RO         2375    i.sht31LowPower     sht31.o
    0x0801b0f4   0x0801b0f4   0x00000048   Code   RO         2376    i.sht3x_Detect      sht31.o
    0x0801b13c   0x0801b13c   0x00000090   Code   RO         1995    i.shtDataClear      common.o
    0x0801b1cc   0x0801b1cc   0x00000044   Code   RO         1996    i.shtDataINIT       common.o
    0x0801b210   0x0801b210   0x0000052c   Code   RO         1997    i.shtDataPrint      common.o
    0x0801b73c   0x0801b73c   0x00000200   Code   RO         1998    i.shtDataWrite      common.o
    0x0801b93c   0x0801b93c   0x0000001e   Code   RO         1381    i.space_fun         at.o
    0x0801b95a   0x0801b95a   0x00000002   PAD
    0x0801b95c   0x0801b95c   0x00000088   Code   RO         3015    i.stored_datalog    nbinit.o
    0x0801b9e4   0x0801b9e4   0x00000038   Code   RO         1999    i.string_touint     common.o
    0x0801ba1c   0x0801ba1c   0x00000014   Code   RO         2807    i.tiny_sscanf       tiny_sscanf.o
    0x0801ba30   0x0801ba30   0x00000254   Code   RO         2808    i.tiny_vfscanf      tiny_sscanf.o
    0x0801bc84   0x0801bc84   0x00000094   Code   RO         2856    i.tmp117_connect    ne117.o
    0x0801bd18   0x0801bd18   0x00000f3c   Code   RO         2000    i.txPayLoadDeal     common.o
    0x0801cc54   0x0801cc54   0x000000e4   Code   RO         2001    i.txPayLoadDeal2    common.o
    0x0801cd38   0x0801cd38   0x00000044   Code   RO          558    i.uart1_Init        usart.o
    0x0801cd7c   0x0801cd7c   0x0000003c   Code   RO          559    i.uart1_IoDeInit    usart.o
    0x0801cdb8   0x0801cdb8   0x00000258   Code   RO           37    i.user_key_event    main.o
    0x0801d010   0x0801d010   0x0000006c   Code   RO         2746    i.waitbusy          lidar.o
    0x0801d07c   0x0801d07c   0x00000018   Data   RO           39    .constdata          main.o
    0x0801d094   0x0801d094   0x00000018   Data   RO          859    .constdata          hw_rtc.o
    0x0801d0ac   0x0801d0ac   0x00000480   Data   RO         1383    .constdata          at.o
    0x0801d52c   0x0801d52c   0x000007e0   Data   RO         3018    .constdata          nbinit.o
    0x0801dd0c   0x0801dd0c   0x000007e0   Data   RO         3323    .constdata          nb_mqtt.o
    0x0801e4ec   0x0801e4ec   0x000007e0   Data   RO         3539    .constdata          nb_udp.o
    0x0801eccc   0x0801eccc   0x000007e0   Data   RO         3650    .constdata          nb_tcp.o
    0x0801f4ac   0x0801f4ac   0x000007e0   Data   RO         3786    .constdata          nb_coap.o
    0x0801fc8c   0x0801fc8c   0x00000019   Data   RO         6839    .constdata          system_stm32l0xx.o
    0x0801fca5   0x0801fca5   0x00000008   Data   RO         6840    .constdata          system_stm32l0xx.o
    0x0801fcad   0x0801fcad   0x00000081   Data   RO         6885    .constdata          mc_p.l(ctype_o.o)
    0x0801fd2e   0x0801fd2e   0x00000002   PAD
    0x0801fd30   0x0801fd30   0x00000004   Data   RO         6886    .constdata          mc_p.l(ctype_o.o)
    0x0801fd34   0x0801fd34   0x0000000c   Data   RO         6921    .constdata          mc_p.l(mktime.o)
    0x0801fd40   0x0801fd40   0x00000056   Data   RO         6924    .constdata          mc_p.l(strftime.o)
    0x0801fd96   0x0801fd96   0x0000000c   Data   RO         7269    .constdata          mc_p.l(localtime_i.o)
    0x0801fda2   0x0801fda2   0x00000002   PAD
    0x0801fda4   0x0801fda4   0x00000067   Data   RO           41    .conststring        main.o
    0x0801fe0b   0x0801fe0b   0x00000001   PAD
    0x0801fe0c   0x0801fe0c   0x00000b0f   Data   RO         1384    .conststring        at.o
    0x0802091b   0x0802091b   0x00000001   PAD
    0x0802091c   0x0802091c   0x000000b9   Data   RO         2005    .conststring        common.o
    0x080209d5   0x080209d5   0x00000003   PAD
    0x080209d8   0x080209d8   0x0000008b   Data   RO         2775    .conststring        nb_payload.o
    0x08020a63   0x08020a63   0x00000001   PAD
    0x08020a64   0x08020a64   0x000000ae   Data   RO         3019    .conststring        nbinit.o
    0x08020b12   0x08020b12   0x00000002   PAD
    0x08020b14   0x08020b14   0x00000020   Data   RO         7316    Region$$Table       anon$$obj.o


    Execution Region RW_IRAM1 (Exec base: 0x20000000, Load base: 0x08020b34, Size: 0x00003388, Max: 0x00005000, ABSOLUTE, COMPRESSED[0x00000028])

    Exec Addr    Load Addr    Size         Type   Attr      Idx    E Section Name        Object

    0x20000000   COMPRESSED   0x00000031   Data   RW           43    .data               main.o
    0x20000031   COMPRESSED   0x00000001   PAD
    0x20000032   COMPRESSED   0x00000004   Data   RW          860    .data               hw_rtc.o
    0x20000036   COMPRESSED   0x00000002   PAD
    0x20000038   COMPRESSED   0x00000008   Data   RW         1165    .data               low_power_manager.o
    0x20000040   COMPRESSED   0x0000000a   Data   RW         1385    .data               at.o
    0x2000004a   COMPRESSED   0x00000006   PAD
    0x20000050   COMPRESSED   0x000000b8   Data   RW         2006    .data               common.o
    0x20000108   COMPRESSED   0x00000008   Data   RW         2179    .data               flash_eraseprogram.o
    0x20000110   COMPRESSED   0x00000034   Data   RW         2253    .data               time_server.o
    0x20000144   COMPRESSED   0x00000008   Data   RW         2377    .data               sht31.o
    0x2000014c   COMPRESSED   0x00000010   Data   RW         2427    .data               ds18b20.o
    0x2000015c   COMPRESSED   0x0000000c   Data   RW         2521    .data               weight.o
    0x20000168   COMPRESSED   0x00000054   Data   RW         3020    .data               nbinit.o
    0x200001bc   COMPRESSED   0x00000001   Data   RW         3325    .data               nb_mqtt.o
    0x200001bd   COMPRESSED   0x00000001   PAD
    0x200001be   COMPRESSED   0x00000002   Data   RW         3541    .data               nb_udp.o
    0x200001c0   COMPRESSED   0x0000000c   Data   RW         4286    .data               stm32l0xx_hal.o
    0x200001cc   COMPRESSED   0x00000004   Data   RW         6841    .data               system_stm32l0xx.o
    0x200001d0   COMPRESSED   0x00000004   Data   RW         7258    .data               mc_p.l(stdout.o)
    0x200001d4   COMPRESSED   0x00000004   Data   RW         7278    .data               mc_p.l(errno.o)
    0x200001d8        -       0x0000026c   Zero   RW           38    .bss                main.o
    0x20000444        -       0x0000005c   Zero   RW          438    .bss                adc.o
    0x200004a0        -       0x0000004c   Zero   RW          495    .bss                i2c.o
    0x200004ec        -       0x00000010   Zero   RW          526    .bss                iwdg.o
    0x200004fc        -       0x000001d4   Zero   RW          560    .bss                usart.o
    0x200006d0        -       0x00000068   Zero   RW          858    .bss                hw_rtc.o
    0x20000738        -       0x000008d4   Zero   RW         1382    .bss                at.o
    0x2000100c        -       0x0000000a   Zero   RW         2002    .bss                common.o
    0x20001016        -       0x00000578   Zero   RW         2003    .bss                common.o
    0x2000158e        -       0x000008cf   Zero   RW         2004    .bss                common.o
    0x20001e5d   COMPRESSED   0x00000003   PAD
    0x20001e60        -       0x0000000c   Zero   RW         2178    .bss                flash_eraseprogram.o
    0x20001e6c        -       0x00000014   Zero   RW         2631    .bss                ult.o
    0x20001e80        -       0x00000028   Zero   RW         2857    .bss                ne117.o
    0x20001ea8        -       0x000002c8   Zero   RW         3016    .bss                nbinit.o
    0x20002170        -       0x00000200   Zero   RW         3017    .bss                nbinit.o
    0x20002370        -       0x00000bb8   Zero   RW         3322    .bss                nb_mqtt.o
    0x20002f28        -       0x00000018   Zero   RW         5263    .bss                stm32l0xx_hal_flash.o
    0x20002f40        -       0x0000001a   Zero   RW         6927    .bss                mc_p.l(asctime_s.o)
    0x20002f5a   COMPRESSED   0x00000002   PAD
    0x20002f5c        -       0x0000002c   Zero   RW         7266    .bss                mc_p.l(localtime_w.o)
    0x20002f88        -       0x00000400   Zero   RW            1    STACK               startup_stm32l072xx.o


==============================================================================

Image component sizes


      Code (inc. data)   RO Data    RW Data    ZI Data      Debug   Object Name

       144         22          0          0         92       1439   adc.o
     10936       2422       3983         10       2260      68267   at.o
       428        134          0          0          0       1900   battery_read.o
     11692       2252        185        184       3665      29828   common.o
        40          4          0          0          0        714   dma.o
      1646        124          0         16          0       9333   ds18b20.o
       220         90          0          8         12       2582   flash_eraseprogram.o
       364         30          0          0          0       1027   gpio.o
      1344        114         24          4        104      14476   hw_rtc.o
       180         26          0          0         76       1553   i2c.o
        44         12          0          0         16        655   iwdg.o
       420        124          0          0          0       1507   lidar.o
        80         10          0          8          0       1628   low_power_manager.o
        88         14          0          0          0       1002   lowpower.o
      3964        562        127         49        620     458191   main.o
      2576       1018       2016          0          0      24345   nb_coap.o
      3736       1646       2016          1       3000      21234   nb_mqtt.o
      5012       1226        139          0          0       6683   nb_payload.o
      1376        466       2016          0          0       9578   nb_tcp.o
      1620        540       2016          2          0       9934   nb_udp.o
     14712       6306       2190         84       1224      39847   nbinit.o
      1320        148          0          0         40      10328   ne117.o
       608        136          0          0          0       1423   sht20.o
       580        142          0          8          0       3046   sht31.o
        28          8        192          0       1024        620   startup_stm32l072xx.o
       204         36          0         12          0      10100   stm32l0xx_hal.o
      1030         36          0          0          0       5922   stm32l0xx_hal_adc.o
       170          0          0          0          0       1414   stm32l0xx_hal_adc_ex.o
       148         24          0          0          0      12097   stm32l0xx_hal_cortex.o
       604         12          0          0          0       4950   stm32l0xx_hal_dma.o
       448         60          0          0         24       4415   stm32l0xx_hal_flash.o
       360         60          0          0          0       5727   stm32l0xx_hal_flash_ex.o
       442         38          0          0          0       4147   stm32l0xx_hal_gpio.o
      2138         62          0          0          0      15069   stm32l0xx_hal_i2c.o
       146          0          0          0          0       1899   stm32l0xx_hal_i2c_ex.o
       116         20          0          0          0       1747   stm32l0xx_hal_iwdg.o
       116         10          0          0          0       1888   stm32l0xx_hal_msp.o
       116         16          0          0          0       1255   stm32l0xx_hal_pwr.o
        32          8          0          0          0       1033   stm32l0xx_hal_pwr_ex.o
      1778         96          0          0          0       5720   stm32l0xx_hal_rcc.o
       396         14          0          0          0       1464   stm32l0xx_hal_rcc_ex.o
      1604         36          0          0          0       9966   stm32l0xx_hal_rtc.o
        84          0          0          0          0       2842   stm32l0xx_hal_rtc_ex.o
      2738        114          0          0          0      16822   stm32l0xx_hal_uart.o
       188          4          0          0          0       2624   stm32l0xx_hal_uart_ex.o
       142         30          0          0          0       5269   stm32l0xx_it.o
        88         22         33          4          0       1203   system_stm32l0xx.o
      1092         54          0         52          0      11329   time_server.o
       642         22          0          0          0       3910   tiny_sscanf.o
         0          0          0          0          0       3456   trace.o
       276         68          0          0         20       3314   ult.o
       544        136          0          0          0       3538   ultrasound.o
       664         72          0          0        468       5075   usart.o
       508         62          0         12          0       5168   weight.o

    ----------------------------------------------------------------------
     80022      18688      14977        464      12648     874503   Object Totals
         0          0         32          0          0          0   (incl. Generated)
        50          0          8         10          3          0   (incl. Padding)

    ----------------------------------------------------------------------

      Code (inc. data)   RO Data    RW Data    ZI Data      Debug   Library Member Name

        42          0          0          0          0         76   atof.o
        86          0          0          0          0          0   __dczerorl2.o
        30          0          0          0          0         60   _chval.o
        68          0          0          0          0         76   _sgetc.o
       166          0          0          0          0         84   _strtoul.o
        60         30          0          0         26         68   asctime_s.o
        26          0          0          0          0         72   atoi.o
        12          0          0          0          0         68   ctime.o
         8          4        133          0          0         60   ctype_o.o
         0          0          0          0          0          0   entry.o
         0          0          0          0          0          0   entry10a.o
         0          0          0          0          0          0   entry11a.o
         8          4          0          0          0          0   entry2.o
         4          0          0          0          0          0   entry5.o
         0          0          0          0          0          0   entry7b.o
         0          0          0          0          0          0   entry8b.o
         8          4          0          0          0          0   entry9a.o
        32         16          0          4          0        180   errno.o
        30          0          0          0          0          0   handlers.o
        40          0          0          0          0         72   idiv.o
        36          8          0          0          0         68   init.o
        18          0          0          0          0         68   isspace_o.o
         0          0          0          0          0          0   iusefp.o
       122          0          0          0          0         84   llmul.o
        32          0          0          0          0         68   llshl.o
        38          0          0          0          0         68   llsshr.o
        34          0          0          0          0         68   llushr.o
       116         12         12          0          0         72   localtime_i.o
        16          6          0          0         44         68   localtime_w.o
        36          0          0          0          0         60   memcpya.o
        36          0          0          0          0        100   memseta.o
       140         16         12          0          0         72   mktime.o
      2302        102          0          0          0        556   printfa.o
       898         12          0          0          0        184   scanf_fp.o
         0          0          0          4          0          0   stdout.o
        24          0          0          0          0         60   strcat.o
        20          0          0          0          0         60   strchr.o
        28          0          0          0          0         68   strcmp.o
       940        272         86          0          0        136   strftime.o
        14          0          0          0          0         60   strlen.o
        26          0          0          0          0         68   strncpy.o
        32          0          0          0          0         60   strrchr.o
        40          0          0          0          0         72   strstr.o
       164         16          0          0          0        120   strtod.o
       112          4          0          0          0         76   strtol.o
        12          0          0          0          0         60   toupper.o
        44          0          0          0          0         72   uidiv.o
        96          0          0          0          0         84   uldiv.o
        20          0          0          0          0         60   uread4.o
        40          2          0          0          0         68   cdrcmple.o
        56          0          0          0          0         68   d2f.o
       356          4          0          0          0        140   dadd.o
       240          6          0          0          0         84   ddiv.o
       236          0          0          0          0        216   depilogue.o
        72         10          0          0          0         72   dfixi.o
        64         10          0          0          0         68   dfixul.o
        40          6          0          0          0         68   dflti.o
        28          4          0          0          0         68   dfltui.o
        28          6          0          0          0         68   dfltul.o
       208          6          0          0          0         88   dmul.o
        44          0          0          0          0         72   dscalb.o
        40          0          0          0          0         60   f2d.o
       124          0          0          0          0         72   fdiv.o
       130          0          0          0          0        144   fepilogue.o
        50          0          0          0          0         60   ffixi.o
        40          0          0          0          0         60   ffixui.o
        22          0          0          0          0         68   fflti.o
       122          0          0          0          0         72   fmul.o

    ----------------------------------------------------------------------
      7974        560        247          8         72       5024   Library Totals
        18          0          4          0          2          0   (incl. Padding)

    ----------------------------------------------------------------------

      Code (inc. data)   RO Data    RW Data    ZI Data      Debug   Library Name

        42          0          0          0          0         76   m_ps.l
      5974        506        243          8         70       3332   mc_p.l
      1940         54          0          0          0       1616   mf_p.l

    ----------------------------------------------------------------------
      7974        560        247          8         72       5024   Library Totals

    ----------------------------------------------------------------------

==============================================================================


      Code (inc. data)   RO Data    RW Data    ZI Data      Debug   

     87996      19248      15224        472      12720     852771   Grand Totals
     87996      19248      15224         40      12720     852771   ELF Image Totals (compressed)
     87996      19248      15224         40          0          0   ROM Totals

==============================================================================

    Total RO  Size (Code + RO Data)               103220 ( 100.80kB)
    Total RW  Size (RW Data + ZI Data)             13192 (  12.88kB)
    Total ROM Size (Code + RO Data + RW Data)     103260 ( 100.84kB)

==============================================================================

